36.57.64.205 - - [27/Oct/2021:13:53:34 +0700] "GET /images/app-screen/screen5.jpg HTTP/1.1" 200 29592 "https://www.radmed.co.id/" "Mozilla/5.0 (iPhone; CPU iPhone OS 11_4_1 like Mac OS X) AppleWebKit/605.1.15 (KHTML, like Gecko) Mobile/15G77 ChannelId(73) NebulaSDK/1.8.100112 Nebula PSDType(1) AlipayDefined(nt:4G,ws:320|504|2.0) AliApp(AP/10.1.30.300) AlipayClient/10.1.30.300 Alipay Language/zh-Hans"
36.57.64.205 - - [27/Oct/2021:13:53:34 +0700] "GET /images/app-screen/screen6.jpg HTTP/1.1" 200 59690 "https://www.radmed.co.id/" "Mozilla/5.0 (iPhone; CPU iPhone OS 11_4_1 like Mac OS X) AppleWebKit/605.1.15 (KHTML, like Gecko) Mobile/15G77 ChannelId(73) NebulaSDK/1.8.100112 Nebula PSDType(1) AlipayDefined(nt:4G,ws:320|504|2.0) AliApp(AP/10.1.30.300) AlipayClient/10.1.30.300 Alipay Language/zh-Hans"
36.57.64.205 - - [27/Oct/2021:13:53:34 +0700] "GET /images/app-screen/screen7.jpg HTTP/1.1" 200 35953 "https://www.radmed.co.id/" "Mozilla/5.0 (iPhone; CPU iPhone OS 11_4_1 like Mac OS X) AppleWebKit/605.1.15 (KHTML, like Gecko) Mobile/15G77 ChannelId(73) NebulaSDK/1.8.100112 Nebula PSDType(1) AlipayDefined(nt:4G,ws:320|504|2.0) AliApp(AP/10.1.30.300) AlipayClient/10.1.30.300 Alipay Language/zh-Hans"
36.57.64.205 - - [27/Oct/2021:13:53:34 +0700] "GET /images/M.jpg HTTP/1.1" 200 53702 "https://www.radmed.co.id/" "Mozilla/5.0 (iPhone; CPU iPhone OS 11_4_1 like Mac OS X) AppleWebKit/605.1.15 (KHTML, like Gecko) Mobile/15G77 ChannelId(73) NebulaSDK/1.8.100112 Nebula PSDType(1) AlipayDefined(nt:4G,ws:320|504|2.0) AliApp(AP/10.1.30.300) AlipayClient/10.1.30.300 Alipay Language/zh-Hans"
36.57.64.205 - - [27/Oct/2021:13:53:34 +0700] "GET /images/MM.jpg HTTP/1.1" 200 44394 "https://www.radmed.co.id/" "Mozilla/5.0 (iPhone; CPU iPhone OS 11_4_1 like Mac OS X) AppleWebKit/605.1.15 (KHTML, like Gecko) Mobile/15G77 ChannelId(73) NebulaSDK/1.8.100112 Nebula PSDType(1) AlipayDefined(nt:4G,ws:320|504|2.0) AliApp(AP/10.1.30.300) AlipayClient/10.1.30.300 Alipay Language/zh-Hans"
36.57.64.205 - - [27/Oct/2021:13:53:34 +0700] "GET /images/S.jpg HTTP/1.1" 200 63193 "https://www.radmed.co.id/" "Mozilla/5.0 (iPhone; CPU iPhone OS 11_4_1 like Mac OS X) AppleWebKit/605.1.15 (KHTML, like Gecko) Mobile/15G77 ChannelId(73) NebulaSDK/1.8.100112 Nebula PSDType(1) AlipayDefined(nt:4G,ws:320|504|2.0) AliApp(AP/10.1.30.300) AlipayClient/10.1.30.300 Alipay Language/zh-Hans"
36.57.64.205 - - [27/Oct/2021:13:53:34 +0700] "GET /images/MMM.jpg HTTP/1.1" 200 33375 "https://www.radmed.co.id/" "Mozilla/5.0 (iPhone; CPU iPhone OS 11_4_1 like Mac OS X) AppleWebKit/605.1.15 (KHTML, like Gecko) Mobile/15G77 ChannelId(73) NebulaSDK/1.8.100112 Nebula PSDType(1) AlipayDefined(nt:4G,ws:320|504|2.0) AliApp(AP/10.1.30.300) AlipayClient/10.1.30.300 Alipay Language/zh-Hans"
36.57.64.205 - - [27/Oct/2021:13:53:34 +0700] "GET /images/A.jpg HTTP/1.1" 200 52201 "https://www.radmed.co.id/" "Mozilla/5.0 (iPhone; CPU iPhone OS 11_4_1 like Mac OS X) AppleWebKit/605.1.15 (KHTML, like Gecko) Mobile/15G77 ChannelId(73) NebulaSDK/1.8.100112 Nebula PSDType(1) AlipayDefined(nt:4G,ws:320|504|2.0) AliApp(AP/10.1.30.300) AlipayClient/10.1.30.300 Alipay Language/zh-Hans"
36.57.64.205 - - [27/Oct/2021:13:53:33 +0700] "GET /images/slider-img/slider-B.jpg HTTP/1.1" 200 147453 "https://www.radmed.co.id/css/slider.css" "Mozilla/5.0 (iPhone; CPU iPhone OS 11_4_1 like Mac OS X) AppleWebKit/605.1.15 (KHTML, like Gecko) Mobile/15G77 ChannelId(73) NebulaSDK/1.8.100112 Nebula PSDType(1) AlipayDefined(nt:4G,ws:320|504|2.0) AliApp(AP/10.1.30.300) AlipayClient/10.1.30.300 Alipay Language/zh-Hans"
36.57.64.205 - - [27/Oct/2021:13:53:35 +0700] "GET /images/R.jpg HTTP/1.1" 200 54417 "https://www.radmed.co.id/" "Mozilla/5.0 (iPhone; CPU iPhone OS 11_4_1 like Mac OS X) AppleWebKit/605.1.15 (KHTML, like Gecko) Mobile/15G77 ChannelId(73) NebulaSDK/1.8.100112 Nebula PSDType(1) AlipayDefined(nt:4G,ws:320|504|2.0) AliApp(AP/10.1.30.300) AlipayClient/10.1.30.300 Alipay Language/zh-Hans"
36.57.64.205 - - [27/Oct/2021:13:53:35 +0700] "GET /images/SS.jpg HTTP/1.1" 200 35665 "https://www.radmed.co.id/" "Mozilla/5.0 (iPhone; CPU iPhone OS 11_4_1 like Mac OS X) AppleWebKit/605.1.15 (KHTML, like Gecko) Mobile/15G77 ChannelId(73) NebulaSDK/1.8.100112 Nebula PSDType(1) AlipayDefined(nt:4G,ws:320|504|2.0) AliApp(AP/10.1.30.300) AlipayClient/10.1.30.300 Alipay Language/zh-Hans"
36.57.64.205 - - [27/Oct/2021:13:53:35 +0700] "GET /images/F.jpg HTTP/1.1" 200 38117 "https://www.radmed.co.id/" "Mozilla/5.0 (iPhone; CPU iPhone OS 11_4_1 like Mac OS X) AppleWebKit/605.1.15 (KHTML, like Gecko) Mobile/15G77 ChannelId(73) NebulaSDK/1.8.100112 Nebula PSDType(1) AlipayDefined(nt:4G,ws:320|504|2.0) AliApp(AP/10.1.30.300) AlipayClient/10.1.30.300 Alipay Language/zh-Hans"
36.57.64.205 - - [27/Oct/2021:13:53:35 +0700] "GET /images/RR.jpg HTTP/1.1" 200 44432 "https://www.radmed.co.id/" "Mozilla/5.0 (iPhone; CPU iPhone OS 11_4_1 like Mac OS X) AppleWebKit/605.1.15 (KHTML, like Gecko) Mobile/15G77 ChannelId(73) NebulaSDK/1.8.100112 Nebula PSDType(1) AlipayDefined(nt:4G,ws:320|504|2.0) AliApp(AP/10.1.30.300) AlipayClient/10.1.30.300 Alipay Language/zh-Hans"
36.57.64.205 - - [27/Oct/2021:13:53:35 +0700] "GET /images/MMMM.jpg HTTP/1.1" 200 44839 "https://www.radmed.co.id/" "Mozilla/5.0 (iPhone; CPU iPhone OS 11_4_1 like Mac OS X) AppleWebKit/605.1.15 (KHTML, like Gecko) Mobile/15G77 ChannelId(73) NebulaSDK/1.8.100112 Nebula PSDType(1) AlipayDefined(nt:4G,ws:320|504|2.0) AliApp(AP/10.1.30.300) AlipayClient/10.1.30.300 Alipay Language/zh-Hans"
36.57.64.205 - - [27/Oct/2021:13:53:35 +0700] "GET /images/apple-store-btn.png HTTP/1.1" 200 12587 "https://www.radmed.co.id/" "Mozilla/5.0 (iPhone; CPU iPhone OS 11_4_1 like Mac OS X) AppleWebKit/605.1.15 (KHTML, like Gecko) Mobile/15G77 ChannelId(73) NebulaSDK/1.8.100112 Nebula PSDType(1) AlipayDefined(nt:4G,ws:320|504|2.0) AliApp(AP/10.1.30.300) AlipayClient/10.1.30.300 Alipay Language/zh-Hans"
36.57.64.205 - - [27/Oct/2021:13:53:35 +0700] "GET /images/google-store-btn.png HTTP/1.1" 200 9597 "https://www.radmed.co.id/" "Mozilla/5.0 (iPhone; CPU iPhone OS 11_4_1 like Mac OS X) AppleWebKit/605.1.15 (KHTML, like Gecko) Mobile/15G77 ChannelId(73) NebulaSDK/1.8.100112 Nebula PSDType(1) AlipayDefined(nt:4G,ws:320|504|2.0) AliApp(AP/10.1.30.300) AlipayClient/10.1.30.300 Alipay Language/zh-Hans"
36.57.64.205 - - [27/Oct/2021:13:53:35 +0700] "GET /images/bg-01.png HTTP/1.1" 200 13663 "https://www.radmed.co.id/css/main.css" "Mozilla/5.0 (iPhone; CPU iPhone OS 11_4_1 like Mac OS X) AppleWebKit/605.1.15 (KHTML, like Gecko) Mobile/15G77 ChannelId(73) NebulaSDK/1.8.100112 Nebula PSDType(1) AlipayDefined(nt:4G,ws:320|504|2.0) AliApp(AP/10.1.30.300) AlipayClient/10.1.30.300 Alipay Language/zh-Hans"
36.57.64.205 - - [27/Oct/2021:13:53:35 +0700] "GET /images/wall.jpg HTTP/1.1" 200 119018 "https://www.radmed.co.id/" "Mozilla/5.0 (iPhone; CPU iPhone OS 11_4_1 like Mac OS X) AppleWebKit/605.1.15 (KHTML, like Gecko) Mobile/15G77 ChannelId(73) NebulaSDK/1.8.100112 Nebula PSDType(1) AlipayDefined(nt:4G,ws:320|504|2.0) AliApp(AP/10.1.30.300) AlipayClient/10.1.30.300 Alipay Language/zh-Hans"
36.57.64.205 - - [27/Oct/2021:13:53:35 +0700] "GET /images/parallax-bg.jpg HTTP/1.1" 200 122561 "https://www.radmed.co.id/css/main.css" "Mozilla/5.0 (iPhone; CPU iPhone OS 11_4_1 like Mac OS X) AppleWebKit/605.1.15 (KHTML, like Gecko) Mobile/15G77 ChannelId(73) NebulaSDK/1.8.100112 Nebula PSDType(1) AlipayDefined(nt:4G,ws:320|504|2.0) AliApp(AP/10.1.30.300) AlipayClient/10.1.30.300 Alipay Language/zh-Hans"
36.57.64.205 - - [27/Oct/2021:13:53:35 +0700] "GET /css/ajax-loader.gif HTTP/1.1" 404 217 "https://www.radmed.co.id/css/slick-theme.css" "Mozilla/5.0 (iPhone; CPU iPhone OS 11_4_1 like Mac OS X) AppleWebKit/605.1.15 (KHTML, like Gecko) Mobile/15G77 ChannelId(73) NebulaSDK/1.8.100112 Nebula PSDType(1) AlipayDefined(nt:4G,ws:320|504|2.0) AliApp(AP/10.1.30.300) AlipayClient/10.1.30.300 Alipay Language/zh-Hans"
103.234.210.242 - - [27/Oct/2021:14:07:34 +0700] "GET / HTTP/1.1" 301 229 "-" "Go-http-client/1.1"
209.141.51.222 - - [27/Oct/2021:14:15:12 +0700] "GET / HTTP/1.1" 403 - "-" "Chrome/54.0 (Windows NT 10.0)"
207.46.13.56 - - [27/Oct/2021:14:37:49 +0700] "GET / HTTP/1.1" 301 229 "-" "Mozilla/5.0 (compatible; bingbot/2.0; +http://www.bing.com/bingbot.htm)"
103.234.210.242 - - [27/Oct/2021:14:38:06 +0700] "GET / HTTP/1.1" 301 229 "-" "Go-http-client/1.1"
103.234.210.242 - - [27/Oct/2021:15:06:59 +0700] "GET / HTTP/1.1" 301 229 "-" "Go-http-client/1.1"
103.234.210.242 - - [27/Oct/2021:15:38:42 +0700] "GET / HTTP/1.1" 301 229 "-" "Go-http-client/1.1"
103.234.210.242 - - [27/Oct/2021:16:08:12 +0700] "GET / HTTP/1.1" 301 229 "-" "Go-http-client/1.1"
103.234.210.242 - - [27/Oct/2021:16:38:03 +0700] "GET / HTTP/1.1" 301 229 "-" "Go-http-client/1.1"
103.234.210.242 - - [27/Oct/2021:17:07:46 +0700] "GET / HTTP/1.1" 301 229 "-" "Go-http-client/1.1"
103.234.210.242 - - [27/Oct/2021:17:38:27 +0700] "GET / HTTP/1.1" 301 229 "-" "Go-http-client/1.1"
103.234.210.242 - - [27/Oct/2021:18:07:05 +0700] "GET / HTTP/1.1" 301 229 "-" "Go-http-client/1.1"
103.234.210.242 - - [27/Oct/2021:18:37:53 +0700] "GET / HTTP/1.1" 301 229 "-" "Go-http-client/1.1"
66.249.71.38 - - [27/Oct/2021:18:38:58 +0700] "GET /app-ads.txt HTTP/1.1" 301 240 "-" "Google-adstxt"
103.234.210.242 - - [27/Oct/2021:19:07:09 +0700] "GET / HTTP/1.1" 301 229 "-" "Go-http-client/1.1"
103.234.210.242 - - [27/Oct/2021:19:37:51 +0700] "GET / HTTP/1.1" 301 229 "-" "Go-http-client/1.1"
103.234.210.242 - - [27/Oct/2021:20:08:39 +0700] "GET / HTTP/1.1" 301 229 "-" "Go-http-client/1.1"
103.234.210.242 - - [27/Oct/2021:20:38:49 +0700] "GET / HTTP/1.1" 301 229 "-" "Go-http-client/1.1"
185.51.134.168 - - [27/Oct/2021:21:02:24 +0700] "GET / HTTP/1.0" 301 229 "http://radmed.co.id/" "Mozilla/5.0 (Windows NT 6.1) AppleWebKit/537.36 (KHTML, like Gecko) Chrome/67.0.3396.87 Safari/537.36"
103.234.210.242 - - [27/Oct/2021:21:07:45 +0700] "GET / HTTP/1.1" 301 229 "-" "Go-http-client/1.1"
103.234.210.242 - - [27/Oct/2021:21:38:21 +0700] "GET / HTTP/1.1" 301 229 "-" "Go-http-client/1.1"
103.234.210.242 - - [27/Oct/2021:22:07:00 +0700] "GET / HTTP/1.1" 301 229 "-" "Go-http-client/1.1"
103.234.210.242 - - [27/Oct/2021:22:39:27 +0700] "GET / HTTP/1.1" 301 229 "-" "Go-http-client/1.1"
103.234.210.242 - - [27/Oct/2021:23:07:38 +0700] "GET / HTTP/1.1" 301 229 "-" "Go-http-client/1.1"
103.234.210.242 - - [27/Oct/2021:23:39:03 +0700] "GET / HTTP/1.1" 301 229 "-" "Go-http-client/1.1"
103.234.210.242 - - [28/Oct/2021:00:07:54 +0700] "GET / HTTP/1.1" 301 229 "-" "Go-http-client/1.1"
3.15.185.187 - - [28/Oct/2021:00:34:40 +0700] "GET /.env HTTP/1.1" 301 233 "-" "Python/3.7 aiohttp/3.7.4.post0"
3.15.185.187 - - [28/Oct/2021:00:34:42 +0700] "POST / HTTP/1.1" 301 229 "-" "Python/3.7 aiohttp/3.7.4.post0"
103.234.210.242 - - [28/Oct/2021:00:37:49 +0700] "GET / HTTP/1.1" 301 229 "-" "Go-http-client/1.1"
103.234.210.242 - - [28/Oct/2021:00:45:27 +0700] "GET /.well-known/pki-validation/E639113FFF5C90E0B4048497175F4D2B.txt HTTP/1.1" 301 292 "-" "COMODO DCV"
103.234.210.242 - - [28/Oct/2021:00:45:27 +0700] "GET /.well-known/pki-validation/E33EEDD7EF27AE104B883E3F224129F9.txt HTTP/1.1" 301 296 "-" "COMODO DCV"
103.234.210.242 - - [28/Oct/2021:00:45:27 +0700] "GET /.well-known/pki-validation/E33EEDD7EF27AE104B883E3F224129F9.txt HTTP/1.1" 404 261 "-" "COMODO DCV"
103.234.210.242 - - [28/Oct/2021:01:07:26 +0700] "GET / HTTP/1.1" 301 229 "-" "Go-http-client/1.1"
103.234.210.242 - - [28/Oct/2021:01:39:52 +0700] "GET / HTTP/1.1" 301 229 "-" "Go-http-client/1.1"
103.234.210.242 - - [28/Oct/2021:02:09:54 +0700] "GET / HTTP/1.1" 301 229 "-" "Go-http-client/1.1"
103.234.210.242 - - [28/Oct/2021:02:39:46 +0700] "GET / HTTP/1.1" 301 229 "-" "Go-http-client/1.1"
49.12.233.123 - - [28/Oct/2021:03:07:44 +0700] "GET / HTTP/1.1" 301 229 "-" "Mozilla/5.0 (Macintosh; Intel Mac OS X 10_12_6) AppleWebKit/604.1.38 (KHTML, like Gecko) Version/11.0 Safari/604.1.38"
103.234.210.242 - - [28/Oct/2021:03:12:20 +0700] "GET / HTTP/1.1" 301 229 "-" "Go-http-client/1.1"
103.234.210.242 - - [28/Oct/2021:03:39:01 +0700] "GET / HTTP/1.1" 301 229 "-" "Go-http-client/1.1"
103.234.210.242 - - [28/Oct/2021:04:07:42 +0700] "GET / HTTP/1.1" 301 229 "-" "Go-http-client/1.1"
103.234.210.242 - - [28/Oct/2021:04:38:35 +0700] "GET / HTTP/1.1" 301 229 "-" "Go-http-client/1.1"
103.234.210.242 - - [28/Oct/2021:05:07:06 +0700] "GET / HTTP/1.1" 301 229 "-" "Go-http-client/1.1"
103.234.210.242 - - [28/Oct/2021:05:38:18 +0700] "GET / HTTP/1.1" 301 229 "-" "Go-http-client/1.1"
103.139.1.239 - - [28/Oct/2021:05:48:57 +0700] "GET /wp-login.php HTTP/1.1" 301 241 "-" "Mozilla/5.0 (X11; Ubuntu; Linux x86_64; rv:62.0) Gecko/20100101 Firefox/62.0"
103.139.1.239 - - [28/Oct/2021:05:48:57 +0700] "GET /wp-login.php HTTP/1.1" 301 241 "-" "Mozilla/5.0 (X11; Ubuntu; Linux x86_64; rv:62.0) Gecko/20100101 Firefox/62.0"
103.234.210.242 - - [28/Oct/2021:06:07:50 +0700] "GET / HTTP/1.1" 301 229 "-" "Go-http-client/1.1"
103.234.210.242 - - [28/Oct/2021:06:38:40 +0700] "GET / HTTP/1.1" 301 229 "-" "Go-http-client/1.1"
103.234.210.242 - - [28/Oct/2021:07:07:45 +0700] "GET / HTTP/1.1" 301 229 "-" "Go-http-client/1.1"
103.234.210.242 - - [28/Oct/2021:07:39:25 +0700] "GET / HTTP/1.1" 301 229 "-" "Go-http-client/1.1"
103.234.210.242 - - [28/Oct/2021:08:07:12 +0700] "GET / HTTP/1.1" 301 229 "-" "Go-http-client/1.1"
103.234.210.242 - - [28/Oct/2021:08:38:31 +0700] "GET / HTTP/1.1" 301 229 "-" "Go-http-client/1.1"
103.234.210.242 - - [28/Oct/2021:09:07:01 +0700] "GET / HTTP/1.1" 301 229 "-" "Go-http-client/1.1"
103.234.210.242 - - [28/Oct/2021:09:37:56 +0700] "GET / HTTP/1.1" 301 229 "-" "Go-http-client/1.1"
125.161.172.247 - - [28/Oct/2021:09:43:23 +0700] "GET / HTTP/1.1" 301 229 "-" "Mozilla/5.0 (Windows NT 10.0; WOW64; Trident/7.0; rv:11.0) like Gecko"
103.234.210.242 - - [28/Oct/2021:10:07:55 +0700] "GET / HTTP/1.1" 301 229 "-" "Go-http-client/1.1"
103.234.210.242 - - [28/Oct/2021:10:38:55 +0700] "GET / HTTP/1.1" 301 229 "-" "Go-http-client/1.1"
103.234.210.242 - - [28/Oct/2021:11:07:40 +0700] "GET / HTTP/1.1" 301 229 "-" "Go-http-client/1.1"
103.234.210.242 - - [28/Oct/2021:11:38:38 +0700] "GET / HTTP/1.1" 301 229 "-" "Go-http-client/1.1"
103.234.210.242 - - [28/Oct/2021:12:07:38 +0700] "GET / HTTP/1.1" 301 229 "-" "Go-http-client/1.1"
3.25.68.160 - - [28/Oct/2021:12:11:04 +0700] "GET /wp-login.php HTTP/1.1" 301 245 "-" "Mozilla/5.0 (X11; Ubuntu; Linux x86_64; rv:62.0) Gecko/20100101 Firefox/62.0"
3.25.68.160 - - [28/Oct/2021:12:11:04 +0700] "GET /wp-login.php HTTP/1.1" 301 245 "-" "Mozilla/5.0 (X11; Ubuntu; Linux x86_64; rv:62.0) Gecko/20100101 Firefox/62.0"
3.25.68.160 - - [28/Oct/2021:12:11:04 +0700] "GET /wp-login.php HTTP/1.1" 403 214 "http://www.radmed.co.id/wp-login.php" "Mozilla/5.0 (X11; Ubuntu; Linux x86_64; rv:62.0) Gecko/20100101 Firefox/62.0"
3.25.68.160 - - [28/Oct/2021:12:11:04 +0700] "GET /wp-login.php HTTP/1.1" 403 214 "http://www.radmed.co.id/wp-login.php" "Mozilla/5.0 (X11; Ubuntu; Linux x86_64; rv:62.0) Gecko/20100101 Firefox/62.0"
103.234.210.242 - - [28/Oct/2021:12:38:37 +0700] "GET / HTTP/1.1" 301 229 "-" "Go-http-client/1.1"
103.234.210.242 - - [28/Oct/2021:13:08:43 +0700] "GET / HTTP/1.1" 301 229 "-" "Go-http-client/1.1"
66.249.71.38 - - [28/Oct/2021:13:29:20 +0700] "GET /robots.txt HTTP/1.1" 301 239 "-" "Mozilla/5.0 (compatible; Googlebot/2.1; +http://www.google.com/bot.html)"
66.249.71.38 - - [28/Oct/2021:13:29:21 +0700] "GET /ads.txt HTTP/1.1" 301 236 "-" "Mozilla/5.0 (compatible; Googlebot/2.1; +http://www.google.com/bot.html)"
103.234.210.242 - - [28/Oct/2021:13:39:25 +0700] "GET / HTTP/1.1" 301 229 "-" "Go-http-client/1.1"
207.46.13.56 - - [28/Oct/2021:13:46:12 +0700] "GET / HTTP/1.1" 301 229 "-" "Mozilla/5.0 (compatible; bingbot/2.0; +http://www.bing.com/bingbot.htm)"
103.234.210.242 - - [28/Oct/2021:14:07:52 +0700] "GET / HTTP/1.1" 301 229 "-" "Go-http-client/1.1"
103.234.210.242 - - [28/Oct/2021:14:39:52 +0700] "GET / HTTP/1.1" 301 229 "-" "Go-http-client/1.1"
103.234.210.242 - - [28/Oct/2021:15:09:21 +0700] "GET / HTTP/1.1" 301 229 "-" "Go-http-client/1.1"
103.234.210.242 - - [28/Oct/2021:15:39:11 +0700] "GET / HTTP/1.1" 301 229 "-" "Go-http-client/1.1"
103.234.210.242 - - [28/Oct/2021:16:08:43 +0700] "GET / HTTP/1.1" 301 229 "-" "Go-http-client/1.1"
103.234.210.242 - - [28/Oct/2021:16:39:26 +0700] "GET / HTTP/1.1" 301 229 "-" "Go-http-client/1.1"
45.129.18.230 - - [28/Oct/2021:17:05:44 +0700] "HEAD / HTTP/1.1" 301 - "-" "Mozilla/5.0 (Macintosh; Intel Mac OS X 10_9_3) AppleWebKit/537.36 (KHTML, like Gecko) Chrome/35.0.1916.47 Safari/537.36"
103.234.210.242 - - [28/Oct/2021:17:08:42 +0700] "GET / HTTP/1.1" 301 229 "-" "Go-http-client/1.1"
103.234.210.242 - - [28/Oct/2021:17:39:16 +0700] "GET / HTTP/1.1" 301 229 "-" "Go-http-client/1.1"
103.234.210.242 - - [28/Oct/2021:18:08:21 +0700] "GET / HTTP/1.1" 301 229 "-" "Go-http-client/1.1"
66.249.71.38 - - [28/Oct/2021:18:10:15 +0700] "GET /app-ads.txt HTTP/1.1" 301 240 "-" "Google-adstxt"
103.234.210.242 - - [28/Oct/2021:18:39:27 +0700] "GET / HTTP/1.1" 301 229 "-" "Go-http-client/1.1"
103.234.210.242 - - [28/Oct/2021:19:08:25 +0700] "GET / HTTP/1.1" 301 229 "-" "Go-http-client/1.1"
103.234.210.242 - - [28/Oct/2021:19:39:02 +0700] "GET / HTTP/1.1" 301 229 "-" "Go-http-client/1.1"
103.234.210.242 - - [28/Oct/2021:20:08:48 +0700] "GET / HTTP/1.1" 301 229 "-" "Go-http-client/1.1"
203.114.75.162 - - [28/Oct/2021:20:15:13 +0700] "GET / HTTP/1.0" 301 229 "-" "bot"
103.234.210.242 - - [28/Oct/2021:20:40:12 +0700] "GET / HTTP/1.1" 301 229 "-" "Go-http-client/1.1"
180.249.68.146 - - [28/Oct/2021:20:40:29 +0700] "GET / HTTP/1.1" 301 229 "-" "Mozilla/5.0 (Linux; U; Android 11; in-id; CPH1911 Build/RP1A.200720.011) AppleWebKit/537.36 (KHTML, like Gecko) Chrome/77.0.3865.116 Mobile Safari/537.36 HeyTapBrowser/45.8.0.1"
36.84.237.103 - - [28/Oct/2021:20:40:35 +0700] "GET / HTTP/1.1" 301 229 "-" "Mozilla/5.0 (Linux; Android 10; SAMSUNG SM-M115F) AppleWebKit/537.36 (KHTML, like Gecko) SamsungBrowser/11.0 Chrome/75.0.3770.143 Mobile Safari/537.36"
36.84.237.103 - - [28/Oct/2021:20:52:36 +0700] "GET / HTTP/1.1" 301 229 "-" "Mozilla/5.0 (Windows NT 10.0; Win64; x64; rv:93.0) Gecko/20100101 Firefox/93.0"
103.121.149.34 - - [29/Oct/2021:10:29:07 +0700] "GET / HTTP/1.1" 301 229 "-" "Mozilla/5.0 (Windows NT 10.0; Win64; x64) AppleWebKit/537.36 (KHTML, like Gecko) Chrome/95.0.4638.54 Safari/537.36"
36.37.75.186 - - [29/Oct/2021:10:30:29 +0700] "GET / HTTP/1.1" 301 229 "-" "Mozilla/5.0 (Windows NT 10.0; Win64; x64) AppleWebKit/537.36 (KHTML, like Gecko) Chrome/95.0.4638.54 Safari/537.36"
66.133.109.36 - - [29/Oct/2021:10:32:08 +0700] "GET /.well-known/acme-challenge/IVZbI2FOVuwXycgYUc7NtNoGBClWxnmaxtLNA75RrkA HTTP/1.1" 200 87 "-" "Mozilla/5.0 (compatible; Let's Encrypt validation server; +https://www.letsencrypt.org)"
34.221.255.206 - - [29/Oct/2021:10:32:08 +0700] "GET /.well-known/acme-challenge/IVZbI2FOVuwXycgYUc7NtNoGBClWxnmaxtLNA75RrkA HTTP/1.1" 200 87 "-" "Mozilla/5.0 (compatible; Let's Encrypt validation server; +https://www.letsencrypt.org)"
66.133.109.36 - - [29/Oct/2021:10:32:09 +0700] "GET /.well-known/acme-challenge/0oQTjgPqnYKpsCAX8BcnVlMrmBgVtKFylA6E6vfEzKQ HTTP/1.1" 200 87 "-" "Mozilla/5.0 (compatible; Let's Encrypt validation server; +https://www.letsencrypt.org)"
3.120.130.29 - - [29/Oct/2021:10:32:09 +0700] "GET /.well-known/acme-challenge/0oQTjgPqnYKpsCAX8BcnVlMrmBgVtKFylA6E6vfEzKQ HTTP/1.1" 200 87 "-" "Mozilla/5.0 (compatible; Let's Encrypt validation server; +https://www.letsencrypt.org)"
18.116.86.117 - - [29/Oct/2021:10:32:09 +0700] "GET /.well-known/acme-challenge/0oQTjgPqnYKpsCAX8BcnVlMrmBgVtKFylA6E6vfEzKQ HTTP/1.1" 200 87 "-" "Mozilla/5.0 (compatible; Let's Encrypt validation server; +https://www.letsencrypt.org)"
52.39.4.59 - - [29/Oct/2021:10:32:10 +0700] "GET /.well-known/acme-challenge/0oQTjgPqnYKpsCAX8BcnVlMrmBgVtKFylA6E6vfEzKQ HTTP/1.1" 200 87 "-" "Mozilla/5.0 (compatible; Let's Encrypt validation server; +https://www.letsencrypt.org)"
3.142.122.14 - - [29/Oct/2021:10:32:10 +0700] "GET /.well-known/acme-challenge/IVZbI2FOVuwXycgYUc7NtNoGBClWxnmaxtLNA75RrkA HTTP/1.1" 200 87 "-" "Mozilla/5.0 (compatible; Let's Encrypt validation server; +https://www.letsencrypt.org)"
18.159.196.172 - - [29/Oct/2021:10:32:34 +0700] "GET /.well-known/acme-challenge/IVZbI2FOVuwXycgYUc7NtNoGBClWxnmaxtLNA75RrkA HTTP/1.1" 200 87 "-" "Mozilla/5.0 (compatible; Let's Encrypt validation server; +https://www.letsencrypt.org)"
36.99.136.136 - - [29/Oct/2021:10:37:30 +0700] "GET / HTTP/1.1" 301 229 "-" "python-requests/2.26.0"
103.234.210.242 - - [29/Oct/2021:10:39:05 +0700] "GET / HTTP/1.1" 301 229 "-" "Go-http-client/1.1"
36.37.75.186 - - [29/Oct/2021:15:34:18 +0700] "GET / HTTP/1.1" 301 229 "-" "Mozilla/5.0 (Windows NT 10.0; Win64; x64) AppleWebKit/537.36 (KHTML, like Gecko) Chrome/95.0.4638.54 Safari/537.36"
103.121.149.34 - - [29/Oct/2021:15:41:26 +0700] "GET /robots.txt HTTP/1.1" 301 239 "-" "Mozilla/5.0 (Windows NT 10.0; Win64; x64) AppleWebKit/537.36 (KHTML, like Gecko) Chrome/95.0.4638.54 Safari/537.36"
103.121.149.34 - - [29/Oct/2021:15:43:00 +0700] "GET / HTTP/1.1" 301 229 "-" "Mozilla/5.0 (Linux; Android 10; SM-M115F) AppleWebKit/537.36 (KHTML, like Gecko) Chrome/95.0.4638.50 Mobile Safari/537.36"
65.154.226.165 - - [29/Oct/2021:15:57:08 +0700] "GET / HTTP/1.1" 301 229 "-" "Mozilla/5.0 (Windows NT 10.0; Win64; x64) AppleWebKit/537.36 (KHTML, like Gecko) Chrome/76.0.3809.71 Safari/537.36"
103.234.210.242 - - [29/Oct/2021:16:08:42 +0700] "GET / HTTP/1.1" 301 229 "-" "Go-http-client/1.1"
103.121.149.34 - - [29/Oct/2021:16:15:57 +0700] "GET / HTTP/1.1" 301 229 "-" "Mozilla/5.0 (Windows NT 10.0; Win64; x64; rv:93.0) Gecko/20100101 Firefox/93.0"
103.234.210.242 - - [29/Oct/2021:16:39:09 +0700] "GET / HTTP/1.1" 301 229 "-" "Go-http-client/1.1"
103.234.210.242 - - [29/Oct/2021:17:07:41 +0700] "GET / HTTP/1.1" 301 229 "-" "Go-http-client/1.1"
103.234.210.242 - - [29/Oct/2021:17:38:26 +0700] "GET / HTTP/1.1" 301 229 "-" "Go-http-client/1.1"
66.249.71.38 - - [29/Oct/2021:17:43:01 +0700] "GET /robots.txt HTTP/1.1" 301 239 "-" "Mozilla/5.0 (compatible; Googlebot/2.1; +http://www.google.com/bot.html)"
66.249.71.36 - - [29/Oct/2021:17:43:01 +0700] "GET /app-ads.txt HTTP/1.1" 301 240 "-" "Google-adstxt"
66.249.71.36 - - [29/Oct/2021:17:43:03 +0700] "GET /ads.txt HTTP/1.1" 301 236 "-" "Mozilla/5.0 (compatible; Googlebot/2.1; +http://www.google.com/bot.html)"
103.234.210.242 - - [29/Oct/2021:18:08:33 +0700] "GET / HTTP/1.1" 301 229 "-" "Go-http-client/1.1"
103.234.210.242 - - [29/Oct/2021:18:38:41 +0700] "GET / HTTP/1.1" 301 229 "-" "Go-http-client/1.1"
103.234.210.242 - - [29/Oct/2021:19:07:45 +0700] "GET / HTTP/1.1" 301 229 "-" "Go-http-client/1.1"
103.234.210.242 - - [29/Oct/2021:19:39:13 +0700] "GET / HTTP/1.1" 301 229 "-" "Go-http-client/1.1"
103.234.210.242 - - [29/Oct/2021:20:08:45 +0700] "GET / HTTP/1.1" 301 229 "-" "Go-http-client/1.1"
165.227.115.7 - - [29/Oct/2021:20:35:25 +0700] "HEAD / HTTP/1.1" 301 - "https://www.netcraft.com/survey/" "Mozilla/4.0 (compatible; Netcraft Web Server Survey)"
103.234.210.242 - - [29/Oct/2021:20:38:51 +0700] "GET / HTTP/1.1" 301 229 "-" "Go-http-client/1.1"
103.234.210.242 - - [29/Oct/2021:21:08:01 +0700] "GET / HTTP/1.1" 301 229 "-" "Go-http-client/1.1"
103.234.210.242 - - [29/Oct/2021:21:39:08 +0700] "GET / HTTP/1.1" 301 229 "-" "Go-http-client/1.1"
103.234.210.242 - - [29/Oct/2021:22:07:17 +0700] "GET / HTTP/1.1" 301 229 "-" "Go-http-client/1.1"
103.234.210.242 - - [29/Oct/2021:22:42:14 +0700] "GET / HTTP/1.1" 301 229 "-" "Go-http-client/1.1"
54.221.27.173 - - [29/Oct/2021:22:45:36 +0700] "GET / HTTP/1.1" 301 229 "-" "Mozilla/5.0 (Windows NT 10.0; Win64; x64) AppleWebKit/537.36 (KHTML, like Gecko) Chrome/88.0.4324.150 Safari/537.36"
103.234.210.242 - - [29/Oct/2021:23:10:21 +0700] "GET / HTTP/1.1" 301 229 "-" "Go-http-client/1.1"
54.221.27.173 - - [29/Oct/2021:23:35:38 +0700] "GET / HTTP/1.1" 301 233 "-" "Mozilla/5.0 (Windows NT 10.0; Win64; x64) AppleWebKit/537.36 (KHTML, like Gecko) Chrome/88.0.4324.150 Safari/537.36"
103.234.210.242 - - [29/Oct/2021:23:40:17 +0700] "GET / HTTP/1.1" 301 229 "-" "Go-http-client/1.1"
103.234.210.242 - - [30/Oct/2021:00:07:23 +0700] "GET / HTTP/1.1" 301 229 "-" "Go-http-client/1.1"
103.234.210.242 - - [30/Oct/2021:00:39:21 +0700] "GET / HTTP/1.1" 301 229 "-" "Go-http-client/1.1"
103.234.210.242 - - [30/Oct/2021:00:48:32 +0700] "GET /.well-known/pki-validation/8947EA0484A15E09F3C90222CC058834.txt HTTP/1.1" 301 292 "-" "COMODO DCV"
103.234.210.242 - - [30/Oct/2021:00:48:32 +0700] "GET /.well-known/pki-validation/43759507430429E75CFC7A895D13D5CE.txt HTTP/1.1" 301 296 "-" "COMODO DCV"
114.77.47.119 - - [30/Oct/2021:01:02:09 +0700] "GET /wp-login.php HTTP/1.1" 301 241 "-" "Mozilla/5.0 (X11; Ubuntu; Linux x86_64; rv:62.0) Gecko/20100101 Firefox/62.0"
36.84.130.172 - - [30/Oct/2021:01:04:05 +0700] "GET / HTTP/1.1" 301 229 "-" "Mozilla/5.0 (Windows NT 10.0; Win64; x64; rv:93.0) Gecko/20100101 Firefox/93.0"
103.234.210.242 - - [30/Oct/2021:01:08:11 +0700] "GET / HTTP/1.1" 301 229 "-" "Go-http-client/1.1"
103.234.210.242 - - [30/Oct/2021:01:39:28 +0700] "GET / HTTP/1.1" 301 229 "-" "Go-http-client/1.1"
103.234.210.242 - - [30/Oct/2021:02:09:24 +0700] "GET / HTTP/1.1" 301 229 "-" "Go-http-client/1.1"
185.3.235.206 - - [30/Oct/2021:02:21:16 +0700] "GET /wp-login.php HTTP/1.1" 301 245 "-" "Mozilla/5.0 (X11; Ubuntu; Linux x86_64; rv:62.0) Gecko/20100101 Firefox/62.0"
103.234.210.242 - - [30/Oct/2021:02:39:05 +0700] "GET / HTTP/1.1" 301 229 "-" "Go-http-client/1.1"
103.234.210.242 - - [30/Oct/2021:03:09:50 +0700] "GET / HTTP/1.1" 301 229 "-" "Go-http-client/1.1"
92.118.160.9 - - [30/Oct/2021:03:13:01 +0700] "GET / HTTP/1.1" 301 229 "-" "NetSystemsResearch studies the availability of various services across the internet. Our website is netsystemsresearch.com"
103.234.210.242 - - [30/Oct/2021:03:38:49 +0700] "GET / HTTP/1.1" 301 229 "-" "Go-http-client/1.1"
103.234.210.242 - - [30/Oct/2021:04:09:28 +0700] "GET / HTTP/1.1" 301 229 "-" "Go-http-client/1.1"
103.234.210.242 - - [30/Oct/2021:04:38:50 +0700] "GET / HTTP/1.1" 301 229 "-" "Go-http-client/1.1"
103.234.210.242 - - [30/Oct/2021:05:08:21 +0700] "GET / HTTP/1.1" 301 229 "-" "Go-http-client/1.1"
103.234.210.242 - - [30/Oct/2021:05:39:38 +0700] "GET / HTTP/1.1" 301 229 "-" "Go-http-client/1.1"
103.234.210.242 - - [30/Oct/2021:06:10:16 +0700] "GET / HTTP/1.1" 301 229 "-" "Go-http-client/1.1"
103.234.210.242 - - [30/Oct/2021:06:40:34 +0700] "GET / HTTP/1.1" 301 229 "-" "Go-http-client/1.1"
103.234.210.242 - - [30/Oct/2021:07:11:33 +0700] "GET / HTTP/1.1" 301 229 "-" "Go-http-client/1.1"
103.234.210.242 - - [30/Oct/2021:07:39:01 +0700] "GET / HTTP/1.1" 301 229 "-" "Go-http-client/1.1"
103.234.210.242 - - [30/Oct/2021:08:09:53 +0700] "GET / HTTP/1.1" 301 229 "-" "Go-http-client/1.1"
103.234.210.242 - - [30/Oct/2021:08:39:19 +0700] "GET / HTTP/1.1" 301 229 "-" "Go-http-client/1.1"
65.154.226.165 - - [30/Oct/2021:08:48:06 +0700] "GET / HTTP/1.1" 301 229 "-" "Mozilla/5.0 (Windows NT 10.0; Win64; x64) AppleWebKit/537.36 (KHTML, like Gecko) Chrome/76.0.3809.71 Safari/537.36"
103.234.210.242 - - [30/Oct/2021:09:09:28 +0700] "GET / HTTP/1.1" 301 229 "-" "Go-http-client/1.1"
103.234.210.242 - - [30/Oct/2021:09:39:21 +0700] "GET / HTTP/1.1" 301 229 "-" "Go-http-client/1.1"
103.234.210.242 - - [30/Oct/2021:10:09:34 +0700] "GET / HTTP/1.1" 301 229 "-" "Go-http-client/1.1"
103.234.210.242 - - [30/Oct/2021:10:40:36 +0700] "GET / HTTP/1.1" 301 229 "-" "Go-http-client/1.1"
103.234.210.242 - - [30/Oct/2021:11:09:39 +0700] "GET / HTTP/1.1" 301 229 "-" "Go-http-client/1.1"
103.234.210.242 - - [30/Oct/2021:11:39:54 +0700] "GET / HTTP/1.1" 301 229 "-" "Go-http-client/1.1"
103.234.210.242 - - [30/Oct/2021:12:09:17 +0700] "GET / HTTP/1.1" 301 229 "-" "Go-http-client/1.1"
157.55.39.127 - - [30/Oct/2021:12:09:26 +0700] "GET / HTTP/1.1" 301 229 "-" "Mozilla/5.0 (compatible; bingbot/2.0; +http://www.bing.com/bingbot.htm)"
34.77.162.18 - - [30/Oct/2021:12:11:04 +0700] "GET / HTTP/1.1" 301 229 "-" "Expanse indexes the network perimeters of our customers. If you have any questions or concerns, please reach out to: scaninfo@expanseinc.com"
103.234.210.242 - - [30/Oct/2021:12:39:13 +0700] "GET / HTTP/1.1" 301 229 "-" "Go-http-client/1.1"
103.234.210.242 - - [30/Oct/2021:13:09:26 +0700] "GET / HTTP/1.1" 301 229 "-" "Go-http-client/1.1"
103.234.210.242 - - [30/Oct/2021:13:40:04 +0700] "GET / HTTP/1.1" 301 229 "-" "Go-http-client/1.1"
103.234.210.242 - - [30/Oct/2021:14:09:30 +0700] "GET / HTTP/1.1" 301 229 "-" "Go-http-client/1.1"
103.234.210.242 - - [30/Oct/2021:14:41:50 +0700] "GET / HTTP/1.1" 301 229 "-" "Go-http-client/1.1"
66.249.71.34 - - [30/Oct/2021:15:01:48 +0700] "GET /robots.txt HTTP/1.1" 301 239 "-" "Mozilla/5.0 (compatible; Googlebot/2.1; +http://www.google.com/bot.html)"
66.249.71.36 - - [30/Oct/2021:15:01:49 +0700] "GET /ads.txt HTTP/1.1" 301 236 "-" "Mozilla/5.0 (compatible; Googlebot/2.1; +http://www.google.com/bot.html)"
103.234.210.242 - - [30/Oct/2021:15:08:51 +0700] "GET / HTTP/1.1" 301 229 "-" "Go-http-client/1.1"
103.234.210.242 - - [30/Oct/2021:15:40:25 +0700] "GET / HTTP/1.1" 301 229 "-" "Go-http-client/1.1"
103.234.210.242 - - [30/Oct/2021:16:09:05 +0700] "GET / HTTP/1.1" 301 229 "-" "Go-http-client/1.1"
195.154.61.206 - - [30/Oct/2021:16:23:19 +0700] "GET / HTTP/1.1" 301 229 "-" "Mozilla/5.0 (X11; Ubuntu; Linux x86_64; rv:58.0) Gecko/20100101 Firefox/58.0"
103.234.210.242 - - [30/Oct/2021:16:40:03 +0700] "GET / HTTP/1.1" 301 229 "-" "Go-http-client/1.1"
103.234.210.242 - - [30/Oct/2021:17:09:07 +0700] "GET / HTTP/1.1" 301 229 "-" "Go-http-client/1.1"
66.249.71.34 - - [30/Oct/2021:17:15:02 +0700] "GET /app-ads.txt HTTP/1.1" 301 240 "-" "Google-adstxt"
103.234.210.242 - - [30/Oct/2021:17:39:57 +0700] "GET / HTTP/1.1" 301 229 "-" "Go-http-client/1.1"
103.234.210.242 - - [30/Oct/2021:18:08:31 +0700] "GET / HTTP/1.1" 301 229 "-" "Go-http-client/1.1"
103.234.210.242 - - [30/Oct/2021:18:40:32 +0700] "GET / HTTP/1.1" 301 229 "-" "Go-http-client/1.1"
20.212.2.110 - - [30/Oct/2021:18:52:54 +0700] "GET / HTTP/1.1" 301 229 "-" "Mozilla/5.0 (Windows NT 10.0; Win64; x64) AppleWebKit/537.36 (KHTML, like Gecko) Chrome/88.0.4240.193 Safari/537.36"
103.234.210.242 - - [30/Oct/2021:19:09:04 +0700] "GET / HTTP/1.1" 301 229 "-" "Go-http-client/1.1"
103.234.210.242 - - [30/Oct/2021:19:39:14 +0700] "GET / HTTP/1.1" 301 229 "-" "Go-http-client/1.1"
103.234.210.242 - - [30/Oct/2021:20:09:21 +0700] "GET / HTTP/1.1" 301 229 "-" "Go-http-client/1.1"
103.234.210.242 - - [30/Oct/2021:20:39:06 +0700] "GET / HTTP/1.1" 301 229 "-" "Go-http-client/1.1"
103.234.210.242 - - [30/Oct/2021:21:07:43 +0700] "GET / HTTP/1.1" 301 229 "-" "Go-http-client/1.1"
103.234.210.242 - - [30/Oct/2021:21:38:15 +0700] "GET / HTTP/1.1" 301 229 "-" "Go-http-client/1.1"
157.55.39.127 - - [30/Oct/2021:21:40:00 +0700] "GET / HTTP/1.1" 301 229 "-" "Mozilla/5.0 (compatible; bingbot/2.0; +http://www.bing.com/bingbot.htm)"
103.234.210.242 - - [30/Oct/2021:22:08:07 +0700] "GET / HTTP/1.1" 301 229 "-" "Go-http-client/1.1"
103.234.210.242 - - [30/Oct/2021:22:38:39 +0700] "GET / HTTP/1.1" 301 229 "-" "Go-http-client/1.1"
103.234.210.242 - - [30/Oct/2021:23:06:52 +0700] "GET / HTTP/1.1" 301 229 "-" "Go-http-client/1.1"
103.234.210.242 - - [30/Oct/2021:23:39:20 +0700] "GET / HTTP/1.1" 301 229 "-" "Go-http-client/1.1"
103.234.210.242 - - [31/Oct/2021:00:10:05 +0700] "GET / HTTP/1.1" 301 229 "-" "Go-http-client/1.1"
103.234.210.242 - - [31/Oct/2021:00:39:58 +0700] "GET / HTTP/1.1" 301 229 "-" "Go-http-client/1.1"
3.15.185.187 - - [31/Oct/2021:00:52:00 +0700] "GET /.env HTTP/1.1" 301 233 "-" "Python/3.7 aiohttp/3.7.4.post0"
3.15.185.187 - - [31/Oct/2021:00:52:09 +0700] "POST / HTTP/1.1" 301 229 "-" "Python/3.7 aiohttp/3.7.4.post0"
103.234.210.242 - - [31/Oct/2021:01:00:26 +0700] "GET /.well-known/pki-validation/582F1E1A4B0AC7EBAEA7F4AB9341E24C.txt HTTP/1.1" 301 292 "-" "COMODO DCV"
103.234.210.242 - - [31/Oct/2021:01:00:26 +0700] "GET /.well-known/pki-validation/40BB7A7C4FCECFF19188CC4864F40960.txt HTTP/1.1" 301 296 "-" "COMODO DCV"
103.234.210.242 - - [31/Oct/2021:01:10:32 +0700] "GET / HTTP/1.1" 301 229 "-" "Go-http-client/1.1"
103.234.210.242 - - [31/Oct/2021:01:40:20 +0700] "GET / HTTP/1.1" 301 229 "-" "Go-http-client/1.1"
103.234.210.242 - - [31/Oct/2021:02:09:28 +0700] "GET / HTTP/1.1" 301 229 "-" "Go-http-client/1.1"
103.234.210.242 - - [31/Oct/2021:02:39:27 +0700] "GET / HTTP/1.1" 301 229 "-" "Go-http-client/1.1"
103.234.210.242 - - [31/Oct/2021:03:09:11 +0700] "GET / HTTP/1.1" 301 229 "-" "Go-http-client/1.1"
103.234.210.242 - - [31/Oct/2021:03:38:56 +0700] "GET / HTTP/1.1" 301 229 "-" "Go-http-client/1.1"
103.234.210.242 - - [31/Oct/2021:04:08:36 +0700] "GET / HTTP/1.1" 301 229 "-" "Go-http-client/1.1"
103.234.210.242 - - [31/Oct/2021:04:39:22 +0700] "GET / HTTP/1.1" 301 229 "-" "Go-http-client/1.1"
103.234.210.242 - - [31/Oct/2021:05:09:33 +0700] "GET / HTTP/1.1" 301 229 "-" "Go-http-client/1.1"
103.234.210.242 - - [31/Oct/2021:05:39:20 +0700] "GET / HTTP/1.1" 301 229 "-" "Go-http-client/1.1"
103.234.210.242 - - [31/Oct/2021:06:10:17 +0700] "GET / HTTP/1.1" 301 229 "-" "Go-http-client/1.1"
103.234.210.242 - - [31/Oct/2021:06:39:07 +0700] "GET / HTTP/1.1" 301 229 "-" "Go-http-client/1.1"
103.234.210.242 - - [31/Oct/2021:07:09:36 +0700] "GET / HTTP/1.1" 301 229 "-" "Go-http-client/1.1"
103.234.210.242 - - [31/Oct/2021:07:39:26 +0700] "GET / HTTP/1.1" 301 229 "-" "Go-http-client/1.1"
103.234.210.242 - - [31/Oct/2021:08:08:12 +0700] "GET / HTTP/1.1" 301 229 "-" "Go-http-client/1.1"
103.234.210.242 - - [31/Oct/2021:08:39:16 +0700] "GET / HTTP/1.1" 301 229 "-" "Go-http-client/1.1"
40.77.167.53 - - [31/Oct/2021:08:55:14 +0700] "GET /robots.txt HTTP/1.1" 301 239 "-" "Mozilla/5.0 (compatible; bingbot/2.0; +http://www.bing.com/bingbot.htm)"
157.55.39.127 - - [31/Oct/2021:08:55:26 +0700] "GET / HTTP/1.1" 301 229 "-" "Mozilla/5.0 (compatible; bingbot/2.0; +http://www.bing.com/bingbot.htm)"
103.234.210.242 - - [31/Oct/2021:09:07:56 +0700] "GET / HTTP/1.1" 301 229 "-" "Go-http-client/1.1"
103.234.210.242 - - [31/Oct/2021:09:40:46 +0700] "GET / HTTP/1.1" 301 229 "-" "Go-http-client/1.1"
103.234.210.242 - - [31/Oct/2021:10:08:18 +0700] "GET / HTTP/1.1" 301 229 "-" "Go-http-client/1.1"
103.234.210.242 - - [31/Oct/2021:10:38:32 +0700] "GET / HTTP/1.1" 301 229 "-" "Go-http-client/1.1"
103.234.210.242 - - [31/Oct/2021:11:09:01 +0700] "GET / HTTP/1.1" 301 229 "-" "Go-http-client/1.1"
103.234.210.242 - - [31/Oct/2021:11:42:09 +0700] "GET / HTTP/1.1" 301 229 "-" "Go-http-client/1.1"
103.234.210.242 - - [31/Oct/2021:12:08:19 +0700] "GET / HTTP/1.1" 301 229 "-" "Go-http-client/1.1"
103.234.210.242 - - [31/Oct/2021:12:40:24 +0700] "GET / HTTP/1.1" 301 229 "-" "Go-http-client/1.1"
103.234.210.242 - - [31/Oct/2021:13:07:40 +0700] "GET / HTTP/1.1" 301 229 "-" "Go-http-client/1.1"
45.249.171.25 - - [31/Oct/2021:13:30:32 +0700] "GET / HTTP/1.1" 301 233 "-" "Go-http-client/1.1"
103.234.210.242 - - [31/Oct/2021:13:38:12 +0700] "GET / HTTP/1.1" 301 229 "-" "Go-http-client/1.1"
103.234.210.242 - - [31/Oct/2021:14:08:36 +0700] "GET / HTTP/1.1" 301 229 "-" "Go-http-client/1.1"
185.239.208.230 - - [31/Oct/2021:14:20:00 +0700] "GET ///installer.php HTTP/1.1" 301 242 "-" "curl/7.68.0"
185.239.208.230 - - [31/Oct/2021:14:20:09 +0700] "GET ///installer-backup.php HTTP/1.1" 301 249 "-" "curl/7.68.0"
185.239.208.230 - - [31/Oct/2021:14:20:11 +0700] "GET ///dup-installer/main.installer.php HTTP/1.1" 301 261 "-" "curl/7.68.0"
185.239.208.230 - - [31/Oct/2021:14:20:14 +0700] "GET /wp/installer.php HTTP/1.1" 301 245 "-" "curl/7.68.0"
185.239.208.230 - - [31/Oct/2021:14:20:16 +0700] "GET /wp/installer-backup.php HTTP/1.1" 301 252 "-" "curl/7.68.0"
185.239.208.230 - - [31/Oct/2021:14:20:17 +0700] "GET /wp/dup-installer/main.installer.php HTTP/1.1" 301 264 "-" "curl/7.68.0"
185.239.208.230 - - [31/Oct/2021:14:20:20 +0700] "GET /wordpress/installer.php HTTP/1.1" 301 252 "-" "curl/7.68.0"
185.239.208.230 - - [31/Oct/2021:14:20:22 +0700] "GET /wordpress/installer-backup.php HTTP/1.1" 301 259 "-" "curl/7.68.0"
185.239.208.230 - - [31/Oct/2021:14:20:23 +0700] "GET /wordpress/dup-installer/main.installer.php HTTP/1.1" 301 271 "-" "curl/7.68.0"
185.239.208.230 - - [31/Oct/2021:14:20:25 +0700] "GET /old/installer.php HTTP/1.1" 301 246 "-" "curl/7.68.0"
185.239.208.230 - - [31/Oct/2021:14:20:28 +0700] "GET /old/installer-backup.php HTTP/1.1" 301 253 "-" "curl/7.68.0"
185.239.208.230 - - [31/Oct/2021:14:20:30 +0700] "GET /old/dup-installer/main.installer.php HTTP/1.1" 301 265 "-" "curl/7.68.0"
185.239.208.230 - - [31/Oct/2021:14:20:32 +0700] "GET /blog/installer.php HTTP/1.1" 301 247 "-" "curl/7.68.0"
185.239.208.230 - - [31/Oct/2021:14:20:34 +0700] "GET /blog/installer-backup.php HTTP/1.1" 301 254 "-" "curl/7.68.0"
185.239.208.230 - - [31/Oct/2021:14:20:35 +0700] "GET /blog/dup-installer/main.installer.php HTTP/1.1" 301 266 "-" "curl/7.68.0"
185.239.208.230 - - [31/Oct/2021:14:20:38 +0700] "GET /demo/installer.php HTTP/1.1" 301 247 "-" "curl/7.68.0"
185.239.208.230 - - [31/Oct/2021:14:20:39 +0700] "GET /demo/installer-backup.php HTTP/1.1" 301 254 "-" "curl/7.68.0"
185.239.208.230 - - [31/Oct/2021:14:20:41 +0700] "GET /demo/dup-installer/main.installer.php HTTP/1.1" 301 266 "-" "curl/7.68.0"
185.239.208.230 - - [31/Oct/2021:14:20:43 +0700] "GET /backup/installer.php HTTP/1.1" 301 249 "-" "curl/7.68.0"
185.239.208.230 - - [31/Oct/2021:14:20:45 +0700] "GET /backup/installer-backup.php HTTP/1.1" 301 256 "-" "curl/7.68.0"
185.239.208.230 - - [31/Oct/2021:14:20:47 +0700] "GET /backup/dup-installer/main.installer.php HTTP/1.1" 301 268 "-" "curl/7.68.0"
185.239.208.230 - - [31/Oct/2021:14:20:49 +0700] "GET /new/installer.php HTTP/1.1" 301 246 "-" "curl/7.68.0"
185.239.208.230 - - [31/Oct/2021:14:20:51 +0700] "GET /new/installer-backup.php HTTP/1.1" 301 253 "-" "curl/7.68.0"
185.239.208.230 - - [31/Oct/2021:14:20:52 +0700] "GET /new/dup-installer/main.installer.php HTTP/1.1" 301 265 "-" "curl/7.68.0"
185.239.208.230 - - [31/Oct/2021:14:20:54 +0700] "GET /Backup/installer.php HTTP/1.1" 301 249 "-" "curl/7.68.0"
185.239.208.230 - - [31/Oct/2021:14:20:56 +0700] "GET /Backup/installer-backup.php HTTP/1.1" 301 256 "-" "curl/7.68.0"
185.239.208.230 - - [31/Oct/2021:14:20:57 +0700] "GET /Backup/dup-installer/main.installer.php HTTP/1.1" 301 268 "-" "curl/7.68.0"
185.239.208.230 - - [31/Oct/2021:14:20:59 +0700] "GET /back/installer.php HTTP/1.1" 301 247 "-" "curl/7.68.0"
185.239.208.230 - - [31/Oct/2021:14:21:01 +0700] "GET /back/installer-backup.php HTTP/1.1" 301 254 "-" "curl/7.68.0"
185.239.208.230 - - [31/Oct/2021:14:21:03 +0700] "GET /back/dup-installer/main.installer.php HTTP/1.1" 301 266 "-" "curl/7.68.0"
185.239.208.230 - - [31/Oct/2021:14:21:05 +0700] "GET /shop/installer.php HTTP/1.1" 301 247 "-" "curl/7.68.0"
185.239.208.230 - - [31/Oct/2021:14:21:07 +0700] "GET /shop/installer-backup.php HTTP/1.1" 301 254 "-" "curl/7.68.0"
185.239.208.230 - - [31/Oct/2021:14:21:08 +0700] "GET /shop/dup-installer/main.installer.php HTTP/1.1" 301 266 "-" "curl/7.68.0"
185.239.208.230 - - [31/Oct/2021:14:21:10 +0700] "GET /Blog/installer.php HTTP/1.1" 301 247 "-" "curl/7.68.0"
185.239.208.230 - - [31/Oct/2021:14:21:12 +0700] "GET /Blog/installer-backup.php HTTP/1.1" 301 254 "-" "curl/7.68.0"
185.239.208.230 - - [31/Oct/2021:14:21:14 +0700] "GET /Blog/dup-installer/main.installer.php HTTP/1.1" 301 266 "-" "curl/7.68.0"
185.239.208.230 - - [31/Oct/2021:14:21:17 +0700] "GET /WP/installer.php HTTP/1.1" 301 245 "-" "curl/7.68.0"
185.239.208.230 - - [31/Oct/2021:14:21:18 +0700] "GET /WP/installer-backup.php HTTP/1.1" 301 252 "-" "curl/7.68.0"
185.239.208.230 - - [31/Oct/2021:14:21:20 +0700] "GET /WP/dup-installer/main.installer.php HTTP/1.1" 301 264 "-" "curl/7.68.0"
185.239.208.230 - - [31/Oct/2021:14:21:22 +0700] "GET /2019/installer.php HTTP/1.1" 301 247 "-" "curl/7.68.0"
185.239.208.230 - - [31/Oct/2021:14:21:25 +0700] "GET /2019/installer-backup.php HTTP/1.1" 301 254 "-" "curl/7.68.0"
185.239.208.230 - - [31/Oct/2021:14:21:27 +0700] "GET /2019/dup-installer/main.installer.php HTTP/1.1" 301 266 "-" "curl/7.68.0"
185.239.208.230 - - [31/Oct/2021:14:21:29 +0700] "GET /2020/installer.php HTTP/1.1" 301 247 "-" "curl/7.68.0"
185.239.208.230 - - [31/Oct/2021:14:21:31 +0700] "GET /2020/installer-backup.php HTTP/1.1" 301 254 "-" "curl/7.68.0"
185.239.208.230 - - [31/Oct/2021:14:21:33 +0700] "GET /2020/dup-installer/main.installer.php HTTP/1.1" 301 266 "-" "curl/7.68.0"
185.239.208.230 - - [31/Oct/2021:14:21:35 +0700] "GET /2021/installer.php HTTP/1.1" 301 247 "-" "curl/7.68.0"
185.239.208.230 - - [31/Oct/2021:14:21:36 +0700] "GET /2021/installer-backup.php HTTP/1.1" 301 254 "-" "curl/7.68.0"
185.239.208.230 - - [31/Oct/2021:14:21:39 +0700] "GET /2021/dup-installer/main.installer.php HTTP/1.1" 301 266 "-" "curl/7.68.0"
185.239.208.230 - - [31/Oct/2021:14:21:41 +0700] "GET /shop/installer.php HTTP/1.1" 301 247 "-" "curl/7.68.0"
185.239.208.230 - - [31/Oct/2021:14:21:43 +0700] "GET /shop/installer-backup.php HTTP/1.1" 301 254 "-" "curl/7.68.0"
185.239.208.230 - - [31/Oct/2021:14:21:45 +0700] "GET /shop/dup-installer/main.installer.php HTTP/1.1" 301 266 "-" "curl/7.68.0"
185.239.208.230 - - [31/Oct/2021:14:21:47 +0700] "GET /New/installer.php HTTP/1.1" 301 246 "-" "curl/7.68.0"
185.239.208.230 - - [31/Oct/2021:14:21:49 +0700] "GET /New/installer-backup.php HTTP/1.1" 301 253 "-" "curl/7.68.0"
185.239.208.230 - - [31/Oct/2021:14:21:51 +0700] "GET /New/dup-installer/main.installer.php HTTP/1.1" 301 265 "-" "curl/7.68.0"
185.239.208.230 - - [31/Oct/2021:14:21:53 +0700] "GET /OLD/installer.php HTTP/1.1" 301 246 "-" "curl/7.68.0"
185.239.208.230 - - [31/Oct/2021:14:21:55 +0700] "GET /OLD/installer-backup.php HTTP/1.1" 301 253 "-" "curl/7.68.0"
185.239.208.230 - - [31/Oct/2021:14:21:56 +0700] "GET /OLD/dup-installer/main.installer.php HTTP/1.1" 301 265 "-" "curl/7.68.0"
103.234.210.242 - - [31/Oct/2021:14:39:19 +0700] "GET / HTTP/1.1" 301 229 "-" "Go-http-client/1.1"
66.249.71.36 - - [31/Oct/2021:15:03:58 +0700] "GET /robots.txt HTTP/1.1" 301 239 "-" "Mozilla/5.0 (compatible; Googlebot/2.1; +http://www.google.com/bot.html)"
66.249.71.38 - - [31/Oct/2021:15:03:59 +0700] "GET /ads.txt HTTP/1.1" 301 236 "-" "Mozilla/5.0 (compatible; Googlebot/2.1; +http://www.google.com/bot.html)"
103.234.210.242 - - [31/Oct/2021:15:09:14 +0700] "GET / HTTP/1.1" 301 229 "-" "Go-http-client/1.1"
103.234.210.242 - - [31/Oct/2021:15:40:03 +0700] "GET / HTTP/1.1" 301 229 "-" "Go-http-client/1.1"
103.234.210.242 - - [31/Oct/2021:16:09:45 +0700] "GET / HTTP/1.1" 301 229 "-" "Go-http-client/1.1"
103.234.210.242 - - [31/Oct/2021:16:38:25 +0700] "GET / HTTP/1.1" 301 229 "-" "Go-http-client/1.1"
66.249.71.34 - - [31/Oct/2021:16:45:16 +0700] "GET /app-ads.txt HTTP/1.1" 301 240 "-" "Google-adstxt"
142.93.183.35 - - [31/Oct/2021:17:07:50 +0700] "GET / HTTP/1.0" 301 233 "-" "Mozilla/5.0 (compatible; NetcraftSurveyAgent/1.0; +info@netcraft.com)"
103.234.210.242 - - [31/Oct/2021:17:10:33 +0700] "GET / HTTP/1.1" 301 229 "-" "Go-http-client/1.1"
103.234.210.242 - - [31/Oct/2021:17:38:20 +0700] "GET / HTTP/1.1" 301 229 "-" "Go-http-client/1.1"
103.234.210.242 - - [31/Oct/2021:18:08:51 +0700] "GET / HTTP/1.1" 301 229 "-" "Go-http-client/1.1"
157.55.39.127 - - [31/Oct/2021:18:22:40 +0700] "GET / HTTP/1.1" 301 229 "-" "Mozilla/5.0 (compatible; bingbot/2.0; +http://www.bing.com/bingbot.htm)"
103.234.210.242 - - [31/Oct/2021:18:38:27 +0700] "GET / HTTP/1.1" 301 229 "-" "Go-http-client/1.1"
103.234.210.242 - - [31/Oct/2021:19:08:41 +0700] "GET / HTTP/1.1" 301 229 "-" "Go-http-client/1.1"
103.234.210.242 - - [31/Oct/2021:19:38:53 +0700] "GET / HTTP/1.1" 301 229 "-" "Go-http-client/1.1"
103.234.210.242 - - [31/Oct/2021:20:08:12 +0700] "GET / HTTP/1.1" 301 229 "-" "Go-http-client/1.1"
103.234.210.242 - - [31/Oct/2021:20:39:37 +0700] "GET / HTTP/1.1" 301 229 "-" "Go-http-client/1.1"
103.234.210.242 - - [31/Oct/2021:21:08:47 +0700] "GET / HTTP/1.1" 301 229 "-" "Go-http-client/1.1"
103.234.210.242 - - [31/Oct/2021:21:38:27 +0700] "GET / HTTP/1.1" 301 229 "-" "Go-http-client/1.1"
157.245.115.185 - - [31/Oct/2021:21:40:23 +0700] "GET /.env HTTP/1.1" 301 233 "-" "Mozilla/5.0 (Macintosh; Intel Mac OS X 10.15; rv:77.0) Gecko/20100101 Firefox/77.0"
185.27.99.123 - - [31/Oct/2021:21:45:50 +0700] "GET /robots.txt HTTP/1.1" 301 239 "-" "Mozilla/5.0 (Macintosh; Intel Mac OS X 10_13_6) AppleWebKit/537.36 (KHTML, like Gecko) Chrome/91.0.4472.114 Safari/537.36"
185.27.99.136 - - [31/Oct/2021:21:45:52 +0700] "GET /humans.txt HTTP/1.1" 301 239 "-" "Mozilla/5.0 (Macintosh; Intel Mac OS X 10_13_6) AppleWebKit/537.36 (KHTML, like Gecko) Chrome/91.0.4472.114 Safari/537.36"
185.27.99.116 - - [31/Oct/2021:21:45:53 +0700] "GET /ads.txt HTTP/1.1" 301 236 "-" "Mozilla/5.0 (Macintosh; Intel Mac OS X 10_13_6) AppleWebKit/537.36 (KHTML, like Gecko) Chrome/91.0.4472.114 Safari/537.36"
185.27.99.112 - - [31/Oct/2021:21:45:56 +0700] "GET / HTTP/1.1" 301 229 "-" "Mozilla/5.0 (Macintosh; Intel Mac OS X 10_13_6) AppleWebKit/537.36 (KHTML, like Gecko) Chrome/91.0.4472.114 Safari/537.36"
36.84.130.172 - - [31/Oct/2021:22:02:49 +0700] "GET / HTTP/1.1" 301 229 "-" "Mozilla/5.0 (Windows NT 10.0; Win64; x64; rv:93.0) Gecko/20100101 Firefox/93.0"
103.234.210.242 - - [31/Oct/2021:22:08:14 +0700] "GET / HTTP/1.1" 301 229 "-" "Go-http-client/1.1"
103.234.210.242 - - [31/Oct/2021:22:38:31 +0700] "GET / HTTP/1.1" 301 229 "-" "Go-http-client/1.1"
103.234.210.242 - - [31/Oct/2021:23:07:48 +0700] "GET / HTTP/1.1" 301 229 "-" "Go-http-client/1.1"
103.234.210.242 - - [31/Oct/2021:23:39:28 +0700] "GET / HTTP/1.1" 301 229 "-" "Go-http-client/1.1"
113.234.162.158 - - [01/Nov/2021:00:03:19 +0700] "GET / HTTP/1.1" 301 233 "-" "Mozilla/5.0 (iPhone; CPU iPhone OS 11_4_1 like Mac OS X) AppleWebKit/605.1.15 (KHTML, like Gecko) Mobile/15G77 ChannelId(73) NebulaSDK/1.8.100112 Nebula PSDType(1) AlipayDefined(nt:4G,ws:320|504|2.0) AliApp(AP/10.1.30.300) AlipayClient/10.1.30.300 Alipay Language/zh-Hans"
103.234.210.242 - - [01/Nov/2021:00:09:48 +0700] "GET / HTTP/1.1" 301 229 "-" "Go-http-client/1.1"
103.234.210.242 - - [01/Nov/2021:00:40:17 +0700] "GET / HTTP/1.1" 301 229 "-" "Go-http-client/1.1"
103.234.210.242 - - [01/Nov/2021:00:48:38 +0700] "GET /.well-known/pki-validation/E3E0A6C5D8365C7EFAEA255116C7B829.txt HTTP/1.1" 301 292 "-" "COMODO DCV"
103.234.210.242 - - [01/Nov/2021:00:48:38 +0700] "GET /.well-known/pki-validation/0ECB9F49C624112880ED21C4CCF14CCF.txt HTTP/1.1" 301 296 "-" "COMODO DCV"
103.234.210.242 - - [01/Nov/2021:01:08:32 +0700] "GET / HTTP/1.1" 301 229 "-" "Go-http-client/1.1"
103.234.210.242 - - [01/Nov/2021:01:39:56 +0700] "GET / HTTP/1.1" 301 229 "-" "Go-http-client/1.1"
103.234.210.242 - - [01/Nov/2021:02:08:41 +0700] "GET / HTTP/1.1" 301 229 "-" "Go-http-client/1.1"
103.234.210.242 - - [01/Nov/2021:02:39:29 +0700] "GET / HTTP/1.1" 301 229 "-" "Go-http-client/1.1"
103.234.210.242 - - [01/Nov/2021:03:09:49 +0700] "GET / HTTP/1.1" 301 229 "-" "Go-http-client/1.1"
203.114.75.162 - - [01/Nov/2021:03:16:08 +0700] "GET / HTTP/1.0" 301 229 "-" "bot"
103.234.210.242 - - [01/Nov/2021:03:38:42 +0700] "GET / HTTP/1.1" 301 229 "-" "Go-http-client/1.1"
103.234.210.242 - - [01/Nov/2021:04:09:44 +0700] "GET / HTTP/1.1" 301 229 "-" "Go-http-client/1.1"
103.234.210.242 - - [01/Nov/2021:04:39:28 +0700] "GET / HTTP/1.1" 301 229 "-" "Go-http-client/1.1"
103.234.210.242 - - [01/Nov/2021:05:09:56 +0700] "GET / HTTP/1.1" 301 229 "-" "Go-http-client/1.1"
103.234.210.242 - - [01/Nov/2021:05:40:41 +0700] "GET / HTTP/1.1" 301 229 "-" "Go-http-client/1.1"
103.234.210.242 - - [01/Nov/2021:06:10:37 +0700] "GET / HTTP/1.1" 301 229 "-" "Go-http-client/1.1"
103.234.210.242 - - [01/Nov/2021:06:39:42 +0700] "GET / HTTP/1.1" 301 229 "-" "Go-http-client/1.1"
103.234.210.242 - - [01/Nov/2021:07:09:30 +0700] "GET / HTTP/1.1" 301 229 "-" "Go-http-client/1.1"
157.55.39.127 - - [01/Nov/2021:07:35:35 +0700] "GET / HTTP/1.1" 301 229 "-" "Mozilla/5.0 (compatible; bingbot/2.0; +http://www.bing.com/bingbot.htm)"
103.234.210.242 - - [01/Nov/2021:07:39:11 +0700] "GET / HTTP/1.1" 301 229 "-" "Go-http-client/1.1"
103.234.210.242 - - [01/Nov/2021:08:08:53 +0700] "GET / HTTP/1.1" 301 229 "-" "Go-http-client/1.1"
103.234.210.242 - - [01/Nov/2021:08:39:19 +0700] "GET / HTTP/1.1" 301 229 "-" "Go-http-client/1.1"
103.234.210.242 - - [01/Nov/2021:09:09:01 +0700] "GET / HTTP/1.1" 301 229 "-" "Go-http-client/1.1"
103.234.210.242 - - [01/Nov/2021:09:39:08 +0700] "GET / HTTP/1.1" 301 229 "-" "Go-http-client/1.1"
103.234.210.242 - - [01/Nov/2021:10:09:19 +0700] "GET / HTTP/1.1" 301 229 "-" "Go-http-client/1.1"
107.172.87.24 - - [01/Nov/2021:10:30:02 +0700] "GET /wp-login.php HTTP/1.1" 301 245 "-" "Mozilla/5.0 (X11; Ubuntu; Linux x86_64; rv:62.0) Gecko/20100101 Firefox/62.0"
103.234.210.242 - - [01/Nov/2021:10:39:57 +0700] "GET / HTTP/1.1" 301 229 "-" "Go-http-client/1.1"
103.234.210.242 - - [01/Nov/2021:11:15:29 +0700] "GET / HTTP/1.1" 301 229 "-" "Go-http-client/1.1"
103.234.210.242 - - [01/Nov/2021:11:41:22 +0700] "GET / HTTP/1.1" 301 229 "-" "Go-http-client/1.1"
103.234.210.242 - - [01/Nov/2021:12:10:27 +0700] "GET / HTTP/1.1" 301 229 "-" "Go-http-client/1.1"
103.234.210.242 - - [01/Nov/2021:12:42:06 +0700] "GET / HTTP/1.1" 301 229 "-" "Go-http-client/1.1"
103.234.210.242 - - [01/Nov/2021:13:12:08 +0700] "GET / HTTP/1.1" 301 229 "-" "Go-http-client/1.1"
103.234.210.242 - - [01/Nov/2021:13:40:19 +0700] "GET / HTTP/1.1" 301 229 "-" "Go-http-client/1.1"
103.234.210.242 - - [01/Nov/2021:14:16:14 +0700] "GET / HTTP/1.1" 301 229 "-" "Go-http-client/1.1"
103.234.210.242 - - [01/Nov/2021:14:39:45 +0700] "GET / HTTP/1.1" 301 229 "-" "Go-http-client/1.1"
103.234.210.242 - - [01/Nov/2021:15:16:32 +0700] "GET / HTTP/1.1" 301 229 "-" "Go-http-client/1.1"
103.234.210.242 - - [01/Nov/2021:15:40:15 +0700] "GET / HTTP/1.1" 301 229 "-" "Go-http-client/1.1"
