119.91.96.219 - - [21/Oct/2021:16:16:24 +0700] "GET /common/common.js HTTP/1.1" 301 249 "-" "Mozilla/5.0 (Macintosh; Intel Mac OS X 10_9_4) AppleWebKit/537.36 (KHTML, like Gecko) Chrome/36.0.1985.125 Safari/537.36"
119.91.96.219 - - [21/Oct/2021:16:16:25 +0700] "GET /jcms/index.jsp HTTP/1.1" 301 247 "-" "Mozilla/5.0 (Macintosh; Intel Mac OS X 10_9_4) AppleWebKit/537.36 (KHTML, like Gecko) Chrome/36.0.1985.125 Safari/537.36"
119.91.96.219 - - [21/Oct/2021:16:16:25 +0700] "GET /jcms/index_jcms.jsp HTTP/1.1" 301 252 "-" "Mozilla/5.0 (Macintosh; Intel Mac OS X 10_9_4) AppleWebKit/537.36 (KHTML, like Gecko) Chrome/36.0.1985.125 Safari/537.36"
119.91.96.219 - - [21/Oct/2021:16:16:25 +0700] "GET /inc/Templates/rss.xslt HTTP/1.1" 301 255 "-" "Mozilla/5.0 (Macintosh; Intel Mac OS X 10_9_4) AppleWebKit/537.36 (KHTML, like Gecko) Chrome/36.0.1985.125 Safari/537.36"
119.91.96.219 - - [21/Oct/2021:16:16:26 +0700] "GET /extern.php?action=feed&type=atom HTTP/1.1" 301 269 "-" "Mozilla/5.0 (Macintosh; Intel Mac OS X 10_9_4) AppleWebKit/537.36 (KHTML, like Gecko) Chrome/36.0.1985.125 Safari/537.36"
119.91.96.219 - - [21/Oct/2021:16:16:26 +0700] "GET /admin.php?mod=profile&u_key=123456 HTTP/1.1" 301 271 "-" "Mozilla/5.0 (Macintosh; Intel Mac OS X 10_9_4) AppleWebKit/537.36 (KHTML, like Gecko) Chrome/36.0.1985.125 Safari/537.36"
119.91.96.219 - - [21/Oct/2021:16:16:26 +0700] "GET /ks_inc/ajax.js HTTP/1.1" 301 247 "-" "Mozilla/5.0 (Macintosh; Intel Mac OS X 10_9_4) AppleWebKit/537.36 (KHTML, like Gecko) Chrome/36.0.1985.125 Safari/537.36"
119.91.96.219 - - [21/Oct/2021:16:16:26 +0700] "GET /api/api_user.xml HTTP/1.1" 301 249 "-" "Mozilla/5.0 (Macintosh; Intel Mac OS X 10_9_4) AppleWebKit/537.36 (KHTML, like Gecko) Chrome/36.0.1985.125 Safari/537.36"
119.91.96.219 - - [21/Oct/2021:16:16:26 +0700] "GET /base/login/login.php HTTP/1.1" 301 253 "-" "Mozilla/5.0 (Macintosh; Intel Mac OS X 10_9_4) AppleWebKit/537.36 (KHTML, like Gecko) Chrome/36.0.1985.125 Safari/537.36"
119.91.96.219 - - [21/Oct/2021:16:16:27 +0700] "GET /js/ajax_x.js HTTP/1.1" 301 245 "-" "Mozilla/5.0 (Macintosh; Intel Mac OS X 10_9_4) AppleWebKit/537.36 (KHTML, like Gecko) Chrome/36.0.1985.125 Safari/537.36"
119.91.96.219 - - [21/Oct/2021:16:16:27 +0700] "GET /ycportal/js/wbTextBox/showimg.jsp HTTP/1.1" 301 266 "-" "Mozilla/5.0 (Macintosh; Intel Mac OS X 10_9_4) AppleWebKit/537.36 (KHTML, like Gecko) Chrome/36.0.1985.125 Safari/537.36"
119.91.96.219 - - [21/Oct/2021:16:16:27 +0700] "GET /template/home.htm HTTP/1.1" 301 250 "-" "Mozilla/5.0 (Macintosh; Intel Mac OS X 10_9_4) AppleWebKit/537.36 (KHTML, like Gecko) Chrome/36.0.1985.125 Safari/537.36"
119.91.96.219 - - [21/Oct/2021:16:16:28 +0700] "GET /system/skins/default/system.login.htm HTTP/1.1" 301 270 "-" "Mozilla/5.0 (Macintosh; Intel Mac OS X 10_9_4) AppleWebKit/537.36 (KHTML, like Gecko) Chrome/36.0.1985.125 Safari/537.36"
119.91.96.219 - - [21/Oct/2021:16:16:28 +0700] "GET /system/language/zh-cn.xml HTTP/1.1" 301 258 "-" "Mozilla/5.0 (Macintosh; Intel Mac OS X 10_9_4) AppleWebKit/537.36 (KHTML, like Gecko) Chrome/36.0.1985.125 Safari/537.36"
119.91.96.219 - - [21/Oct/2021:16:16:28 +0700] "GET /static/hgicon.png HTTP/1.1" 301 250 "-" "Mozilla/5.0 (Macintosh; Intel Mac OS X 10_9_4) AppleWebKit/537.36 (KHTML, like Gecko) Chrome/36.0.1985.125 Safari/537.36"
119.91.96.219 - - [21/Oct/2021:16:16:29 +0700] "GET /rss.aspx HTTP/1.1" 301 241 "-" "Mozilla/5.0 (Macintosh; Intel Mac OS X 10_9_4) AppleWebKit/537.36 (KHTML, like Gecko) Chrome/36.0.1985.125 Safari/537.36"
119.91.96.219 - - [21/Oct/2021:16:16:29 +0700] "GET /max-templates/classic/styles/app.css HTTP/1.1" 301 269 "-" "Mozilla/5.0 (Macintosh; Intel Mac OS X 10_9_4) AppleWebKit/537.36 (KHTML, like Gecko) Chrome/36.0.1985.125 Safari/537.36"
119.91.96.219 - - [21/Oct/2021:16:16:29 +0700] "GET /licence.txt HTTP/1.1" 301 244 "-" "Mozilla/5.0 (Macintosh; Intel Mac OS X 10_9_4) AppleWebKit/537.36 (KHTML, like Gecko) Chrome/36.0.1985.125 Safari/537.36"
119.91.96.219 - - [21/Oct/2021:16:16:29 +0700] "GET /images/login_Name.jpg HTTP/1.1" 301 254 "-" "Mozilla/5.0 (Macintosh; Intel Mac OS X 10_9_4) AppleWebKit/537.36 (KHTML, like Gecko) Chrome/36.0.1985.125 Safari/537.36"
119.91.96.219 - - [21/Oct/2021:16:16:29 +0700] "GET /index.php HTTP/1.1" 301 242 "-" "Mozilla/5.0 (Macintosh; Intel Mac OS X 10_9_4) AppleWebKit/537.36 (KHTML, like Gecko) Chrome/36.0.1985.125 Safari/537.36"
119.91.96.219 - - [21/Oct/2021:16:16:30 +0700] "GET /admin/ HTTP/1.1" 301 239 "-" "Mozilla/5.0 (Macintosh; Intel Mac OS X 10_9_4) AppleWebKit/537.36 (KHTML, like Gecko) Chrome/36.0.1985.125 Safari/537.36"
119.91.96.219 - - [21/Oct/2021:16:16:30 +0700] "GET /plug/publish HTTP/1.1" 301 245 "-" "Mozilla/5.0 (Macintosh; Intel Mac OS X 10_9_4) AppleWebKit/537.36 (KHTML, like Gecko) Chrome/36.0.1985.125 Safari/537.36"
119.91.96.219 - - [21/Oct/2021:16:16:30 +0700] "GET /admin.php HTTP/1.1" 301 242 "-" "Mozilla/5.0 (Macintosh; Intel Mac OS X 10_9_4) AppleWebKit/537.36 (KHTML, like Gecko) Chrome/36.0.1985.125 Safari/537.36"
119.91.96.219 - - [21/Oct/2021:16:16:30 +0700] "GET /admin/login.php HTTP/1.1" 301 248 "-" "Mozilla/5.0 (Macintosh; Intel Mac OS X 10_9_4) AppleWebKit/537.36 (KHTML, like Gecko) Chrome/36.0.1985.125 Safari/537.36"
119.91.96.219 - - [21/Oct/2021:16:16:31 +0700] "GET /images/logo_88x31.gif HTTP/1.1" 301 254 "-" "Mozilla/5.0 (Macintosh; Intel Mac OS X 10_9_4) AppleWebKit/537.36 (KHTML, like Gecko) Chrome/36.0.1985.125 Safari/537.36"
119.91.96.219 - - [21/Oct/2021:16:16:31 +0700] "GET /datacenter/downloadApp/showDownload.do HTTP/1.1" 301 271 "-" "Mozilla/5.0 (Macintosh; Intel Mac OS X 10_9_4) AppleWebKit/537.36 (KHTML, like Gecko) Chrome/36.0.1985.125 Safari/537.36"
119.91.96.219 - - [21/Oct/2021:16:16:31 +0700] "GET /script/login.js HTTP/1.1" 301 248 "-" "Mozilla/5.0 (Macintosh; Intel Mac OS X 10_9_4) AppleWebKit/537.36 (KHTML, like Gecko) Chrome/36.0.1985.125 Safari/537.36"
119.91.96.219 - - [21/Oct/2021:16:16:31 +0700] "GET /public/about.html HTTP/1.1" 301 250 "-" "Mozilla/5.0 (Macintosh; Intel Mac OS X 10_9_4) AppleWebKit/537.36 (KHTML, like Gecko) Chrome/36.0.1985.125 Safari/537.36"
119.91.96.219 - - [21/Oct/2021:16:16:32 +0700] "GET /help/en/h_authenticate.html HTTP/1.1" 301 260 "-" "Mozilla/5.0 (Macintosh; Intel Mac OS X 10_9_4) AppleWebKit/537.36 (KHTML, like Gecko) Chrome/36.0.1985.125 Safari/537.36"
119.91.96.219 - - [21/Oct/2021:16:16:32 +0700] "GET /imagesschool/style1/flash2.jpg HTTP/1.1" 301 263 "-" "Mozilla/5.0 (Macintosh; Intel Mac OS X 10_9_4) AppleWebKit/537.36 (KHTML, like Gecko) Chrome/36.0.1985.125 Safari/537.36"
119.91.96.219 - - [21/Oct/2021:16:16:32 +0700] "GET /Public/Admin/Images/login_main_bg.jpg HTTP/1.1" 301 270 "-" "Mozilla/5.0 (Macintosh; Intel Mac OS X 10_9_4) AppleWebKit/537.36 (KHTML, like Gecko) Chrome/36.0.1985.125 Safari/537.36"
119.91.96.219 - - [21/Oct/2021:16:16:32 +0700] "GET /customdir/images/english_logo.jpg HTTP/1.1" 301 266 "-" "Mozilla/5.0 (Macintosh; Intel Mac OS X 10_9_4) AppleWebKit/537.36 (KHTML, like Gecko) Chrome/36.0.1985.125 Safari/537.36"
119.91.96.219 - - [21/Oct/2021:16:16:32 +0700] "GET /images/zh-CN/logo.ico HTTP/1.1" 301 254 "-" "Mozilla/5.0 (Macintosh; Intel Mac OS X 10_9_4) AppleWebKit/537.36 (KHTML, like Gecko) Chrome/36.0.1985.125 Safari/537.36"
119.91.96.219 - - [21/Oct/2021:16:16:33 +0700] "GET /images/favicon.ico HTTP/1.1" 301 251 "-" "Mozilla/5.0 (Macintosh; Intel Mac OS X 10_9_4) AppleWebKit/537.36 (KHTML, like Gecko) Chrome/36.0.1985.125 Safari/537.36"
119.91.96.219 - - [21/Oct/2021:16:16:34 +0700] "GET /images/logo-white.png HTTP/1.1" 301 254 "-" "Mozilla/5.0 (Macintosh; Intel Mac OS X 10_9_4) AppleWebKit/537.36 (KHTML, like Gecko) Chrome/36.0.1985.125 Safari/537.36"
119.91.96.219 - - [21/Oct/2021:16:16:34 +0700] "GET /forum.php HTTP/1.1" 301 242 "-" "Mozilla/5.0 (Macintosh; Intel Mac OS X 10_9_4) AppleWebKit/537.36 (KHTML, like Gecko) Chrome/36.0.1985.125 Safari/537.36"
119.91.96.219 - - [21/Oct/2021:16:16:34 +0700] "GET /archiver/ HTTP/1.1" 301 242 "-" "Mozilla/5.0 (Macintosh; Intel Mac OS X 10_9_4) AppleWebKit/537.36 (KHTML, like Gecko) Chrome/36.0.1985.125 Safari/537.36"
119.91.96.219 - - [21/Oct/2021:16:16:34 +0700] "GET /uc_server/control/admin/db.php HTTP/1.1" 301 263 "-" "Mozilla/5.0 (Macintosh; Intel Mac OS X 10_9_4) AppleWebKit/537.36 (KHTML, like Gecko) Chrome/36.0.1985.125 Safari/537.36"
119.91.96.219 - - [21/Oct/2021:16:16:34 +0700] "GET /include/dedeajax2.js HTTP/1.1" 301 253 "-" "Mozilla/5.0 (Macintosh; Intel Mac OS X 10_9_4) AppleWebKit/537.36 (KHTML, like Gecko) Chrome/36.0.1985.125 Safari/537.36"
119.91.96.219 - - [21/Oct/2021:16:16:35 +0700] "GET /data/admin/ver.txt HTTP/1.1" 301 251 "-" "Mozilla/5.0 (Macintosh; Intel Mac OS X 10_9_4) AppleWebKit/537.36 (KHTML, like Gecko) Chrome/36.0.1985.125 Safari/537.36"
119.91.96.219 - - [21/Oct/2021:16:16:35 +0700] "GET /include/dialog/config.php HTTP/1.1" 301 258 "-" "Mozilla/5.0 (Macintosh; Intel Mac OS X 10_9_4) AppleWebKit/537.36 (KHTML, like Gecko) Chrome/36.0.1985.125 Safari/537.36"
119.91.96.219 - - [21/Oct/2021:16:16:35 +0700] "GET /plus/download.php HTTP/1.1" 301 250 "-" "Mozilla/5.0 (Macintosh; Intel Mac OS X 10_9_4) AppleWebKit/537.36 (KHTML, like Gecko) Chrome/36.0.1985.125 Safari/537.36"
119.91.96.219 - - [21/Oct/2021:16:16:35 +0700] "GET /digg.php HTTP/1.1" 301 241 "-" "Mozilla/5.0 (Macintosh; Intel Mac OS X 10_9_4) AppleWebKit/537.36 (KHTML, like Gecko) Chrome/36.0.1985.125 Safari/537.36"
119.91.96.219 - - [21/Oct/2021:16:16:36 +0700] "GET /plus/sitemap.html HTTP/1.1" 301 250 "-" "Mozilla/5.0 (Macintosh; Intel Mac OS X 10_9_4) AppleWebKit/537.36 (KHTML, like Gecko) Chrome/36.0.1985.125 Safari/537.36"
119.91.96.219 - - [21/Oct/2021:16:16:36 +0700] "GET /plus/rssmap.html HTTP/1.1" 301 249 "-" "Mozilla/5.0 (Macintosh; Intel Mac OS X 10_9_4) AppleWebKit/537.36 (KHTML, like Gecko) Chrome/36.0.1985.125 Safari/537.36"
119.91.96.219 - - [21/Oct/2021:16:16:37 +0700] "GET /plus/heightsearch.php HTTP/1.1" 301 254 "-" "Mozilla/5.0 (Macintosh; Intel Mac OS X 10_9_4) AppleWebKit/537.36 (KHTML, like Gecko) Chrome/36.0.1985.125 Safari/537.36"
119.91.96.219 - - [21/Oct/2021:16:16:37 +0700] "GET /member/space/company/info.txt HTTP/1.1" 301 262 "-" "Mozilla/5.0 (Macintosh; Intel Mac OS X 10_9_4) AppleWebKit/537.36 (KHTML, like Gecko) Chrome/36.0.1985.125 Safari/537.36"
119.91.96.219 - - [21/Oct/2021:16:16:37 +0700] "GET /Help HTTP/1.1" 301 237 "-" "Mozilla/5.0 (Macintosh; Intel Mac OS X 10_9_4) AppleWebKit/537.36 (KHTML, like Gecko) Chrome/36.0.1985.125 Safari/537.36"
119.91.96.219 - - [21/Oct/2021:16:16:38 +0700] "GET /images/branding/logo.gif HTTP/1.1" 301 257 "-" "Mozilla/5.0 (Macintosh; Intel Mac OS X 10_9_4) AppleWebKit/537.36 (KHTML, like Gecko) Chrome/36.0.1985.125 Safari/537.36"
119.91.96.219 - - [21/Oct/2021:16:16:38 +0700] "GET /Install/logo.gif HTTP/1.1" 301 249 "-" "Mozilla/5.0 (Macintosh; Intel Mac OS X 10_9_4) AppleWebKit/537.36 (KHTML, like Gecko) Chrome/36.0.1985.125 Safari/537.36"
119.91.96.219 - - [21/Oct/2021:16:16:39 +0700] "GET /CHANGELOG.txt HTTP/1.1" 301 246 "-" "Mozilla/5.0 (Macintosh; Intel Mac OS X 10_9_4) AppleWebKit/537.36 (KHTML, like Gecko) Chrome/36.0.1985.125 Safari/537.36"
119.91.96.219 - - [21/Oct/2021:16:16:39 +0700] "GET /changelog.txt HTTP/1.1" 301 246 "-" "Mozilla/5.0 (Macintosh; Intel Mac OS X 10_9_4) AppleWebKit/537.36 (KHTML, like Gecko) Chrome/36.0.1985.125 Safari/537.36"
119.91.96.219 - - [21/Oct/2021:16:16:39 +0700] "GET /Include/EcsServerApi.js HTTP/1.1" 301 256 "-" "Mozilla/5.0 (Macintosh; Intel Mac OS X 10_9_4) AppleWebKit/537.36 (KHTML, like Gecko) Chrome/36.0.1985.125 Safari/537.36"
119.91.96.219 - - [21/Oct/2021:16:16:40 +0700] "GET /img/pic/login/top-left.jpg HTTP/1.1" 301 259 "-" "Mozilla/5.0 (Macintosh; Intel Mac OS X 10_9_4) AppleWebKit/537.36 (KHTML, like Gecko) Chrome/36.0.1985.125 Safari/537.36"
119.91.96.219 - - [21/Oct/2021:16:16:40 +0700] "GET /images/Default_bg_002.gif HTTP/1.1" 301 258 "-" "Mozilla/5.0 (Macintosh; Intel Mac OS X 10_9_4) AppleWebKit/537.36 (KHTML, like Gecko) Chrome/36.0.1985.125 Safari/537.36"
119.91.96.219 - - [21/Oct/2021:16:16:41 +0700] "GET /m HTTP/1.1" 301 234 "-" "Mozilla/5.0 (Macintosh; Intel Mac OS X 10_9_4) AppleWebKit/537.36 (KHTML, like Gecko) Chrome/36.0.1985.125 Safari/537.36"
119.91.96.219 - - [21/Oct/2021:16:16:41 +0700] "GET /eams/static/scripts/grade/course/input.js HTTP/1.1" 301 274 "-" "Mozilla/5.0 (Macintosh; Intel Mac OS X 10_9_4) AppleWebKit/537.36 (KHTML, like Gecko) Chrome/36.0.1985.125 Safari/537.36"
119.91.96.219 - - [21/Oct/2021:16:16:42 +0700] "GET /custom/SkinTemplate/skin/public/images/sys-logo-1caitong-180.jpg HTTP/1.1" 301 297 "-" "Mozilla/5.0 (Macintosh; Intel Mac OS X 10_9_4) AppleWebKit/537.36 (KHTML, like Gecko) Chrome/36.0.1985.125 Safari/537.36"
119.91.96.219 - - [21/Oct/2021:16:16:42 +0700] "GET /include/install_ocx.aspx HTTP/1.1" 301 257 "-" "Mozilla/5.0 (Macintosh; Intel Mac OS X 10_9_4) AppleWebKit/537.36 (KHTML, like Gecko) Chrome/36.0.1985.125 Safari/537.36"
119.91.96.219 - - [21/Oct/2021:16:16:43 +0700] "GET /webbuilder/script/locale/wb-lang-zh_CN.js HTTP/1.1" 301 274 "-" "Mozilla/5.0 (Macintosh; Intel Mac OS X 10_9_4) AppleWebKit/537.36 (KHTML, like Gecko) Chrome/36.0.1985.125 Safari/537.36"
119.91.96.219 - - [21/Oct/2021:16:16:43 +0700] "GET /login/Jeecms.do HTTP/1.1" 301 248 "-" "Mozilla/5.0 (Macintosh; Intel Mac OS X 10_9_4) AppleWebKit/537.36 (KHTML, like Gecko) Chrome/36.0.1985.125 Safari/537.36"
119.91.96.219 - - [21/Oct/2021:16:16:43 +0700] "GET /system/Update.aspx HTTP/1.1" 301 251 "-" "Mozilla/5.0 (Macintosh; Intel Mac OS X 10_9_4) AppleWebKit/537.36 (KHTML, like Gecko) Chrome/36.0.1985.125 Safari/537.36"
119.91.96.219 - - [21/Oct/2021:16:16:44 +0700] "GET /admin/admin_login.php?act=login HTTP/1.1" 301 264 "-" "Mozilla/5.0 (Macintosh; Intel Mac OS X 10_9_4) AppleWebKit/537.36 (KHTML, like Gecko) Chrome/36.0.1985.125 Safari/537.36"
119.91.96.219 - - [21/Oct/2021:16:16:44 +0700] "GET /data/images/wap_logo.gif HTTP/1.1" 301 257 "-" "Mozilla/5.0 (Macintosh; Intel Mac OS X 10_9_4) AppleWebKit/537.36 (KHTML, like Gecko) Chrome/36.0.1985.125 Safari/537.36"
119.91.96.219 - - [21/Oct/2021:16:16:44 +0700] "GET /nobody/mobile.htm?Login=Captcha HTTP/1.1" 301 264 "-" "Mozilla/5.0 (Macintosh; Intel Mac OS X 10_9_4) AppleWebKit/537.36 (KHTML, like Gecko) Chrome/36.0.1985.125 Safari/537.36"
119.91.96.219 - - [21/Oct/2021:16:16:45 +0700] "GET /Site/Pages/WebResources.ashx/PoweredByKodakImage HTTP/1.1" 301 281 "-" "Mozilla/5.0 (Macintosh; Intel Mac OS X 10_9_4) AppleWebKit/537.36 (KHTML, like Gecko) Chrome/36.0.1985.125 Safari/537.36"
119.91.96.219 - - [21/Oct/2021:16:16:45 +0700] "GET /Site/SystemThemes/7917A0869761B5458281E407AE0090F5/Images/ISBanner58px.jpg HTTP/1.1" 301 307 "-" "Mozilla/5.0 (Macintosh; Intel Mac OS X 10_9_4) AppleWebKit/537.36 (KHTML, like Gecko) Chrome/36.0.1985.125 Safari/537.36"
119.91.96.219 - - [21/Oct/2021:16:16:45 +0700] "GET /static/images/logo/webserver_small.gif HTTP/1.1" 301 271 "-" "Mozilla/5.0 (Macintosh; Intel Mac OS X 10_9_4) AppleWebKit/537.36 (KHTML, like Gecko) Chrome/36.0.1985.125 Safari/537.36"
119.91.96.219 - - [21/Oct/2021:16:16:45 +0700] "GET /wp-cron.php HTTP/1.1" 301 244 "-" "Mozilla/5.0 (Macintosh; Intel Mac OS X 10_9_4) AppleWebKit/537.36 (KHTML, like Gecko) Chrome/36.0.1985.125 Safari/537.36"
119.91.96.219 - - [21/Oct/2021:16:16:46 +0700] "GET /wp-content HTTP/1.1" 301 243 "-" "Mozilla/5.0 (Macintosh; Intel Mac OS X 10_9_4) AppleWebKit/537.36 (KHTML, like Gecko) Chrome/36.0.1985.125 Safari/537.36"
119.91.96.219 - - [21/Oct/2021:16:16:46 +0700] "GET /wp-login.php HTTP/1.1" 301 245 "-" "Mozilla/5.0 (Macintosh; Intel Mac OS X 10_9_4) AppleWebKit/537.36 (KHTML, like Gecko) Chrome/36.0.1985.125 Safari/537.36"
119.91.96.219 - - [21/Oct/2021:16:16:46 +0700] "GET /license.txt HTTP/1.1" 301 244 "-" "Mozilla/5.0 (Macintosh; Intel Mac OS X 10_9_4) AppleWebKit/537.36 (KHTML, like Gecko) Chrome/36.0.1985.125 Safari/537.36"
119.91.96.219 - - [21/Oct/2021:16:16:46 +0700] "GET /readme.html HTTP/1.1" 301 244 "-" "Mozilla/5.0 (Macintosh; Intel Mac OS X 10_9_4) AppleWebKit/537.36 (KHTML, like Gecko) Chrome/36.0.1985.125 Safari/537.36"
119.91.96.219 - - [21/Oct/2021:16:16:47 +0700] "GET /logo/logo_jw.png HTTP/1.1" 301 249 "-" "Mozilla/5.0 (Macintosh; Intel Mac OS X 10_9_4) AppleWebKit/537.36 (KHTML, like Gecko) Chrome/36.0.1985.125 Safari/537.36"
119.91.96.219 - - [21/Oct/2021:16:16:48 +0700] "GET /business/images/index-gg1.jpg HTTP/1.1" 301 262 "-" "Mozilla/5.0 (Macintosh; Intel Mac OS X 10_9_4) AppleWebKit/537.36 (KHTML, like Gecko) Chrome/36.0.1985.125 Safari/537.36"
119.91.96.219 - - [21/Oct/2021:16:16:48 +0700] "GET /was/help.jsp HTTP/1.1" 301 245 "-" "Mozilla/5.0 (Macintosh; Intel Mac OS X 10_9_4) AppleWebKit/537.36 (KHTML, like Gecko) Chrome/36.0.1985.125 Safari/537.36"
119.91.96.219 - - [21/Oct/2021:16:16:48 +0700] "GET /was5/web/index.jsp HTTP/1.1" 301 251 "-" "Mozilla/5.0 (Macintosh; Intel Mac OS X 10_9_4) AppleWebKit/537.36 (KHTML, like Gecko) Chrome/36.0.1985.125 Safari/537.36"
119.91.96.219 - - [21/Oct/2021:16:16:49 +0700] "GET /was/main.html HTTP/1.1" 301 246 "-" "Mozilla/5.0 (Macintosh; Intel Mac OS X 10_9_4) AppleWebKit/537.36 (KHTML, like Gecko) Chrome/36.0.1985.125 Safari/537.36"
119.91.96.219 - - [21/Oct/2021:16:16:49 +0700] "GET /?c=4e5e5d7364f443e28fbf0d3ae744a59a HTTP/1.1" 301 268 "-" "Mozilla/5.0 (Macintosh; Intel Mac OS X 10_9_4) AppleWebKit/537.36 (KHTML, like Gecko) Chrome/36.0.1985.125 Safari/537.36"
119.91.96.219 - - [21/Oct/2021:16:16:49 +0700] "GET /phpmyadmin/ HTTP/1.1" 301 244 "-" "Mozilla/5.0 (Macintosh; Intel Mac OS X 10_9_4) AppleWebKit/537.36 (KHTML, like Gecko) Chrome/36.0.1985.125 Safari/537.36"
119.91.96.219 - - [21/Oct/2021:16:16:49 +0700] "GET /weblog/ HTTP/1.1" 301 240 "-" "Mozilla/5.0 (Macintosh; Intel Mac OS X 10_9_4) AppleWebKit/537.36 (KHTML, like Gecko) Chrome/36.0.1985.125 Safari/537.36"
119.91.96.219 - - [21/Oct/2021:16:16:49 +0700] "GET /blog/ HTTP/1.1" 301 238 "-" "Mozilla/5.0 (Macintosh; Intel Mac OS X 10_9_4) AppleWebKit/537.36 (KHTML, like Gecko) Chrome/36.0.1985.125 Safari/537.36"
119.91.96.219 - - [21/Oct/2021:16:16:50 +0700] "GET /forum/ HTTP/1.1" 301 239 "-" "Mozilla/5.0 (Macintosh; Intel Mac OS X 10_9_4) AppleWebKit/537.36 (KHTML, like Gecko) Chrome/36.0.1985.125 Safari/537.36"
119.91.96.219 - - [21/Oct/2021:16:16:50 +0700] "GET /bbs/ HTTP/1.1" 301 237 "-" "Mozilla/5.0 (Macintosh; Intel Mac OS X 10_9_4) AppleWebKit/537.36 (KHTML, like Gecko) Chrome/36.0.1985.125 Safari/537.36"
119.91.96.219 - - [21/Oct/2021:16:16:50 +0700] "GET /wcm/ HTTP/1.1" 301 237 "-" "Mozilla/5.0 (Macintosh; Intel Mac OS X 10_9_4) AppleWebKit/537.36 (KHTML, like Gecko) Chrome/36.0.1985.125 Safari/537.36"
119.91.96.219 - - [21/Oct/2021:16:16:50 +0700] "GET /admin/editor/ HTTP/1.1" 301 246 "-" "Mozilla/5.0 (Macintosh; Intel Mac OS X 10_9_4) AppleWebKit/537.36 (KHTML, like Gecko) Chrome/36.0.1985.125 Safari/537.36"
119.91.96.219 - - [21/Oct/2021:16:16:51 +0700] "GET //favicon.ico HTTP/1.1" 301 244 "-" "python-requests/2.23.0"
66.249.71.25 - - [21/Oct/2021:16:30:47 +0700] "GET / HTTP/1.1" 200 32713 "-" "Mozilla/5.0 (compatible; Googlebot/2.1; +http://www.google.com/bot.html)"
103.234.210.242 - - [21/Oct/2021:16:36:36 +0700] "GET / HTTP/1.1" 301 229 "-" "Go-http-client/1.1"
66.249.71.19 - - [21/Oct/2021:16:53:16 +0700] "GET / HTTP/1.1" 200 32713 "-" "Mozilla/5.0 (Linux; Android 6.0.1; Nexus 5X Build/MMB29P) AppleWebKit/537.36 (KHTML, like Gecko) Chrome/94.0.4606.81 Mobile Safari/537.36 (compatible; Googlebot/2.1; +http://www.google.com/bot.html)"
66.249.71.19 - - [21/Oct/2021:16:53:26 +0700] "GET /js/jquery.fancybox.pack.js HTTP/1.1" 200 23135 "https://www.radmed.co.id/" "Mozilla/5.0 (Linux; Android 6.0.1; Nexus 5X Build/MMB29P) AppleWebKit/537.36 (KHTML, like Gecko) Chrome/94.0.4606.81 Mobile Safari/537.36 (compatible; Googlebot/2.1; +http://www.google.com/bot.html)"
66.249.71.19 - - [21/Oct/2021:16:53:27 +0700] "GET /js/jquery.contact.js HTTP/1.1" 200 780 "https://www.radmed.co.id/" "Mozilla/5.0 (Linux; Android 6.0.1; Nexus 5X Build/MMB29P) AppleWebKit/537.36 (KHTML, like Gecko) Chrome/94.0.4606.81 Mobile Safari/537.36 (compatible; Googlebot/2.1; +http://www.google.com/bot.html)"
103.234.210.242 - - [21/Oct/2021:17:05:16 +0700] "GET / HTTP/1.1" 301 229 "-" "Go-http-client/1.1"
103.234.210.242 - - [21/Oct/2021:17:36:00 +0700] "GET / HTTP/1.1" 301 229 "-" "Go-http-client/1.1"
103.234.210.242 - - [21/Oct/2021:18:05:36 +0700] "GET / HTTP/1.1" 301 229 "-" "Go-http-client/1.1"
103.234.210.242 - - [21/Oct/2021:18:35:30 +0700] "GET / HTTP/1.1" 301 229 "-" "Go-http-client/1.1"
103.234.210.242 - - [21/Oct/2021:19:06:01 +0700] "GET / HTTP/1.1" 301 229 "-" "Go-http-client/1.1"
40.77.167.42 - - [21/Oct/2021:19:13:38 +0700] "GET / HTTP/1.1" 301 229 "-" "Mozilla/5.0 (compatible; bingbot/2.0; +http://www.bing.com/bingbot.htm)"
103.234.210.242 - - [21/Oct/2021:19:35:50 +0700] "GET / HTTP/1.1" 301 229 "-" "Go-http-client/1.1"
62.210.5.253 - - [21/Oct/2021:19:58:01 +0700] "GET /.well-known/security.txt HTTP/1.1" 301 253 "-" "Mozilla/5.0 (X11; Ubuntu; Linux x86_64; rv:58.0) Gecko/20100101 Firefox/58.0"
103.234.210.242 - - [21/Oct/2021:20:05:21 +0700] "GET / HTTP/1.1" 301 229 "-" "Go-http-client/1.1"
66.249.71.148 - - [21/Oct/2021:20:30:49 +0700] "GET /app-ads.txt HTTP/1.1" 301 240 "-" "Google-adstxt"
103.234.210.242 - - [21/Oct/2021:20:36:05 +0700] "GET / HTTP/1.1" 301 229 "-" "Go-http-client/1.1"
103.234.210.242 - - [21/Oct/2021:21:05:08 +0700] "GET / HTTP/1.1" 301 229 "-" "Go-http-client/1.1"
103.234.210.242 - - [21/Oct/2021:21:36:01 +0700] "GET / HTTP/1.1" 301 229 "-" "Go-http-client/1.1"
103.234.210.242 - - [21/Oct/2021:22:05:22 +0700] "GET / HTTP/1.1" 301 229 "-" "Go-http-client/1.1"
159.65.184.79 - - [21/Oct/2021:22:27:49 +0700] "GET /wp-login.php HTTP/1.1" 301 241 "-" "Mozilla/5.0 (X11; Ubuntu; Linux x86_64; rv:62.0) Gecko/20100101 Firefox/62.0"
103.234.210.242 - - [21/Oct/2021:22:36:24 +0700] "GET / HTTP/1.1" 301 229 "-" "Go-http-client/1.1"
36.83.194.19 - - [21/Oct/2021:22:55:08 +0700] "GET / HTTP/1.1" 301 229 "-" "Mozilla/5.0 (Windows NT 10.0; WOW64; Trident/7.0; rv:11.0) like Gecko"
103.234.210.242 - - [21/Oct/2021:23:04:55 +0700] "GET / HTTP/1.1" 301 229 "-" "Go-http-client/1.1"
103.234.210.242 - - [21/Oct/2021:23:35:31 +0700] "GET / HTTP/1.1" 301 229 "-" "Go-http-client/1.1"
103.234.210.242 - - [22/Oct/2021:00:05:26 +0700] "GET / HTTP/1.1" 301 229 "-" "Go-http-client/1.1"
103.234.210.242 - - [22/Oct/2021:00:35:58 +0700] "GET / HTTP/1.1" 301 229 "-" "Go-http-client/1.1"
103.234.210.242 - - [22/Oct/2021:00:41:43 +0700] "GET /.well-known/pki-validation/2F6D418602AB1FD48EFE49E564B27FB6.txt HTTP/1.1" 301 292 "-" "COMODO DCV"
103.234.210.242 - - [22/Oct/2021:00:41:43 +0700] "GET /.well-known/pki-validation/69A6E8D5F1315F8E1D4CC5B86F4DF27E.txt HTTP/1.1" 301 296 "-" "COMODO DCV"
103.234.210.242 - - [22/Oct/2021:00:41:43 +0700] "GET /.well-known/pki-validation/69A6E8D5F1315F8E1D4CC5B86F4DF27E.txt HTTP/1.1" 404 261 "-" "COMODO DCV"
103.234.210.242 - - [22/Oct/2021:01:05:18 +0700] "GET / HTTP/1.1" 301 229 "-" "Go-http-client/1.1"
103.234.210.242 - - [22/Oct/2021:01:35:55 +0700] "GET / HTTP/1.1" 301 229 "-" "Go-http-client/1.1"
103.234.210.242 - - [22/Oct/2021:02:05:05 +0700] "GET / HTTP/1.1" 301 229 "-" "Go-http-client/1.1"
103.234.210.242 - - [22/Oct/2021:02:36:34 +0700] "GET / HTTP/1.1" 301 229 "-" "Go-http-client/1.1"
103.234.210.242 - - [22/Oct/2021:03:06:42 +0700] "GET / HTTP/1.1" 301 229 "-" "Go-http-client/1.1"
103.234.210.242 - - [22/Oct/2021:03:36:09 +0700] "GET / HTTP/1.1" 301 229 "-" "Go-http-client/1.1"
103.234.210.242 - - [22/Oct/2021:04:05:32 +0700] "GET / HTTP/1.1" 301 229 "-" "Go-http-client/1.1"
103.234.210.242 - - [22/Oct/2021:04:36:22 +0700] "GET / HTTP/1.1" 301 229 "-" "Go-http-client/1.1"
103.234.210.242 - - [22/Oct/2021:05:05:28 +0700] "GET / HTTP/1.1" 301 229 "-" "Go-http-client/1.1"
103.234.210.242 - - [22/Oct/2021:05:36:27 +0700] "GET / HTTP/1.1" 301 229 "-" "Go-http-client/1.1"
103.234.210.242 - - [22/Oct/2021:06:06:24 +0700] "GET / HTTP/1.1" 301 229 "-" "Go-http-client/1.1"
103.234.210.242 - - [22/Oct/2021:06:36:20 +0700] "GET / HTTP/1.1" 301 229 "-" "Go-http-client/1.1"
103.234.210.242 - - [22/Oct/2021:07:05:19 +0700] "GET / HTTP/1.1" 301 229 "-" "Go-http-client/1.1"
103.234.210.242 - - [22/Oct/2021:07:36:33 +0700] "GET / HTTP/1.1" 301 229 "-" "Go-http-client/1.1"
103.234.210.242 - - [22/Oct/2021:08:06:01 +0700] "GET / HTTP/1.1" 301 229 "-" "Go-http-client/1.1"
203.114.75.162 - - [22/Oct/2021:08:13:12 +0700] "GET / HTTP/1.0" 301 229 "-" "bot"
207.46.13.45 - - [22/Oct/2021:08:14:54 +0700] "GET /robots.txt HTTP/1.1" 301 239 "-" "Mozilla/5.0 (compatible; bingbot/2.0; +http://www.bing.com/bingbot.htm)"
40.77.167.42 - - [22/Oct/2021:08:15:03 +0700] "GET / HTTP/1.1" 301 229 "-" "Mozilla/5.0 (compatible; bingbot/2.0; +http://www.bing.com/bingbot.htm)"
103.234.210.242 - - [22/Oct/2021:08:37:34 +0700] "GET / HTTP/1.1" 301 229 "-" "Go-http-client/1.1"
103.234.210.242 - - [22/Oct/2021:09:07:18 +0700] "GET / HTTP/1.1" 301 229 "-" "Go-http-client/1.1"
103.234.210.242 - - [22/Oct/2021:09:37:17 +0700] "GET / HTTP/1.1" 301 229 "-" "Go-http-client/1.1"
106.75.85.117 - - [22/Oct/2021:09:49:09 +0700] "GET / HTTP/1.1" 301 229 "-" "Mozilla/5.0 (Windows NT 6.1) AppleWebKit/537.36 (KHTML, like Gecko) Chrome/49.0.2623.112 Safari/537.36"
103.234.210.242 - - [22/Oct/2021:10:07:09 +0700] "GET / HTTP/1.1" 301 229 "-" "Go-http-client/1.1"
158.255.80.210 - - [22/Oct/2021:10:35:57 +0700] "GET /wp-login.php HTTP/1.1" 301 245 "-" "Mozilla/5.0 (X11; Ubuntu; Linux x86_64; rv:62.0) Gecko/20100101 Firefox/62.0"
158.255.80.210 - - [22/Oct/2021:10:35:58 +0700] "GET /wp-login.php HTTP/1.1" 403 214 "http://www.radmed.co.id/wp-login.php" "Mozilla/5.0 (X11; Ubuntu; Linux x86_64; rv:62.0) Gecko/20100101 Firefox/62.0"
103.234.210.242 - - [22/Oct/2021:10:36:57 +0700] "GET / HTTP/1.1" 301 229 "-" "Go-http-client/1.1"
103.234.210.242 - - [22/Oct/2021:11:06:56 +0700] "GET / HTTP/1.1" 301 229 "-" "Go-http-client/1.1"
103.234.210.242 - - [22/Oct/2021:11:39:45 +0700] "GET / HTTP/1.1" 301 229 "-" "Go-http-client/1.1"
66.249.71.146 - - [22/Oct/2021:11:53:13 +0700] "GET /robots.txt HTTP/1.1" 301 239 "-" "Mozilla/5.0 (compatible; Googlebot/2.1; +http://www.google.com/bot.html)"
66.249.71.148 - - [22/Oct/2021:11:53:13 +0700] "GET /ads.txt HTTP/1.1" 301 236 "-" "Mozilla/5.0 (compatible; Googlebot/2.1; +http://www.google.com/bot.html)"
103.234.210.242 - - [22/Oct/2021:12:08:09 +0700] "GET / HTTP/1.1" 301 229 "-" "Go-http-client/1.1"
120.52.152.20 - - [22/Oct/2021:12:22:58 +0700] "GET / HTTP/1.1" 301 233 "-" "Mozilla/5.0 (Windows NT 6.1) AppleWebKit/537.36 (KHTML, like Gecko) Chrome/49.0.2623.112 Safari/537.36"
103.234.210.242 - - [22/Oct/2021:12:37:14 +0700] "GET / HTTP/1.1" 301 229 "-" "Go-http-client/1.1"
103.234.210.242 - - [22/Oct/2021:13:06:49 +0700] "GET / HTTP/1.1" 301 229 "-" "Go-http-client/1.1"
103.234.210.242 - - [22/Oct/2021:13:36:44 +0700] "GET / HTTP/1.1" 301 229 "-" "Go-http-client/1.1"
103.234.210.242 - - [22/Oct/2021:14:08:22 +0700] "GET / HTTP/1.1" 301 229 "-" "Go-http-client/1.1"
207.46.13.8 - - [22/Oct/2021:14:09:29 +0700] "GET /robots.txt HTTP/1.1" 404 208 "-" "Mozilla/5.0 (compatible; bingbot/2.0; +http://www.bing.com/bingbot.htm)"
207.46.13.138 - - [22/Oct/2021:14:09:35 +0700] "GET /sitemap_index.xml HTTP/1.1" 404 215 "-" "Mozilla/5.0 (compatible; bingbot/2.0; +http://www.bing.com/bingbot.htm)"
207.46.13.138 - - [22/Oct/2021:14:32:16 +0700] "GET /sitemap.xml HTTP/1.1" 404 209 "-" "Mozilla/5.0 (compatible; bingbot/2.0; +http://www.bing.com/bingbot.htm)"
103.234.210.242 - - [22/Oct/2021:14:37:43 +0700] "GET / HTTP/1.1" 301 229 "-" "Go-http-client/1.1"
207.46.13.8 - - [22/Oct/2021:14:39:43 +0700] "GET /robots.txt HTTP/1.1" 404 208 "-" "Mozilla/5.0 (compatible; bingbot/2.0; +http://www.bing.com/bingbot.htm)"
40.77.167.42 - - [22/Oct/2021:14:39:50 +0700] "GET /sitemap.txt HTTP/1.1" 404 209 "-" "Mozilla/5.0 (compatible; bingbot/2.0; +http://www.bing.com/bingbot.htm)"
157.55.39.67 - - [22/Oct/2021:14:57:00 +0700] "GET /atom.xml HTTP/1.1" 404 206 "-" "Mozilla/5.0 (compatible; bingbot/2.0; +http://www.bing.com/bingbot.htm)"
103.234.210.242 - - [22/Oct/2021:15:06:39 +0700] "GET / HTTP/1.1" 301 229 "-" "Go-http-client/1.1"
207.46.13.108 - - [22/Oct/2021:15:07:15 +0700] "GET /sitemaps.xml HTTP/1.1" 404 210 "-" "Mozilla/5.0 (compatible; bingbot/2.0; +http://www.bing.com/bingbot.htm)"
103.234.210.242 - - [22/Oct/2021:15:36:36 +0700] "GET / HTTP/1.1" 301 229 "-" "Go-http-client/1.1"
40.77.167.42 - - [22/Oct/2021:15:43:06 +0700] "GET /sitemap.xml.gz HTTP/1.1" 404 212 "-" "Mozilla/5.0 (compatible; bingbot/2.0; +http://www.bing.com/bingbot.htm)"
103.234.210.242 - - [22/Oct/2021:16:06:36 +0700] "GET / HTTP/1.1" 301 229 "-" "Go-http-client/1.1"
103.234.210.242 - - [22/Oct/2021:16:36:22 +0700] "GET / HTTP/1.1" 301 229 "-" "Go-http-client/1.1"
207.46.13.181 - - [22/Oct/2021:16:51:15 +0700] "GET /https HTTP/1.1" 404 203 "-" "Mozilla/5.0 (compatible; bingbot/2.0; +http://www.bing.com/bingbot.htm)"
103.234.210.242 - - [22/Oct/2021:17:05:41 +0700] "GET / HTTP/1.1" 301 229 "-" "Go-http-client/1.1"
103.234.210.242 - - [22/Oct/2021:17:35:52 +0700] "GET / HTTP/1.1" 301 229 "-" "Go-http-client/1.1"
40.77.167.42 - - [22/Oct/2021:17:52:59 +0700] "GET / HTTP/1.1" 301 229 "-" "Mozilla/5.0 (compatible; bingbot/2.0; +http://www.bing.com/bingbot.htm)"
103.234.210.242 - - [22/Oct/2021:18:05:59 +0700] "GET / HTTP/1.1" 301 229 "-" "Go-http-client/1.1"
103.234.210.242 - - [22/Oct/2021:18:36:57 +0700] "GET / HTTP/1.1" 301 229 "-" "Go-http-client/1.1"
103.234.210.242 - - [22/Oct/2021:19:05:49 +0700] "GET / HTTP/1.1" 301 229 "-" "Go-http-client/1.1"
103.234.210.242 - - [22/Oct/2021:19:36:50 +0700] "GET / HTTP/1.1" 301 229 "-" "Go-http-client/1.1"
103.234.210.242 - - [22/Oct/2021:20:06:02 +0700] "GET / HTTP/1.1" 301 229 "-" "Go-http-client/1.1"
66.249.71.150 - - [22/Oct/2021:20:23:36 +0700] "GET /app-ads.txt HTTP/1.1" 301 240 "-" "Google-adstxt"
103.234.210.242 - - [22/Oct/2021:20:36:41 +0700] "GET / HTTP/1.1" 301 229 "-" "Go-http-client/1.1"
104.156.225.144 - - [22/Oct/2021:20:45:46 +0700] "GET / HTTP/1.1" 403 - "-" "Mozilla/5.0 (Linux; Android 7.1.2; FP2) AppleWebKit/537.36 (KHTML, like Gecko) Chrome/78.0.3880.0 Mobile Safari/537.36"
104.156.225.144 - - [22/Oct/2021:20:45:46 +0700] "GET / HTTP/1.1" 301 233 "-" "Mozilla/5.0 (X11; U; Linux; en-US) AppleWebKit/527  (KHTML, like Gecko, Safari/419.3) Arora/0.10.1"
103.234.210.242 - - [22/Oct/2021:21:07:28 +0700] "GET / HTTP/1.1" 301 229 "-" "Go-http-client/1.1"
103.234.210.242 - - [22/Oct/2021:21:36:09 +0700] "GET / HTTP/1.1" 301 229 "-" "Go-http-client/1.1"
103.234.210.242 - - [22/Oct/2021:22:05:58 +0700] "GET / HTTP/1.1" 301 229 "-" "Go-http-client/1.1"
37.19.223.117 - - [22/Oct/2021:22:32:59 +0700] "GET / HTTP/1.0" 301 229 "http://radmed.co.id/" "Mozilla/5.0 (Windows NT 10.0; Win64; x64) AppleWebKit/537.36 (KHTML, like Gecko) Chrome/67.0.3396.79 Safari/537.36"
103.234.210.242 - - [22/Oct/2021:22:36:34 +0700] "GET / HTTP/1.1" 301 229 "-" "Go-http-client/1.1"
103.234.210.242 - - [22/Oct/2021:23:08:18 +0700] "GET / HTTP/1.1" 301 229 "-" "Go-http-client/1.1"
45.129.18.51 - - [22/Oct/2021:23:19:04 +0700] "HEAD / HTTP/1.1" 301 - "-" "Mozilla/5.0 (Macintosh; Intel Mac OS X 10_9_3) AppleWebKit/537.36 (KHTML, like Gecko) Chrome/35.0.1916.47 Safari/537.36"
103.234.210.242 - - [22/Oct/2021:23:37:08 +0700] "GET / HTTP/1.1" 301 229 "-" "Go-http-client/1.1"
103.234.210.242 - - [23/Oct/2021:00:06:19 +0700] "GET / HTTP/1.1" 301 229 "-" "Go-http-client/1.1"
103.234.210.242 - - [23/Oct/2021:00:38:43 +0700] "GET / HTTP/1.1" 301 229 "-" "Go-http-client/1.1"
103.234.210.242 - - [23/Oct/2021:00:46:54 +0700] "GET /.well-known/pki-validation/090D17E408424E24F8BBC59A65EA3637.txt HTTP/1.1" 301 292 "-" "COMODO DCV"
103.234.210.242 - - [23/Oct/2021:00:46:54 +0700] "GET /.well-known/pki-validation/346CAC26A146EAF2223708119C0E597F.txt HTTP/1.1" 301 296 "-" "COMODO DCV"
103.234.210.242 - - [23/Oct/2021:00:46:54 +0700] "GET /.well-known/pki-validation/346CAC26A146EAF2223708119C0E597F.txt HTTP/1.1" 404 261 "-" "COMODO DCV"
103.234.210.242 - - [23/Oct/2021:01:08:16 +0700] "GET / HTTP/1.1" 301 229 "-" "Go-http-client/1.1"
103.234.210.242 - - [23/Oct/2021:01:38:01 +0700] "GET / HTTP/1.1" 301 229 "-" "Go-http-client/1.1"
103.234.210.242 - - [23/Oct/2021:02:06:54 +0700] "GET / HTTP/1.1" 301 229 "-" "Go-http-client/1.1"
103.234.210.242 - - [23/Oct/2021:02:37:13 +0700] "GET / HTTP/1.1" 301 229 "-" "Go-http-client/1.1"
103.234.210.242 - - [23/Oct/2021:03:06:00 +0700] "GET / HTTP/1.1" 301 229 "-" "Go-http-client/1.1"
103.234.210.242 - - [23/Oct/2021:03:37:09 +0700] "GET / HTTP/1.1" 301 229 "-" "Go-http-client/1.1"
103.234.210.242 - - [23/Oct/2021:04:06:23 +0700] "GET / HTTP/1.1" 301 229 "-" "Go-http-client/1.1"
103.234.210.242 - - [23/Oct/2021:04:37:21 +0700] "GET / HTTP/1.1" 301 229 "-" "Go-http-client/1.1"
103.234.210.242 - - [23/Oct/2021:05:07:38 +0700] "GET / HTTP/1.1" 301 229 "-" "Go-http-client/1.1"
103.234.210.242 - - [23/Oct/2021:05:37:12 +0700] "GET / HTTP/1.1" 301 229 "-" "Go-http-client/1.1"
40.77.167.42 - - [23/Oct/2021:05:37:58 +0700] "GET / HTTP/1.1" 301 229 "-" "Mozilla/5.0 (compatible; bingbot/2.0; +http://www.bing.com/bingbot.htm)"
103.234.210.242 - - [23/Oct/2021:06:08:33 +0700] "GET / HTTP/1.1" 301 229 "-" "Go-http-client/1.1"
103.234.210.242 - - [23/Oct/2021:06:37:05 +0700] "GET / HTTP/1.1" 301 229 "-" "Go-http-client/1.1"
40.77.167.42 - - [23/Oct/2021:07:00:54 +0700] "GET / HTTP/1.1" 301 229 "-" "Mozilla/5.0 (compatible; bingbot/2.0; +http://www.bing.com/bingbot.htm)"
103.234.210.242 - - [23/Oct/2021:07:06:21 +0700] "GET / HTTP/1.1" 301 229 "-" "Go-http-client/1.1"
103.234.210.242 - - [23/Oct/2021:07:36:50 +0700] "GET / HTTP/1.1" 301 229 "-" "Go-http-client/1.1"
103.234.210.242 - - [23/Oct/2021:08:07:13 +0700] "GET / HTTP/1.1" 301 229 "-" "Go-http-client/1.1"
103.234.210.242 - - [23/Oct/2021:08:36:55 +0700] "GET / HTTP/1.1" 301 229 "-" "Go-http-client/1.1"
103.234.210.242 - - [23/Oct/2021:09:06:23 +0700] "GET / HTTP/1.1" 301 229 "-" "Go-http-client/1.1"
103.234.210.242 - - [23/Oct/2021:09:36:29 +0700] "GET / HTTP/1.1" 301 229 "-" "Go-http-client/1.1"
103.234.210.242 - - [23/Oct/2021:10:06:06 +0700] "GET / HTTP/1.1" 301 229 "-" "Go-http-client/1.1"
103.234.210.242 - - [23/Oct/2021:10:37:06 +0700] "GET / HTTP/1.1" 301 229 "-" "Go-http-client/1.1"
34.77.162.23 - - [23/Oct/2021:10:37:43 +0700] "GET / HTTP/1.1" 301 229 "-" "Expanse indexes the network perimeters of our customers. If you have any questions or concerns, please reach out to: scaninfo@expanseinc.com"
103.234.210.242 - - [23/Oct/2021:11:05:22 +0700] "GET / HTTP/1.1" 301 229 "-" "Go-http-client/1.1"
42.236.10.93 - - [23/Oct/2021:11:27:59 +0700] "GET / HTTP/1.1" 301 229 "http://baidu.com/" "Mozilla/5.0 (Linux; U; Android 8.1.0; zh-CN; EML-AL00 Build/HUAWEIEML-AL00) AppleWebKit/537.36 (KHTML, like Gecko) Version/4.0 Chrome/57.0.2987.108 baidu.sogo.uc.UCBrowser/11.9.4.974 UWS/2.13.1.48 Mobile Safari/537.36 AliApp(DingTalk/4.5.11) com.alibaba.android.rimet/10487439 Channel/227200 language/zh-CN"
103.234.210.242 - - [23/Oct/2021:11:37:28 +0700] "GET / HTTP/1.1" 301 229 "-" "Go-http-client/1.1"
207.46.13.138 - - [23/Oct/2021:11:53:33 +0700] "GET /sitemap_index.xml HTTP/1.1" 404 215 "-" "Mozilla/5.0 (compatible; bingbot/2.0; +http://www.bing.com/bingbot.htm)"
66.249.71.150 - - [23/Oct/2021:11:54:34 +0700] "GET /robots.txt HTTP/1.1" 301 239 "-" "Mozilla/5.0 (compatible; Googlebot/2.1; +http://www.google.com/bot.html)"
66.249.71.146 - - [23/Oct/2021:11:54:35 +0700] "GET /ads.txt HTTP/1.1" 301 236 "-" "Mozilla/5.0 (compatible; Googlebot/2.1; +http://www.google.com/bot.html)"
103.234.210.242 - - [23/Oct/2021:12:05:30 +0700] "GET / HTTP/1.1" 301 229 "-" "Go-http-client/1.1"
207.46.13.138 - - [23/Oct/2021:12:18:35 +0700] "GET /sitemap.xml HTTP/1.1" 404 209 "-" "Mozilla/5.0 (compatible; bingbot/2.0; +http://www.bing.com/bingbot.htm)"
40.77.167.42 - - [23/Oct/2021:12:26:38 +0700] "GET /sitemap.txt HTTP/1.1" 404 209 "-" "Mozilla/5.0 (compatible; bingbot/2.0; +http://www.bing.com/bingbot.htm)"
103.234.210.242 - - [23/Oct/2021:12:36:46 +0700] "GET / HTTP/1.1" 301 229 "-" "Go-http-client/1.1"
157.55.39.67 - - [23/Oct/2021:12:45:40 +0700] "GET /atom.xml HTTP/1.1" 404 206 "-" "Mozilla/5.0 (compatible; bingbot/2.0; +http://www.bing.com/bingbot.htm)"
207.46.13.108 - - [23/Oct/2021:12:56:34 +0700] "GET /sitemaps.xml HTTP/1.1" 404 210 "-" "Mozilla/5.0 (compatible; bingbot/2.0; +http://www.bing.com/bingbot.htm)"
103.234.210.242 - - [23/Oct/2021:13:05:20 +0700] "GET / HTTP/1.1" 301 229 "-" "Go-http-client/1.1"
40.77.167.42 - - [23/Oct/2021:13:36:24 +0700] "GET /sitemap.xml.gz HTTP/1.1" 404 212 "-" "Mozilla/5.0 (compatible; bingbot/2.0; +http://www.bing.com/bingbot.htm)"
103.234.210.242 - - [23/Oct/2021:13:36:50 +0700] "GET / HTTP/1.1" 301 229 "-" "Go-http-client/1.1"
103.234.210.242 - - [23/Oct/2021:14:06:27 +0700] "GET / HTTP/1.1" 301 229 "-" "Go-http-client/1.1"
207.46.13.138 - - [23/Oct/2021:14:10:34 +0700] "GET /sitemap_index.xml HTTP/1.1" 404 215 "-" "Mozilla/5.0 (compatible; bingbot/2.0; +http://www.bing.com/bingbot.htm)"
207.46.13.138 - - [23/Oct/2021:14:12:35 +0700] "GET /sitemap.xml HTTP/1.1" 404 209 "-" "Mozilla/5.0 (compatible; bingbot/2.0; +http://www.bing.com/bingbot.htm)"
40.77.167.42 - - [23/Oct/2021:14:13:18 +0700] "GET /sitemap.txt HTTP/1.1" 404 209 "-" "Mozilla/5.0 (compatible; bingbot/2.0; +http://www.bing.com/bingbot.htm)"
103.234.210.242 - - [23/Oct/2021:14:38:20 +0700] "GET / HTTP/1.1" 301 229 "-" "Go-http-client/1.1"
103.234.210.242 - - [23/Oct/2021:15:06:32 +0700] "GET / HTTP/1.1" 301 229 "-" "Go-http-client/1.1"
207.46.13.108 - - [23/Oct/2021:15:20:58 +0700] "GET /sitemaps.xml HTTP/1.1" 404 210 "-" "Mozilla/5.0 (compatible; bingbot/2.0; +http://www.bing.com/bingbot.htm)"
40.77.167.42 - - [23/Oct/2021:15:29:36 +0700] "GET / HTTP/1.1" 301 229 "-" "Mozilla/5.0 (compatible; bingbot/2.0; +http://www.bing.com/bingbot.htm)"
103.234.210.242 - - [23/Oct/2021:15:38:34 +0700] "GET / HTTP/1.1" 301 229 "-" "Go-http-client/1.1"
103.234.210.242 - - [23/Oct/2021:16:06:10 +0700] "GET / HTTP/1.1" 301 229 "-" "Go-http-client/1.1"
40.77.167.42 - - [23/Oct/2021:16:25:30 +0700] "GET /sitemap.xml.gz HTTP/1.1" 404 212 "-" "Mozilla/5.0 (compatible; bingbot/2.0; +http://www.bing.com/bingbot.htm)"
40.77.167.42 - - [23/Oct/2021:16:25:31 +0700] "GET /sitemap.xml.gz HTTP/1.1" 404 212 "-" "Mozilla/5.0 (compatible; bingbot/2.0; +http://www.bing.com/bingbot.htm)"
103.234.210.242 - - [23/Oct/2021:16:36:44 +0700] "GET / HTTP/1.1" 301 229 "-" "Go-http-client/1.1"
157.55.39.67 - - [23/Oct/2021:17:05:35 +0700] "GET /atom.xml HTTP/1.1" 404 206 "-" "Mozilla/5.0 (compatible; bingbot/2.0; +http://www.bing.com/bingbot.htm)"
103.234.210.242 - - [23/Oct/2021:17:06:23 +0700] "GET / HTTP/1.1" 301 229 "-" "Go-http-client/1.1"
103.234.210.242 - - [23/Oct/2021:17:35:57 +0700] "GET / HTTP/1.1" 301 229 "-" "Go-http-client/1.1"
103.234.210.242 - - [23/Oct/2021:18:05:48 +0700] "GET / HTTP/1.1" 301 229 "-" "Go-http-client/1.1"
103.234.210.242 - - [23/Oct/2021:18:36:15 +0700] "GET / HTTP/1.1" 301 229 "-" "Go-http-client/1.1"
103.234.210.242 - - [23/Oct/2021:19:06:34 +0700] "GET / HTTP/1.1" 301 229 "-" "Go-http-client/1.1"
103.234.210.242 - - [23/Oct/2021:19:37:42 +0700] "GET / HTTP/1.1" 301 229 "-" "Go-http-client/1.1"
66.249.71.146 - - [23/Oct/2021:20:04:09 +0700] "GET /app-ads.txt HTTP/1.1" 301 240 "-" "Google-adstxt"
103.234.210.242 - - [23/Oct/2021:20:09:17 +0700] "GET / HTTP/1.1" 301 229 "-" "Go-http-client/1.1"
103.234.210.242 - - [23/Oct/2021:20:38:26 +0700] "GET / HTTP/1.1" 301 229 "-" "Go-http-client/1.1"
103.234.210.242 - - [23/Oct/2021:21:06:33 +0700] "GET / HTTP/1.1" 301 229 "-" "Go-http-client/1.1"
103.234.210.242 - - [23/Oct/2021:21:37:22 +0700] "GET / HTTP/1.1" 301 229 "-" "Go-http-client/1.1"
103.234.210.242 - - [23/Oct/2021:22:06:35 +0700] "GET / HTTP/1.1" 301 229 "-" "Go-http-client/1.1"
103.234.210.242 - - [23/Oct/2021:22:37:26 +0700] "GET / HTTP/1.1" 301 229 "-" "Go-http-client/1.1"
103.234.210.242 - - [23/Oct/2021:23:08:40 +0700] "GET / HTTP/1.1" 301 229 "-" "Go-http-client/1.1"
137.116.47.79 - - [23/Oct/2021:23:09:37 +0700] "GET / HTTP/1.1" 301 229 "-" "Mozilla/5.0 (Windows NT 10.0; Win64; x64) AppleWebKit/537.36 (KHTML, like Gecko) Chrome/79.0 Safari/537.36"
103.234.210.242 - - [23/Oct/2021:23:39:14 +0700] "GET / HTTP/1.1" 301 229 "-" "Go-http-client/1.1"
103.234.210.242 - - [24/Oct/2021:00:07:13 +0700] "GET / HTTP/1.1" 301 229 "-" "Go-http-client/1.1"
103.234.210.242 - - [24/Oct/2021:00:36:57 +0700] "GET / HTTP/1.1" 301 229 "-" "Go-http-client/1.1"
103.234.210.242 - - [24/Oct/2021:00:46:32 +0700] "GET /.well-known/pki-validation/E9F9F9C5231192284227E362CDEB2E08.txt HTTP/1.1" 301 292 "-" "COMODO DCV"
103.234.210.242 - - [24/Oct/2021:00:46:32 +0700] "GET /.well-known/pki-validation/CAD76AA2C7B39C0780F96F035268FE04.txt HTTP/1.1" 301 296 "-" "COMODO DCV"
103.234.210.242 - - [24/Oct/2021:00:46:32 +0700] "GET /.well-known/pki-validation/CAD76AA2C7B39C0780F96F035268FE04.txt HTTP/1.1" 404 261 "-" "COMODO DCV"
40.77.167.42 - - [24/Oct/2021:00:52:51 +0700] "GET / HTTP/1.1" 301 229 "-" "Mozilla/5.0 (compatible; bingbot/2.0; +http://www.bing.com/bingbot.htm)"
103.234.210.242 - - [24/Oct/2021:01:07:38 +0700] "GET / HTTP/1.1" 301 229 "-" "Go-http-client/1.1"
103.234.210.242 - - [24/Oct/2021:01:37:04 +0700] "GET / HTTP/1.1" 301 229 "-" "Go-http-client/1.1"
103.234.210.242 - - [24/Oct/2021:02:06:11 +0700] "GET / HTTP/1.1" 301 229 "-" "Go-http-client/1.1"
103.234.210.242 - - [24/Oct/2021:02:39:07 +0700] "GET / HTTP/1.1" 301 229 "-" "Go-http-client/1.1"
103.234.210.242 - - [24/Oct/2021:03:08:22 +0700] "GET / HTTP/1.1" 301 229 "-" "Go-http-client/1.1"
103.234.210.242 - - [24/Oct/2021:03:37:36 +0700] "GET / HTTP/1.1" 301 229 "-" "Go-http-client/1.1"
103.234.210.242 - - [24/Oct/2021:04:07:11 +0700] "GET / HTTP/1.1" 301 229 "-" "Go-http-client/1.1"
103.234.210.242 - - [24/Oct/2021:04:37:07 +0700] "GET / HTTP/1.1" 301 229 "-" "Go-http-client/1.1"
103.234.210.242 - - [24/Oct/2021:05:09:01 +0700] "GET / HTTP/1.1" 301 229 "-" "Go-http-client/1.1"
103.234.210.242 - - [24/Oct/2021:05:38:21 +0700] "GET / HTTP/1.1" 301 229 "-" "Go-http-client/1.1"
92.118.160.13 - - [24/Oct/2021:05:58:38 +0700] "GET / HTTP/1.1" 301 229 "-" "NetSystemsResearch studies the availability of various services across the internet. Our website is netsystemsresearch.com"
103.234.210.242 - - [24/Oct/2021:06:07:13 +0700] "GET / HTTP/1.1" 301 229 "-" "Go-http-client/1.1"
103.234.210.242 - - [24/Oct/2021:06:37:39 +0700] "GET / HTTP/1.1" 301 229 "-" "Go-http-client/1.1"
103.234.210.242 - - [24/Oct/2021:07:06:14 +0700] "GET / HTTP/1.1" 301 229 "-" "Go-http-client/1.1"
103.234.210.242 - - [24/Oct/2021:07:36:52 +0700] "GET / HTTP/1.1" 301 229 "-" "Go-http-client/1.1"
103.234.210.242 - - [24/Oct/2021:08:05:26 +0700] "GET / HTTP/1.1" 301 229 "-" "Go-http-client/1.1"
103.234.210.242 - - [24/Oct/2021:08:36:21 +0700] "GET / HTTP/1.1" 301 229 "-" "Go-http-client/1.1"
103.234.210.242 - - [24/Oct/2021:09:05:25 +0700] "GET / HTTP/1.1" 301 229 "-" "Go-http-client/1.1"
103.234.210.242 - - [24/Oct/2021:09:36:23 +0700] "GET / HTTP/1.1" 301 229 "-" "Go-http-client/1.1"
103.234.210.242 - - [24/Oct/2021:10:06:05 +0700] "GET / HTTP/1.1" 301 229 "-" "Go-http-client/1.1"
207.46.13.8 - - [24/Oct/2021:10:20:33 +0700] "GET /robots.txt HTTP/1.1" 301 239 "-" "Mozilla/5.0 (compatible; bingbot/2.0; +http://www.bing.com/bingbot.htm)"
207.46.13.56 - - [24/Oct/2021:10:20:56 +0700] "GET / HTTP/1.1" 301 229 "-" "Mozilla/5.0 (compatible; bingbot/2.0; +http://www.bing.com/bingbot.htm)"
103.234.210.242 - - [24/Oct/2021:10:38:42 +0700] "GET / HTTP/1.1" 301 229 "-" "Go-http-client/1.1"
103.234.210.242 - - [24/Oct/2021:11:08:17 +0700] "GET / HTTP/1.1" 301 229 "-" "Go-http-client/1.1"
103.234.210.242 - - [24/Oct/2021:11:37:24 +0700] "GET / HTTP/1.1" 301 229 "-" "Go-http-client/1.1"
104.156.225.144 - - [24/Oct/2021:11:37:33 +0700] "GET / HTTP/1.1" 301 233 "-" "Mozilla/5.0 (Windows NT 4.0; WOW64) AppleWebKit/537.36 (KHTML, like Gecko) Chrome/37.0.2049.0 Safari/537.36"
104.156.225.144 - - [24/Oct/2021:11:38:32 +0700] "GET / HTTP/1.1" 301 233 "-" "Mozilla/5.0 (Macintosh; Intel Mac OS X 10_9_2) AppleWebKit/537.36 (KHTML, like Gecko) Chrome/36.0.1944.0 Safari/537.36"
104.156.225.144 - - [24/Oct/2021:11:38:33 +0700] "GET / HTTP/1.1" 200 32713 "http://www.radmed.co.id/" "Mozilla/5.0 (Macintosh; Intel Mac OS X 10_9_2) AppleWebKit/537.36 (KHTML, like Gecko) Chrome/36.0.1944.0 Safari/537.36"
66.249.71.148 - - [24/Oct/2021:11:46:22 +0700] "GET /robots.txt HTTP/1.1" 301 239 "-" "Mozilla/5.0 (compatible; Googlebot/2.1; +http://www.google.com/bot.html)"
66.249.71.150 - - [24/Oct/2021:11:46:23 +0700] "GET /ads.txt HTTP/1.1" 301 236 "-" "Mozilla/5.0 (compatible; Googlebot/2.1; +http://www.google.com/bot.html)"
103.234.210.242 - - [24/Oct/2021:12:08:25 +0700] "GET / HTTP/1.1" 301 229 "-" "Go-http-client/1.1"
103.234.210.242 - - [24/Oct/2021:12:38:09 +0700] "GET / HTTP/1.1" 301 229 "-" "Go-http-client/1.1"
103.234.210.242 - - [24/Oct/2021:13:06:32 +0700] "GET / HTTP/1.1" 301 229 "-" "Go-http-client/1.1"
103.234.210.242 - - [24/Oct/2021:13:37:10 +0700] "GET / HTTP/1.1" 301 229 "-" "Go-http-client/1.1"
103.234.210.242 - - [24/Oct/2021:14:06:30 +0700] "GET / HTTP/1.1" 301 229 "-" "Go-http-client/1.1"
103.234.210.242 - - [24/Oct/2021:14:36:27 +0700] "GET / HTTP/1.1" 301 229 "-" "Go-http-client/1.1"
103.234.210.242 - - [24/Oct/2021:15:05:26 +0700] "GET / HTTP/1.1" 301 229 "-" "Go-http-client/1.1"
103.234.210.242 - - [24/Oct/2021:15:36:02 +0700] "GET / HTTP/1.1" 301 229 "-" "Go-http-client/1.1"
103.234.210.242 - - [24/Oct/2021:16:06:02 +0700] "GET / HTTP/1.1" 301 229 "-" "Go-http-client/1.1"
103.234.210.242 - - [24/Oct/2021:16:36:45 +0700] "GET / HTTP/1.1" 301 229 "-" "Go-http-client/1.1"
103.234.210.242 - - [24/Oct/2021:17:05:43 +0700] "GET / HTTP/1.1" 301 229 "-" "Go-http-client/1.1"
103.234.210.242 - - [24/Oct/2021:17:37:07 +0700] "GET / HTTP/1.1" 301 229 "-" "Go-http-client/1.1"
103.234.210.242 - - [24/Oct/2021:18:06:49 +0700] "GET / HTTP/1.1" 301 229 "-" "Go-http-client/1.1"
112.215.65.146 - - [24/Oct/2021:18:32:53 +0700] "GET / HTTP/1.1" 403 - "-" "Mozilla/5.0 (Windows NT 10.0; WOW64) AppleWebKit/537.36 (KHTML, like Gecko) Chrome/94.0.4606.81 Safari/537.36"
112.215.65.146 - - [24/Oct/2021:18:32:54 +0700] "GET / HTTP/1.1" 200 32713 "-" "Mozilla/5.0 (Windows NT 10.0; WOW64) AppleWebKit/537.36 (KHTML, like Gecko) Chrome/94.0.4606.81 Safari/537.36"
112.215.65.146 - - [24/Oct/2021:18:35:35 +0700] "GET /css/slick.css HTTP/1.1" 304 - "https://www.radmed.co.id/" "Mozilla/5.0 (Windows NT 10.0; WOW64) AppleWebKit/537.36 (KHTML, like Gecko) Chrome/94.0.4606.81 Safari/537.36"
112.215.65.146 - - [24/Oct/2021:18:35:35 +0700] "GET /css/owl.carousel.css HTTP/1.1" 304 - "https://www.radmed.co.id/" "Mozilla/5.0 (Windows NT 10.0; WOW64) AppleWebKit/537.36 (KHTML, like Gecko) Chrome/94.0.4606.81 Safari/537.36"
112.215.65.146 - - [24/Oct/2021:18:35:35 +0700] "GET /css/owl.transitions.css HTTP/1.1" 304 - "https://www.radmed.co.id/" "Mozilla/5.0 (Windows NT 10.0; WOW64) AppleWebKit/537.36 (KHTML, like Gecko) Chrome/94.0.4606.81 Safari/537.36"
112.215.65.146 - - [24/Oct/2021:18:35:35 +0700] "GET /css/main.css HTTP/1.1" 304 - "https://www.radmed.co.id/" "Mozilla/5.0 (Windows NT 10.0; WOW64) AppleWebKit/537.36 (KHTML, like Gecko) Chrome/94.0.4606.81 Safari/537.36"
112.215.65.146 - - [24/Oct/2021:18:35:35 +0700] "GET /css/jquery.fancybox.css HTTP/1.1" 304 - "https://www.radmed.co.id/" "Mozilla/5.0 (Windows NT 10.0; WOW64) AppleWebKit/537.36 (KHTML, like Gecko) Chrome/94.0.4606.81 Safari/537.36"
112.215.65.146 - - [24/Oct/2021:18:35:35 +0700] "GET /css/responsive.css HTTP/1.1" 304 - "https://www.radmed.co.id/" "Mozilla/5.0 (Windows NT 10.0; WOW64) AppleWebKit/537.36 (KHTML, like Gecko) Chrome/94.0.4606.81 Safari/537.36"
112.215.65.146 - - [24/Oct/2021:18:35:35 +0700] "GET /css/slideshowtext.css HTTP/1.1" 304 - "https://www.radmed.co.id/" "Mozilla/5.0 (Windows NT 10.0; WOW64) AppleWebKit/537.36 (KHTML, like Gecko) Chrome/94.0.4606.81 Safari/537.36"
112.215.65.146 - - [24/Oct/2021:18:35:35 +0700] "GET /css/card.css HTTP/1.1" 304 - "https://www.radmed.co.id/" "Mozilla/5.0 (Windows NT 10.0; WOW64) AppleWebKit/537.36 (KHTML, like Gecko) Chrome/94.0.4606.81 Safari/537.36"
112.215.65.146 - - [24/Oct/2021:18:35:35 +0700] "GET /css/line-icon.css HTTP/1.1" 304 - "https://www.radmed.co.id/" "Mozilla/5.0 (Windows NT 10.0; WOW64) AppleWebKit/537.36 (KHTML, like Gecko) Chrome/94.0.4606.81 Safari/537.36"
112.215.65.146 - - [24/Oct/2021:18:35:35 +0700] "GET /css/slick-theme.css HTTP/1.1" 304 - "https://www.radmed.co.id/" "Mozilla/5.0 (Windows NT 10.0; WOW64) AppleWebKit/537.36 (KHTML, like Gecko) Chrome/94.0.4606.81 Safari/537.36"
112.215.65.146 - - [24/Oct/2021:18:35:35 +0700] "GET /css/slider.css HTTP/1.1" 304 - "https://www.radmed.co.id/" "Mozilla/5.0 (Windows NT 10.0; WOW64) AppleWebKit/537.36 (KHTML, like Gecko) Chrome/94.0.4606.81 Safari/537.36"
112.215.65.146 - - [24/Oct/2021:18:35:35 +0700] "GET /css/animate.min.css HTTP/1.1" 304 - "https://www.radmed.co.id/" "Mozilla/5.0 (Windows NT 10.0; WOW64) AppleWebKit/537.36 (KHTML, like Gecko) Chrome/94.0.4606.81 Safari/537.36"
112.215.65.146 - - [24/Oct/2021:18:35:36 +0700] "GET /css/bootstrap.min.css HTTP/1.1" 304 - "https://www.radmed.co.id/" "Mozilla/5.0 (Windows NT 10.0; WOW64) AppleWebKit/537.36 (KHTML, like Gecko) Chrome/94.0.4606.81 Safari/537.36"
112.215.65.146 - - [24/Oct/2021:18:35:36 +0700] "GET /js/jquery.min.js HTTP/1.1" 304 - "https://www.radmed.co.id/" "Mozilla/5.0 (Windows NT 10.0; WOW64) AppleWebKit/537.36 (KHTML, like Gecko) Chrome/94.0.4606.81 Safari/537.36"
112.215.65.146 - - [24/Oct/2021:18:35:36 +0700] "GET /js/bootstrap.min.js HTTP/1.1" 304 - "https://www.radmed.co.id/" "Mozilla/5.0 (Windows NT 10.0; WOW64) AppleWebKit/537.36 (KHTML, like Gecko) Chrome/94.0.4606.81 Safari/537.36"
