66.249.71.34 - - [01/Nov/2021:16:00:39 +0700] "GET /robots.txt HTTP/1.1" 301 239 "-" "Mozilla/5.0 (compatible; Googlebot/2.1; +http://www.google.com/bot.html)"
66.249.71.34 - - [01/Nov/2021:16:00:40 +0700] "GET /ads.txt HTTP/1.1" 301 236 "-" "Mozilla/5.0 (compatible; Googlebot/2.1; +http://www.google.com/bot.html)"
66.249.71.34 - - [01/Nov/2021:16:15:45 +0700] "GET /app-ads.txt HTTP/1.1" 301 240 "-" "Google-adstxt"
103.234.210.242 - - [01/Nov/2021:16:17:00 +0700] "GET / HTTP/1.1" 301 229 "-" "Go-http-client/1.1"
103.234.210.242 - - [01/Nov/2021:16:39:14 +0700] "GET / HTTP/1.1" 301 229 "-" "Go-http-client/1.1"
157.55.39.127 - - [01/Nov/2021:17:09:30 +0700] "GET / HTTP/1.1" 301 229 "-" "Mozilla/5.0 (compatible; bingbot/2.0; +http://www.bing.com/bingbot.htm)"
103.234.210.242 - - [01/Nov/2021:17:10:22 +0700] "GET / HTTP/1.1" 301 229 "-" "Go-http-client/1.1"
36.77.207.211 - - [01/Nov/2021:17:30:19 +0700] "GET / HTTP/1.1" 301 229 "-" "Mozilla/5.0 (Windows NT 10.0; Win64; x64) AppleWebKit/537.36 (KHTML, like Gecko) Chrome/95.0.4638.54 Safari/537.36"
103.234.210.242 - - [01/Nov/2021:17:40:02 +0700] "GET / HTTP/1.1" 301 229 "-" "Go-http-client/1.1"
66.249.71.107 - - [01/Nov/2021:17:45:56 +0700] "GET /robots.txt HTTP/1.1" 301 243 "-" "Mozilla/5.0 (compatible; Googlebot/2.1; +http://www.google.com/bot.html)"
66.249.71.112 - - [01/Nov/2021:17:45:57 +0700] "GET / HTTP/1.1" 301 233 "-" "Mozilla/5.0 (Linux; Android 6.0.1; Nexus 5X Build/MMB29P) AppleWebKit/537.36 (KHTML, like Gecko) Chrome/94.0.4606.81 Mobile Safari/537.36 (compatible; Googlebot/2.1; +http://www.google.com/bot.html)"
103.234.210.242 - - [01/Nov/2021:18:16:32 +0700] "GET / HTTP/1.1" 301 229 "-" "Go-http-client/1.1"
103.234.210.242 - - [01/Nov/2021:18:37:31 +0700] "GET / HTTP/1.1" 301 229 "-" "Go-http-client/1.1"
103.234.210.242 - - [01/Nov/2021:19:10:01 +0700] "GET / HTTP/1.1" 301 229 "-" "Go-http-client/1.1"
103.234.210.242 - - [01/Nov/2021:19:43:03 +0700] "GET / HTTP/1.1" 301 229 "-" "Go-http-client/1.1"
103.234.210.242 - - [01/Nov/2021:20:13:53 +0700] "GET / HTTP/1.1" 301 229 "-" "Go-http-client/1.1"
103.234.210.242 - - [01/Nov/2021:20:42:00 +0700] "GET / HTTP/1.1" 301 229 "-" "Go-http-client/1.1"
103.234.210.242 - - [01/Nov/2021:21:11:35 +0700] "GET / HTTP/1.1" 301 229 "-" "Go-http-client/1.1"
103.234.210.242 - - [01/Nov/2021:21:50:07 +0700] "GET / HTTP/1.1" 301 229 "-" "Go-http-client/1.1"
103.234.210.242 - - [01/Nov/2021:22:08:53 +0700] "GET / HTTP/1.1" 301 229 "-" "Go-http-client/1.1"
103.234.210.242 - - [01/Nov/2021:22:38:37 +0700] "GET / HTTP/1.1" 301 229 "-" "Go-http-client/1.1"
103.234.210.242 - - [01/Nov/2021:23:09:32 +0700] "GET / HTTP/1.1" 301 229 "-" "Go-http-client/1.1"
103.234.210.242 - - [01/Nov/2021:23:38:57 +0700] "GET / HTTP/1.1" 301 229 "-" "Go-http-client/1.1"
103.234.210.242 - - [02/Nov/2021:00:10:10 +0700] "GET / HTTP/1.1" 301 229 "-" "Go-http-client/1.1"
103.234.210.242 - - [02/Nov/2021:00:39:48 +0700] "GET / HTTP/1.1" 301 229 "-" "Go-http-client/1.1"
103.234.210.242 - - [02/Nov/2021:00:46:50 +0700] "GET /.well-known/pki-validation/4B89DE271F58B55F591AD4C5667540BD.txt HTTP/1.1" 301 292 "-" "COMODO DCV"
103.234.210.242 - - [02/Nov/2021:00:46:50 +0700] "GET /.well-known/pki-validation/1F686F0E8B52DC0727E23445D4E00B6C.txt HTTP/1.1" 301 296 "-" "COMODO DCV"
103.234.210.242 - - [02/Nov/2021:01:09:21 +0700] "GET / HTTP/1.1" 301 229 "-" "Go-http-client/1.1"
103.234.210.242 - - [02/Nov/2021:01:39:33 +0700] "GET / HTTP/1.1" 301 229 "-" "Go-http-client/1.1"
93.158.161.34 - - [02/Nov/2021:01:55:25 +0700] "GET /robots.txt HTTP/1.1" 301 239 "-" "Mozilla/5.0 (compatible; YandexBot/3.0; +http://yandex.com/bots)"
93.158.161.34 - - [02/Nov/2021:01:55:30 +0700] "GET / HTTP/1.1" 301 229 "-" "Mozilla/5.0 (compatible; YandexBot/3.0; +http://yandex.com/bots)"
103.234.210.242 - - [02/Nov/2021:02:09:21 +0700] "GET / HTTP/1.1" 301 229 "-" "Go-http-client/1.1"
103.234.210.242 - - [02/Nov/2021:02:39:30 +0700] "GET / HTTP/1.1" 301 229 "-" "Go-http-client/1.1"
103.234.210.242 - - [02/Nov/2021:03:09:12 +0700] "GET / HTTP/1.1" 301 229 "-" "Go-http-client/1.1"
157.55.39.127 - - [02/Nov/2021:03:37:40 +0700] "GET / HTTP/1.1" 301 229 "-" "Mozilla/5.0 (compatible; bingbot/2.0; +http://www.bing.com/bingbot.htm)"
103.234.210.242 - - [02/Nov/2021:03:41:58 +0700] "GET / HTTP/1.1" 301 229 "-" "Go-http-client/1.1"
103.234.210.242 - - [02/Nov/2021:04:10:19 +0700] "GET / HTTP/1.1" 301 229 "-" "Go-http-client/1.1"
103.234.210.242 - - [02/Nov/2021:04:38:53 +0700] "GET / HTTP/1.1" 301 229 "-" "Go-http-client/1.1"
103.234.210.242 - - [02/Nov/2021:05:08:54 +0700] "GET / HTTP/1.1" 301 229 "-" "Go-http-client/1.1"
103.234.210.242 - - [02/Nov/2021:05:39:51 +0700] "GET / HTTP/1.1" 301 229 "-" "Go-http-client/1.1"
58.17.6.9 - - [02/Nov/2021:06:06:51 +0700] "GET / HTTP/1.1" 301 233 "-" "UCWEB/2.0 (Java; U; MIDP-2.0; Nokia203/20.37) U2/1.0.0 UCMini/11.1.3.1128 (SpeedMode; Proxy; Android 6.0.1; HTC_Desire_601_dual_sim ) U2/1.0.0 Mobile"
103.234.210.242 - - [02/Nov/2021:06:11:55 +0700] "GET / HTTP/1.1" 301 229 "-" "Go-http-client/1.1"
103.234.210.242 - - [02/Nov/2021:06:40:05 +0700] "GET / HTTP/1.1" 301 229 "-" "Go-http-client/1.1"
103.234.210.242 - - [02/Nov/2021:07:09:59 +0700] "GET / HTTP/1.1" 301 229 "-" "Go-http-client/1.1"
103.234.210.242 - - [02/Nov/2021:07:39:46 +0700] "GET / HTTP/1.1" 301 229 "-" "Go-http-client/1.1"
103.234.210.242 - - [02/Nov/2021:08:09:46 +0700] "GET / HTTP/1.1" 301 229 "-" "Go-http-client/1.1"
34.96.130.23 - - [02/Nov/2021:08:22:54 +0700] "GET / HTTP/1.1" 301 229 "-" "Expanse indexes the network perimeters of our customers. If you have any questions or concerns, please reach out to: scaninfo@expanseinc.com"
103.234.210.242 - - [02/Nov/2021:08:38:56 +0700] "GET / HTTP/1.1" 301 229 "-" "Go-http-client/1.1"
103.234.210.242 - - [02/Nov/2021:09:09:20 +0700] "GET / HTTP/1.1" 301 229 "-" "Go-http-client/1.1"
103.234.210.242 - - [02/Nov/2021:09:42:19 +0700] "GET / HTTP/1.1" 301 229 "-" "Go-http-client/1.1"
103.234.210.242 - - [02/Nov/2021:10:09:56 +0700] "GET / HTTP/1.1" 301 229 "-" "Go-http-client/1.1"
103.234.210.242 - - [02/Nov/2021:10:39:36 +0700] "GET / HTTP/1.1" 301 229 "-" "Go-http-client/1.1"
103.234.210.242 - - [02/Nov/2021:11:11:42 +0700] "GET / HTTP/1.1" 301 229 "-" "Go-http-client/1.1"
103.234.210.242 - - [02/Nov/2021:11:39:47 +0700] "GET / HTTP/1.1" 301 229 "-" "Go-http-client/1.1"
103.234.210.242 - - [02/Nov/2021:12:07:40 +0700] "GET / HTTP/1.1" 301 229 "-" "Go-http-client/1.1"
103.234.210.242 - - [02/Nov/2021:12:37:22 +0700] "GET / HTTP/1.1" 301 229 "-" "Go-http-client/1.1"
207.46.13.6 - - [02/Nov/2021:13:03:08 +0700] "GET /robots.txt HTTP/1.1" 301 239 "-" "Mozilla/5.0 (compatible; bingbot/2.0; +http://www.bing.com/bingbot.htm)"
157.55.39.127 - - [02/Nov/2021:13:03:14 +0700] "GET / HTTP/1.1" 301 229 "-" "Mozilla/5.0 (compatible; bingbot/2.0; +http://www.bing.com/bingbot.htm)"
103.234.210.242 - - [02/Nov/2021:13:06:12 +0700] "GET / HTTP/1.1" 301 229 "-" "Go-http-client/1.1"
103.234.210.242 - - [02/Nov/2021:13:36:03 +0700] "GET / HTTP/1.1" 301 229 "-" "Go-http-client/1.1"
103.234.210.242 - - [02/Nov/2021:14:05:57 +0700] "GET / HTTP/1.1" 301 229 "-" "Go-http-client/1.1"
103.234.210.242 - - [02/Nov/2021:14:37:07 +0700] "GET / HTTP/1.1" 301 229 "-" "Go-http-client/1.1"
103.234.210.242 - - [02/Nov/2021:15:08:31 +0700] "GET / HTTP/1.1" 301 229 "-" "Go-http-client/1.1"
103.234.210.242 - - [02/Nov/2021:15:37:26 +0700] "GET / HTTP/1.1" 301 229 "-" "Go-http-client/1.1"
66.249.71.38 - - [02/Nov/2021:15:50:35 +0700] "GET /robots.txt HTTP/1.1" 301 239 "-" "Mozilla/5.0 (compatible; Googlebot/2.1; +http://www.google.com/bot.html)"
66.249.71.36 - - [02/Nov/2021:15:50:36 +0700] "GET /ads.txt HTTP/1.1" 301 236 "-" "Mozilla/5.0 (compatible; Googlebot/2.1; +http://www.google.com/bot.html)"
66.249.71.38 - - [02/Nov/2021:15:50:37 +0700] "GET /app-ads.txt HTTP/1.1" 301 240 "-" "Google-adstxt"
103.234.210.242 - - [02/Nov/2021:16:06:47 +0700] "GET / HTTP/1.1" 301 229 "-" "Go-http-client/1.1"
66.249.71.36 - - [02/Nov/2021:16:27:34 +0700] "GET / HTTP/1.1" 301 229 "-" "Mozilla/5.0 (Linux; Android 6.0.1; Nexus 5X Build/MMB29P) AppleWebKit/537.36 (KHTML, like Gecko) Chrome/94.0.4606.81 Mobile Safari/537.36 (compatible; Googlebot/2.1; +http://www.google.com/bot.html)"
103.234.210.242 - - [02/Nov/2021:16:39:09 +0700] "GET / HTTP/1.1" 301 229 "-" "Go-http-client/1.1"
103.234.210.242 - - [02/Nov/2021:17:10:10 +0700] "GET / HTTP/1.1" 301 229 "-" "Go-http-client/1.1"
103.234.210.242 - - [02/Nov/2021:17:42:04 +0700] "GET / HTTP/1.1" 301 229 "-" "Go-http-client/1.1"
103.234.210.242 - - [02/Nov/2021:18:08:52 +0700] "GET / HTTP/1.1" 301 229 "-" "Go-http-client/1.1"
103.234.210.242 - - [02/Nov/2021:18:38:07 +0700] "GET / HTTP/1.1" 301 229 "-" "Go-http-client/1.1"
103.234.210.242 - - [02/Nov/2021:19:07:20 +0700] "GET / HTTP/1.1" 301 229 "-" "Go-http-client/1.1"
103.234.210.242 - - [02/Nov/2021:19:36:46 +0700] "GET / HTTP/1.1" 301 229 "-" "Go-http-client/1.1"
103.234.210.242 - - [02/Nov/2021:20:08:23 +0700] "GET / HTTP/1.1" 301 229 "-" "Go-http-client/1.1"
103.234.210.242 - - [02/Nov/2021:20:37:20 +0700] "GET / HTTP/1.1" 301 229 "-" "Go-http-client/1.1"
103.234.210.242 - - [02/Nov/2021:21:07:40 +0700] "GET / HTTP/1.1" 301 229 "-" "Go-http-client/1.1"
103.234.210.242 - - [02/Nov/2021:21:38:50 +0700] "GET / HTTP/1.1" 301 229 "-" "Go-http-client/1.1"
103.234.210.242 - - [02/Nov/2021:22:08:32 +0700] "GET / HTTP/1.1" 301 229 "-" "Go-http-client/1.1"
103.234.210.242 - - [02/Nov/2021:22:36:50 +0700] "GET / HTTP/1.1" 301 229 "-" "Go-http-client/1.1"
157.55.39.127 - - [02/Nov/2021:22:53:40 +0700] "GET / HTTP/1.1" 301 229 "-" "Mozilla/5.0 (compatible; bingbot/2.0; +http://www.bing.com/bingbot.htm)"
103.234.210.242 - - [02/Nov/2021:23:08:54 +0700] "GET / HTTP/1.1" 301 229 "-" "Go-http-client/1.1"
103.234.210.242 - - [02/Nov/2021:23:38:01 +0700] "GET / HTTP/1.1" 301 229 "-" "Go-http-client/1.1"
103.234.210.242 - - [03/Nov/2021:00:09:30 +0700] "GET / HTTP/1.1" 301 229 "-" "Go-http-client/1.1"
103.234.210.242 - - [03/Nov/2021:00:40:18 +0700] "GET / HTTP/1.1" 301 229 "-" "Go-http-client/1.1"
103.234.210.242 - - [03/Nov/2021:00:46:47 +0700] "GET /.well-known/pki-validation/0013489CB4D2610D7F23C2E3595F66C8.txt HTTP/1.1" 301 292 "-" "COMODO DCV"
103.234.210.242 - - [03/Nov/2021:00:46:47 +0700] "GET /.well-known/pki-validation/8A3B196338499DF1505D2C1FF0B838EB.txt HTTP/1.1" 301 296 "-" "COMODO DCV"
54.189.230.128 - - [03/Nov/2021:01:03:46 +0700] "GET / HTTP/1.1" 301 229 "-" "Mozilla/5.0 (X11; Ubuntu; Linux x86_64; rv:82.0) Gecko/20100101 Firefox/82.0"
54.189.230.128 - - [03/Nov/2021:01:03:50 +0700] "GET /robots.txt HTTP/1.1" 301 239 "-" "Mozilla/5.0 (X11; Ubuntu; Linux x86_64; rv:82.0) Gecko/20100101 Firefox/82.0"
54.189.230.128 - - [03/Nov/2021:01:03:51 +0700] "GET /images/favicon.png HTTP/1.1" 301 247 "-" "Mozilla/5.0 (X11; Ubuntu; Linux x86_64; rv:82.0) Gecko/20100101 Firefox/82.0"
103.234.210.242 - - [03/Nov/2021:01:09:57 +0700] "GET / HTTP/1.1" 301 229 "-" "Go-http-client/1.1"
103.234.210.242 - - [03/Nov/2021:01:38:41 +0700] "GET / HTTP/1.1" 301 229 "-" "Go-http-client/1.1"
103.234.210.242 - - [03/Nov/2021:02:07:37 +0700] "GET / HTTP/1.1" 301 229 "-" "Go-http-client/1.1"
103.147.10.162 - - [03/Nov/2021:02:13:37 +0700] "GET /wp-login.php HTTP/1.1" 301 241 "-" "Mozilla/5.0 (X11; Ubuntu; Linux x86_64; rv:62.0) Gecko/20100101 Firefox/62.0"
103.234.210.242 - - [03/Nov/2021:02:37:39 +0700] "GET / HTTP/1.1" 301 229 "-" "Go-http-client/1.1"
103.234.210.242 - - [03/Nov/2021:03:07:44 +0700] "GET / HTTP/1.1" 301 229 "-" "Go-http-client/1.1"
103.234.210.242 - - [03/Nov/2021:03:38:02 +0700] "GET / HTTP/1.1" 301 229 "-" "Go-http-client/1.1"
64.246.187.42 - - [03/Nov/2021:04:04:23 +0700] "GET /robots.txt HTTP/1.0" 301 243 "-" "Mozilla/5.0 (Macintosh; Intel Mac OS X 10.10; rv:59.0) Gecko/20100101 Firefox/59.0"
64.246.187.42 - - [03/Nov/2021:04:04:24 +0700] "GET / HTTP/1.1" 301 233 "-" "Mozilla/5.0 (Macintosh; Intel Mac OS X 10.10; rv:59.0) Gecko/20100101 Firefox/59.0"
103.234.210.242 - - [03/Nov/2021:04:07:06 +0700] "GET / HTTP/1.1" 301 229 "-" "Go-http-client/1.1"
103.234.210.242 - - [03/Nov/2021:04:36:15 +0700] "GET / HTTP/1.1" 301 229 "-" "Go-http-client/1.1"
103.234.210.242 - - [03/Nov/2021:05:06:20 +0700] "GET / HTTP/1.1" 301 229 "-" "Go-http-client/1.1"
165.231.5.6 - - [03/Nov/2021:05:07:59 +0700] "GET / HTTP/1.0" 301 229 "http://radmed.co.id/" "Mozilla/5.0 (Windows NT 6.3; Win64; x64) AppleWebKit/537.36 (KHTML, like Gecko) Chrome/65.0.3325.146 Safari/537.36"
103.234.210.242 - - [03/Nov/2021:05:39:47 +0700] "GET / HTTP/1.1" 301 229 "-" "Go-http-client/1.1"
47.104.68.94 - - [03/Nov/2021:05:44:29 +0700] "GET / HTTP/1.1" 301 229 "-" "Mozilla/5.0 (Windows NT 10.0; Win64; x64) AppleWebKit/537.36 (KHTML, like Gecko) Chrome/74.0.3729.169 Safari/537.36"
47.104.68.94 - - [03/Nov/2021:05:44:32 +0700] "GET / HTTP/1.1" 301 229 "-" "Mozilla/5.0 (X11; Linux x86_64) AppleWebKit/537.36 (KHTML, like Gecko) HeadlessChrome/91.0.4472.114 Safari/537.36"
103.234.210.242 - - [03/Nov/2021:06:09:46 +0700] "GET / HTTP/1.1" 301 229 "-" "Go-http-client/1.1"
103.234.210.242 - - [03/Nov/2021:06:42:21 +0700] "GET / HTTP/1.1" 301 229 "-" "Go-http-client/1.1"
103.234.210.242 - - [03/Nov/2021:07:08:40 +0700] "GET / HTTP/1.1" 301 229 "-" "Go-http-client/1.1"
103.234.210.242 - - [03/Nov/2021:07:37:54 +0700] "GET / HTTP/1.1" 301 229 "-" "Go-http-client/1.1"
103.234.210.242 - - [03/Nov/2021:08:08:17 +0700] "GET / HTTP/1.1" 301 229 "-" "Go-http-client/1.1"
103.234.210.242 - - [03/Nov/2021:08:36:59 +0700] "GET / HTTP/1.1" 301 229 "-" "Go-http-client/1.1"
3.144.204.183 - - [03/Nov/2021:09:07:21 +0700] "GET / HTTP/1.1" 301 229 "-" "Mozilla/5.0 (Windows NT 10.0; Win64; x64) AppleWebKit/537.36 (KHTML, like Gecko) Chrome/78.0.3904.108 Safari/537.36"
103.234.210.242 - - [03/Nov/2021:09:07:57 +0700] "GET / HTTP/1.1" 301 229 "-" "Go-http-client/1.1"
67.205.3.168 - - [03/Nov/2021:09:14:53 +0700] "GET /wp-login.php HTTP/1.1" 301 245 "-" "Mozilla/5.0 (X11; Ubuntu; Linux x86_64; rv:62.0) Gecko/20100101 Firefox/62.0"
103.234.210.242 - - [03/Nov/2021:09:37:29 +0700] "GET / HTTP/1.1" 301 229 "-" "Go-http-client/1.1"
103.234.210.242 - - [03/Nov/2021:10:08:29 +0700] "GET / HTTP/1.1" 301 229 "-" "Go-http-client/1.1"
103.234.210.242 - - [03/Nov/2021:10:39:34 +0700] "GET / HTTP/1.1" 301 229 "-" "Go-http-client/1.1"
103.234.210.242 - - [03/Nov/2021:11:08:34 +0700] "GET / HTTP/1.1" 301 229 "-" "Go-http-client/1.1"
103.234.210.242 - - [03/Nov/2021:11:39:41 +0700] "GET / HTTP/1.1" 301 229 "-" "Go-http-client/1.1"
103.234.210.242 - - [03/Nov/2021:12:08:05 +0700] "GET / HTTP/1.1" 301 229 "-" "Go-http-client/1.1"
103.234.210.242 - - [03/Nov/2021:12:37:50 +0700] "GET / HTTP/1.1" 301 229 "-" "Go-http-client/1.1"
101.50.1.52 - - [03/Nov/2021:12:37:58 +0700] "GET / HTTP/1.1" 301 229 "-" "-"
103.234.210.242 - - [03/Nov/2021:13:09:11 +0700] "GET / HTTP/1.1" 301 229 "-" "Go-http-client/1.1"
103.234.210.242 - - [03/Nov/2021:13:37:58 +0700] "GET / HTTP/1.1" 301 229 "-" "Go-http-client/1.1"
157.55.39.127 - - [03/Nov/2021:13:56:06 +0700] "GET / HTTP/1.1" 301 229 "-" "Mozilla/5.0 (compatible; bingbot/2.0; +http://www.bing.com/bingbot.htm)"
103.234.210.242 - - [03/Nov/2021:14:08:06 +0700] "GET / HTTP/1.1" 301 229 "-" "Go-http-client/1.1"
103.234.210.242 - - [03/Nov/2021:14:38:32 +0700] "GET / HTTP/1.1" 301 229 "-" "Go-http-client/1.1"
103.234.210.242 - - [03/Nov/2021:15:08:38 +0700] "GET / HTTP/1.1" 301 229 "-" "Go-http-client/1.1"
66.249.71.36 - - [03/Nov/2021:15:30:42 +0700] "GET /robots.txt HTTP/1.1" 301 239 "-" "Mozilla/5.0 (compatible; Googlebot/2.1; +http://www.google.com/bot.html)"
66.249.71.38 - - [03/Nov/2021:15:30:43 +0700] "GET /app-ads.txt HTTP/1.1" 301 240 "-" "Google-adstxt"
103.234.210.242 - - [03/Nov/2021:15:39:32 +0700] "GET / HTTP/1.1" 301 229 "-" "Go-http-client/1.1"
66.249.71.34 - - [03/Nov/2021:16:00:42 +0700] "GET /ads.txt HTTP/1.1" 301 236 "-" "Mozilla/5.0 (compatible; Googlebot/2.1; +http://www.google.com/bot.html)"
103.234.210.242 - - [03/Nov/2021:16:08:05 +0700] "GET / HTTP/1.1" 301 229 "-" "Go-http-client/1.1"
103.234.210.242 - - [03/Nov/2021:16:37:54 +0700] "GET / HTTP/1.1" 301 229 "-" "Go-http-client/1.1"
103.234.210.242 - - [03/Nov/2021:17:06:52 +0700] "GET / HTTP/1.1" 301 229 "-" "Go-http-client/1.1"
103.234.210.242 - - [03/Nov/2021:17:36:51 +0700] "GET / HTTP/1.1" 301 229 "-" "Go-http-client/1.1"
103.234.210.242 - - [03/Nov/2021:18:06:24 +0700] "GET / HTTP/1.1" 301 229 "-" "Go-http-client/1.1"
103.234.210.242 - - [03/Nov/2021:18:36:35 +0700] "GET / HTTP/1.1" 301 229 "-" "Go-http-client/1.1"
103.234.210.242 - - [03/Nov/2021:19:07:59 +0700] "GET / HTTP/1.1" 301 229 "-" "Go-http-client/1.1"
103.234.210.242 - - [03/Nov/2021:19:37:25 +0700] "GET / HTTP/1.1" 301 229 "-" "Go-http-client/1.1"
66.249.71.107 - - [03/Nov/2021:20:00:01 +0700] "GET /robots.txt HTTP/1.1" 301 243 "-" "Mozilla/5.0 (compatible; Googlebot/2.1; +http://www.google.com/bot.html)"
66.249.71.112 - - [03/Nov/2021:20:00:01 +0700] "GET / HTTP/1.1" 301 233 "-" "Mozilla/5.0 (Linux; Android 6.0.1; Nexus 5X Build/MMB29P) AppleWebKit/537.36 (KHTML, like Gecko) Chrome/94.0.4606.81 Mobile Safari/537.36 (compatible; Googlebot/2.1; +http://www.google.com/bot.html)"
103.234.210.242 - - [03/Nov/2021:20:08:31 +0700] "GET / HTTP/1.1" 301 229 "-" "Go-http-client/1.1"
103.234.210.242 - - [03/Nov/2021:20:37:45 +0700] "GET / HTTP/1.1" 301 229 "-" "Go-http-client/1.1"
103.234.210.242 - - [03/Nov/2021:21:08:17 +0700] "GET / HTTP/1.1" 301 229 "-" "Go-http-client/1.1"
103.234.210.242 - - [03/Nov/2021:21:36:17 +0700] "GET / HTTP/1.1" 301 229 "-" "Go-http-client/1.1"
103.234.210.242 - - [03/Nov/2021:22:07:37 +0700] "GET / HTTP/1.1" 301 229 "-" "Go-http-client/1.1"
103.234.210.242 - - [03/Nov/2021:22:38:17 +0700] "GET / HTTP/1.1" 301 229 "-" "Go-http-client/1.1"
103.234.210.242 - - [03/Nov/2021:23:06:50 +0700] "GET / HTTP/1.1" 301 229 "-" "Go-http-client/1.1"
103.234.210.242 - - [03/Nov/2021:23:35:46 +0700] "GET / HTTP/1.1" 301 229 "-" "Go-http-client/1.1"
103.234.210.242 - - [04/Nov/2021:00:05:50 +0700] "GET / HTTP/1.1" 301 229 "-" "Go-http-client/1.1"
114.10.17.57 - - [04/Nov/2021:00:13:44 +0700] "GET / HTTP/1.1" 301 233 "-" "Mozilla/5.0 (Macintosh; Intel Mac OS X 10_13_6) AppleWebKit/537.36 (KHTML, like Gecko) Chrome/95.0.4638.69 Safari/537.36"
157.55.39.127 - - [04/Nov/2021:00:29:07 +0700] "GET / HTTP/1.1" 301 229 "-" "Mozilla/5.0 (compatible; bingbot/2.0; +http://www.bing.com/bingbot.htm)"
103.234.210.242 - - [04/Nov/2021:00:36:23 +0700] "GET / HTTP/1.1" 301 229 "-" "Go-http-client/1.1"
103.234.210.242 - - [04/Nov/2021:00:44:10 +0700] "GET /.well-known/pki-validation/224628928F22BFA0DF180B65280E2C19.txt HTTP/1.1" 301 292 "-" "COMODO DCV"
103.234.210.242 - - [04/Nov/2021:00:44:10 +0700] "GET /.well-known/pki-validation/A237533FC011DE7FBA1E2B87D4789609.txt HTTP/1.1" 301 296 "-" "COMODO DCV"
103.234.210.242 - - [04/Nov/2021:01:06:15 +0700] "GET / HTTP/1.1" 301 229 "-" "Go-http-client/1.1"
103.234.210.242 - - [04/Nov/2021:01:35:55 +0700] "GET / HTTP/1.1" 301 229 "-" "Go-http-client/1.1"
103.234.210.242 - - [04/Nov/2021:02:07:17 +0700] "GET / HTTP/1.1" 301 229 "-" "Go-http-client/1.1"
103.234.210.242 - - [04/Nov/2021:02:38:15 +0700] "GET / HTTP/1.1" 301 229 "-" "Go-http-client/1.1"
103.234.210.242 - - [04/Nov/2021:03:08:06 +0700] "GET / HTTP/1.1" 301 229 "-" "Go-http-client/1.1"
103.234.210.242 - - [04/Nov/2021:03:40:00 +0700] "GET / HTTP/1.1" 301 229 "-" "Go-http-client/1.1"
103.234.210.242 - - [04/Nov/2021:04:09:37 +0700] "GET / HTTP/1.1" 301 229 "-" "Go-http-client/1.1"
103.234.210.242 - - [04/Nov/2021:04:40:09 +0700] "GET / HTTP/1.1" 301 229 "-" "Go-http-client/1.1"
103.234.210.242 - - [04/Nov/2021:05:08:14 +0700] "GET / HTTP/1.1" 301 229 "-" "Go-http-client/1.1"
103.234.210.242 - - [04/Nov/2021:05:38:45 +0700] "GET / HTTP/1.1" 301 229 "-" "Go-http-client/1.1"
141.98.9.3 - - [04/Nov/2021:05:54:56 +0700] "GET /wp-login.php HTTP/1.1" 301 245 "-" "Mozilla/5.0 (Windows NT 10.0; rv:78.0) Gecko/20100101 Firefox/78.0"
103.234.210.242 - - [04/Nov/2021:06:08:32 +0700] "GET / HTTP/1.1" 301 229 "-" "Go-http-client/1.1"
103.234.210.242 - - [04/Nov/2021:06:37:25 +0700] "GET / HTTP/1.1" 301 229 "-" "Go-http-client/1.1"
103.234.210.242 - - [04/Nov/2021:07:07:50 +0700] "GET / HTTP/1.1" 301 229 "-" "Go-http-client/1.1"
103.234.210.242 - - [04/Nov/2021:07:37:11 +0700] "GET / HTTP/1.1" 301 229 "-" "Go-http-client/1.1"
103.234.210.242 - - [04/Nov/2021:08:06:56 +0700] "GET / HTTP/1.1" 301 229 "-" "Go-http-client/1.1"
103.234.210.242 - - [04/Nov/2021:08:39:18 +0700] "GET / HTTP/1.1" 301 229 "-" "Go-http-client/1.1"
103.234.210.242 - - [04/Nov/2021:09:08:34 +0700] "GET / HTTP/1.1" 301 229 "-" "Go-http-client/1.1"
103.234.210.242 - - [04/Nov/2021:09:38:22 +0700] "GET / HTTP/1.1" 301 229 "-" "Go-http-client/1.1"
207.46.13.163 - - [04/Nov/2021:09:51:50 +0700] "GET / HTTP/1.1" 301 229 "-" "Mozilla/5.0 (compatible; bingbot/2.0; +http://www.bing.com/bingbot.htm)"
103.234.210.242 - - [04/Nov/2021:10:07:26 +0700] "GET / HTTP/1.1" 301 229 "-" "Go-http-client/1.1"
103.234.210.242 - - [04/Nov/2021:10:38:46 +0700] "GET / HTTP/1.1" 301 229 "-" "Go-http-client/1.1"
103.234.210.242 - - [04/Nov/2021:11:08:50 +0700] "GET / HTTP/1.1" 301 229 "-" "Go-http-client/1.1"
138.197.131.66 - - [04/Nov/2021:11:29:12 +0700] "GET /wp-login.php HTTP/1.1" 301 241 "-" "Mozilla/5.0 (X11; Ubuntu; Linux x86_64; rv:62.0) Gecko/20100101 Firefox/62.0"
138.197.131.66 - - [04/Nov/2021:11:29:12 +0700] "GET /wp-login.php HTTP/1.1" 301 241 "-" "Mozilla/5.0 (X11; Ubuntu; Linux x86_64; rv:62.0) Gecko/20100101 Firefox/62.0"
103.234.210.242 - - [04/Nov/2021:11:37:53 +0700] "GET / HTTP/1.1" 301 229 "-" "Go-http-client/1.1"
103.234.210.242 - - [04/Nov/2021:12:07:05 +0700] "GET / HTTP/1.1" 301 229 "-" "Go-http-client/1.1"
103.234.210.242 - - [04/Nov/2021:12:37:49 +0700] "GET / HTTP/1.1" 301 229 "-" "Go-http-client/1.1"
103.234.210.242 - - [04/Nov/2021:13:09:14 +0700] "GET / HTTP/1.1" 301 229 "-" "Go-http-client/1.1"
157.55.39.157 - - [04/Nov/2021:13:29:44 +0700] "GET /robots.txt HTTP/1.1" 301 239 "-" "Mozilla/5.0 (compatible; bingbot/2.0; +http://www.bing.com/bingbot.htm)"
207.46.13.163 - - [04/Nov/2021:13:29:51 +0700] "GET / HTTP/1.1" 301 229 "-" "Mozilla/5.0 (compatible; bingbot/2.0; +http://www.bing.com/bingbot.htm)"
103.234.210.242 - - [04/Nov/2021:13:38:58 +0700] "GET / HTTP/1.1" 301 229 "-" "Go-http-client/1.1"
103.234.210.242 - - [04/Nov/2021:14:08:38 +0700] "GET / HTTP/1.1" 301 229 "-" "Go-http-client/1.1"
103.234.210.242 - - [04/Nov/2021:14:37:31 +0700] "GET / HTTP/1.1" 301 229 "-" "Go-http-client/1.1"
103.234.210.242 - - [04/Nov/2021:15:08:49 +0700] "GET / HTTP/1.1" 301 229 "-" "Go-http-client/1.1"
103.234.210.242 - - [04/Nov/2021:15:38:24 +0700] "GET / HTTP/1.1" 301 229 "-" "Go-http-client/1.1"
66.249.71.34 - - [04/Nov/2021:15:42:57 +0700] "GET /robots.txt HTTP/1.1" 301 239 "-" "Mozilla/5.0 (compatible; Googlebot/2.1; +http://www.google.com/bot.html)"
66.249.71.38 - - [04/Nov/2021:15:42:58 +0700] "GET /ads.txt HTTP/1.1" 301 236 "-" "Mozilla/5.0 (compatible; Googlebot/2.1; +http://www.google.com/bot.html)"
217.79.245.247 - - [04/Nov/2021:15:57:00 +0700] "GET /wp-login.php HTTP/1.1" 301 245 "-" "Mozilla/5.0 (X11; Ubuntu; Linux x86_64; rv:62.0) Gecko/20100101 Firefox/62.0"
103.234.210.242 - - [04/Nov/2021:16:09:49 +0700] "GET / HTTP/1.1" 301 229 "-" "Go-http-client/1.1"
66.249.71.34 - - [04/Nov/2021:16:12:57 +0700] "GET /app-ads.txt HTTP/1.1" 301 240 "-" "Google-adstxt"
103.234.210.242 - - [04/Nov/2021:16:38:36 +0700] "GET / HTTP/1.1" 301 229 "-" "Go-http-client/1.1"
103.234.210.242 - - [04/Nov/2021:17:08:16 +0700] "GET / HTTP/1.1" 301 229 "-" "Go-http-client/1.1"
103.234.210.242 - - [04/Nov/2021:17:37:51 +0700] "GET / HTTP/1.1" 301 229 "-" "Go-http-client/1.1"
103.234.210.242 - - [04/Nov/2021:18:08:00 +0700] "GET / HTTP/1.1" 301 229 "-" "Go-http-client/1.1"
103.234.210.242 - - [04/Nov/2021:18:37:58 +0700] "GET / HTTP/1.1" 301 229 "-" "Go-http-client/1.1"
103.164.190.226 - - [04/Nov/2021:19:05:39 +0700] "POST //NovaWeb/services/DiagnosticService.rem HTTP/1.1" 301 267 "-" "Mozilla/4.0+(compatible; MSIE 6.0; Windows 6.2.9200.0; MS .NET Remoting; MS .NET CLR 4.0.30319.42000 )"
103.164.190.226 - - [04/Nov/2021:19:05:46 +0700] "POST //NovaWeb/services/DiagnosticService.rem HTTP/1.1" 301 267 "-" "Mozilla/4.0+(compatible; MSIE 6.0; Windows 6.2.9200.0; MS .NET Remoting; MS .NET CLR 4.0.30319.42000 )"
103.164.190.226 - - [04/Nov/2021:19:05:56 +0700] "POST //NovaWeb/services/DiagnosticService.rem HTTP/1.1" 301 267 "-" "Mozilla/4.0+(compatible; MSIE 6.0; Windows 6.2.9200.0; MS .NET Remoting; MS .NET CLR 4.0.30319.42000 )"
103.164.190.226 - - [04/Nov/2021:19:06:06 +0700] "POST //NovaWeb/services/DiagnosticService.rem HTTP/1.1" 301 267 "-" "Mozilla/4.0+(compatible; MSIE 6.0; Windows 6.2.9200.0; MS .NET Remoting; MS .NET CLR 4.0.30319.42000 )"
103.164.190.226 - - [04/Nov/2021:19:06:16 +0700] "POST //NovaWeb/services/DiagnosticService.rem HTTP/1.1" 301 267 "-" "Mozilla/4.0+(compatible; MSIE 6.0; Windows 6.2.9200.0; MS .NET Remoting; MS .NET CLR 4.0.30319.42000 )"
103.164.190.226 - - [04/Nov/2021:19:06:26 +0700] "POST //NovaWeb/services/DiagnosticService.rem HTTP/1.1" 301 267 "-" "Mozilla/4.0+(compatible; MSIE 6.0; Windows 6.2.9200.0; MS .NET Remoting; MS .NET CLR 4.0.30319.42000 )"
103.164.190.226 - - [04/Nov/2021:19:06:36 +0700] "POST //NovaWeb/services/DiagnosticService.rem HTTP/1.1" 301 267 "-" "Mozilla/4.0+(compatible; MSIE 6.0; Windows 6.2.9200.0; MS .NET Remoting; MS .NET CLR 4.0.30319.42000 )"
103.164.190.226 - - [04/Nov/2021:19:06:46 +0700] "POST //NovaWeb/services/DiagnosticService.rem HTTP/1.1" 301 267 "-" "Mozilla/4.0+(compatible; MSIE 6.0; Windows 6.2.9200.0; MS .NET Remoting; MS .NET CLR 4.0.30319.42000 )"
103.164.190.226 - - [04/Nov/2021:19:07:26 +0700] "POST //NovaWeb/services/DiagnosticService.rem HTTP/1.1" 301 267 "-" "Mozilla/4.0+(compatible; MSIE 6.0; Windows 6.2.9200.0; MS .NET Remoting; MS .NET CLR 4.0.30319.42000 )"
103.164.190.226 - - [04/Nov/2021:19:07:36 +0700] "POST //NovaWeb/services/DiagnosticService.rem HTTP/1.1" 301 267 "-" "Mozilla/4.0+(compatible; MSIE 6.0; Windows 6.2.9200.0; MS .NET Remoting; MS .NET CLR 4.0.30319.42000 )"
103.164.190.226 - - [04/Nov/2021:19:07:46 +0700] "POST //NovaWeb/services/DiagnosticService.rem HTTP/1.1" 301 267 "-" "Mozilla/4.0+(compatible; MSIE 6.0; Windows 6.2.9200.0; MS .NET Remoting; MS .NET CLR 4.0.30319.42000 )"
103.164.190.226 - - [04/Nov/2021:19:07:56 +0700] "POST //NovaWeb/services/DiagnosticService.rem HTTP/1.1" 301 267 "-" "Mozilla/4.0+(compatible; MSIE 6.0; Windows 6.2.9200.0; MS .NET Remoting; MS .NET CLR 4.0.30319.42000 )"
103.164.190.226 - - [04/Nov/2021:19:08:06 +0700] "POST //NovaWeb/services/DiagnosticService.rem HTTP/1.1" 301 267 "-" "Mozilla/4.0+(compatible; MSIE 6.0; Windows 6.2.9200.0; MS .NET Remoting; MS .NET CLR 4.0.30319.42000 )"
103.164.190.226 - - [04/Nov/2021:19:08:16 +0700] "POST //NovaWeb/services/DiagnosticService.rem HTTP/1.1" 301 267 "-" "Mozilla/4.0+(compatible; MSIE 6.0; Windows 6.2.9200.0; MS .NET Remoting; MS .NET CLR 4.0.30319.42000 )"
103.164.190.226 - - [04/Nov/2021:19:08:26 +0700] "POST //NovaWeb/services/DiagnosticService.rem HTTP/1.1" 301 267 "-" "Mozilla/4.0+(compatible; MSIE 6.0; Windows 6.2.9200.0; MS .NET Remoting; MS .NET CLR 4.0.30319.42000 )"
103.164.190.226 - - [04/Nov/2021:19:08:36 +0700] "POST //NovaWeb/services/DiagnosticService.rem HTTP/1.1" 301 267 "-" "Mozilla/4.0+(compatible; MSIE 6.0; Windows 6.2.9200.0; MS .NET Remoting; MS .NET CLR 4.0.30319.42000 )"
103.164.190.226 - - [04/Nov/2021:19:08:46 +0700] "POST //NovaWeb/services/DiagnosticService.rem HTTP/1.1" 301 267 "-" "Mozilla/4.0+(compatible; MSIE 6.0; Windows 6.2.9200.0; MS .NET Remoting; MS .NET CLR 4.0.30319.42000 )"
103.234.210.242 - - [04/Nov/2021:19:08:47 +0700] "GET / HTTP/1.1" 301 229 "-" "Go-http-client/1.1"
103.164.190.226 - - [04/Nov/2021:19:08:56 +0700] "POST //NovaWeb/services/DiagnosticService.rem HTTP/1.1" 301 267 "-" "Mozilla/4.0+(compatible; MSIE 6.0; Windows 6.2.9200.0; MS .NET Remoting; MS .NET CLR 4.0.30319.42000 )"
103.164.190.226 - - [04/Nov/2021:19:09:06 +0700] "POST //NovaWeb/services/DiagnosticService.rem HTTP/1.1" 301 267 "-" "Mozilla/4.0+(compatible; MSIE 6.0; Windows 6.2.9200.0; MS .NET Remoting; MS .NET CLR 4.0.30319.42000 )"
103.164.190.226 - - [04/Nov/2021:19:09:16 +0700] "POST //NovaWeb/services/DiagnosticService.rem HTTP/1.1" 301 267 "-" "Mozilla/4.0+(compatible; MSIE 6.0; Windows 6.2.9200.0; MS .NET Remoting; MS .NET CLR 4.0.30319.42000 )"
103.164.190.226 - - [04/Nov/2021:19:09:26 +0700] "POST //NovaWeb/services/DiagnosticService.rem HTTP/1.1" 301 267 "-" "Mozilla/4.0+(compatible; MSIE 6.0; Windows 6.2.9200.0; MS .NET Remoting; MS .NET CLR 4.0.30319.42000 )"
103.164.190.226 - - [04/Nov/2021:19:09:36 +0700] "POST //NovaWeb/services/DiagnosticService.rem HTTP/1.1" 301 267 "-" "Mozilla/4.0+(compatible; MSIE 6.0; Windows 6.2.9200.0; MS .NET Remoting; MS .NET CLR 4.0.30319.42000 )"
103.164.190.226 - - [04/Nov/2021:19:09:46 +0700] "POST //NovaWeb/services/DiagnosticService.rem HTTP/1.1" 301 267 "-" "Mozilla/4.0+(compatible; MSIE 6.0; Windows 6.2.9200.0; MS .NET Remoting; MS .NET CLR 4.0.30319.42000 )"
103.164.190.226 - - [04/Nov/2021:19:09:56 +0700] "POST //NovaWeb/services/DiagnosticService.rem HTTP/1.1" 301 267 "-" "Mozilla/4.0+(compatible; MSIE 6.0; Windows 6.2.9200.0; MS .NET Remoting; MS .NET CLR 4.0.30319.42000 )"
103.164.190.226 - - [04/Nov/2021:19:10:06 +0700] "POST //NovaWeb/services/DiagnosticService.rem HTTP/1.1" 301 267 "-" "Mozilla/4.0+(compatible; MSIE 6.0; Windows 6.2.9200.0; MS .NET Remoting; MS .NET CLR 4.0.30319.42000 )"
103.164.190.226 - - [04/Nov/2021:19:10:16 +0700] "POST //NovaWeb/services/DiagnosticService.rem HTTP/1.1" 301 267 "-" "Mozilla/4.0+(compatible; MSIE 6.0; Windows 6.2.9200.0; MS .NET Remoting; MS .NET CLR 4.0.30319.42000 )"
103.164.190.226 - - [04/Nov/2021:19:10:26 +0700] "POST //NovaWeb/services/DiagnosticService.rem HTTP/1.1" 301 267 "-" "Mozilla/4.0+(compatible; MSIE 6.0; Windows 6.2.9200.0; MS .NET Remoting; MS .NET CLR 4.0.30319.42000 )"
103.164.190.226 - - [04/Nov/2021:19:10:36 +0700] "POST //NovaWeb/services/DiagnosticService.rem HTTP/1.1" 301 267 "-" "Mozilla/4.0+(compatible; MSIE 6.0; Windows 6.2.9200.0; MS .NET Remoting; MS .NET CLR 4.0.30319.42000 )"
103.164.190.226 - - [04/Nov/2021:19:10:46 +0700] "POST //NovaWeb/services/DiagnosticService.rem HTTP/1.1" 301 267 "-" "Mozilla/4.0+(compatible; MSIE 6.0; Windows 6.2.9200.0; MS .NET Remoting; MS .NET CLR 4.0.30319.42000 )"
103.164.190.226 - - [04/Nov/2021:19:10:56 +0700] "POST //NovaWeb/services/DiagnosticService.rem HTTP/1.1" 301 267 "-" "Mozilla/4.0+(compatible; MSIE 6.0; Windows 6.2.9200.0; MS .NET Remoting; MS .NET CLR 4.0.30319.42000 )"
103.164.190.226 - - [04/Nov/2021:19:11:06 +0700] "POST //NovaWeb/services/DiagnosticService.rem HTTP/1.1" 301 267 "-" "Mozilla/4.0+(compatible; MSIE 6.0; Windows 6.2.9200.0; MS .NET Remoting; MS .NET CLR 4.0.30319.42000 )"
103.164.190.226 - - [04/Nov/2021:19:11:16 +0700] "POST //NovaWeb/services/DiagnosticService.rem HTTP/1.1" 301 267 "-" "Mozilla/4.0+(compatible; MSIE 6.0; Windows 6.2.9200.0; MS .NET Remoting; MS .NET CLR 4.0.30319.42000 )"
103.164.190.226 - - [04/Nov/2021:19:11:26 +0700] "POST //NovaWeb/services/DiagnosticService.rem HTTP/1.1" 301 267 "-" "Mozilla/4.0+(compatible; MSIE 6.0; Windows 6.2.9200.0; MS .NET Remoting; MS .NET CLR 4.0.30319.42000 )"
103.164.190.226 - - [04/Nov/2021:19:11:36 +0700] "POST //NovaWeb/services/DiagnosticService.rem HTTP/1.1" 301 267 "-" "Mozilla/4.0+(compatible; MSIE 6.0; Windows 6.2.9200.0; MS .NET Remoting; MS .NET CLR 4.0.30319.42000 )"
103.164.190.226 - - [04/Nov/2021:19:11:46 +0700] "POST //NovaWeb/services/DiagnosticService.rem HTTP/1.1" 301 267 "-" "Mozilla/4.0+(compatible; MSIE 6.0; Windows 6.2.9200.0; MS .NET Remoting; MS .NET CLR 4.0.30319.42000 )"
103.164.190.226 - - [04/Nov/2021:19:11:56 +0700] "POST //NovaWeb/services/DiagnosticService.rem HTTP/1.1" 301 267 "-" "Mozilla/4.0+(compatible; MSIE 6.0; Windows 6.2.9200.0; MS .NET Remoting; MS .NET CLR 4.0.30319.42000 )"
103.164.190.226 - - [04/Nov/2021:19:12:06 +0700] "POST //NovaWeb/services/DiagnosticService.rem HTTP/1.1" 301 267 "-" "Mozilla/4.0+(compatible; MSIE 6.0; Windows 6.2.9200.0; MS .NET Remoting; MS .NET CLR 4.0.30319.42000 )"
103.164.190.226 - - [04/Nov/2021:19:12:16 +0700] "POST //NovaWeb/services/DiagnosticService.rem HTTP/1.1" 301 267 "-" "Mozilla/4.0+(compatible; MSIE 6.0; Windows 6.2.9200.0; MS .NET Remoting; MS .NET CLR 4.0.30319.42000 )"
103.164.190.226 - - [04/Nov/2021:19:12:26 +0700] "POST //NovaWeb/services/DiagnosticService.rem HTTP/1.1" 301 267 "-" "Mozilla/4.0+(compatible; MSIE 6.0; Windows 6.2.9200.0; MS .NET Remoting; MS .NET CLR 4.0.30319.42000 )"
103.164.190.226 - - [04/Nov/2021:19:12:36 +0700] "POST //NovaWeb/services/DiagnosticService.rem HTTP/1.1" 301 267 "-" "Mozilla/4.0+(compatible; MSIE 6.0; Windows 6.2.9200.0; MS .NET Remoting; MS .NET CLR 4.0.30319.42000 )"
103.164.190.226 - - [04/Nov/2021:19:12:46 +0700] "POST //NovaWeb/services/DiagnosticService.rem HTTP/1.1" 301 267 "-" "Mozilla/4.0+(compatible; MSIE 6.0; Windows 6.2.9200.0; MS .NET Remoting; MS .NET CLR 4.0.30319.42000 )"
103.164.190.226 - - [04/Nov/2021:19:12:56 +0700] "POST //NovaWeb/services/DiagnosticService.rem HTTP/1.1" 301 267 "-" "Mozilla/4.0+(compatible; MSIE 6.0; Windows 6.2.9200.0; MS .NET Remoting; MS .NET CLR 4.0.30319.42000 )"
103.164.190.226 - - [04/Nov/2021:19:13:06 +0700] "POST //NovaWeb/services/DiagnosticService.rem HTTP/1.1" 301 267 "-" "Mozilla/4.0+(compatible; MSIE 6.0; Windows 6.2.9200.0; MS .NET Remoting; MS .NET CLR 4.0.30319.42000 )"
103.164.190.226 - - [04/Nov/2021:19:13:16 +0700] "POST //NovaWeb/services/DiagnosticService.rem HTTP/1.1" 301 267 "-" "Mozilla/4.0+(compatible; MSIE 6.0; Windows 6.2.9200.0; MS .NET Remoting; MS .NET CLR 4.0.30319.42000 )"
103.164.190.226 - - [04/Nov/2021:19:13:26 +0700] "POST //NovaWeb/services/DiagnosticService.rem HTTP/1.1" 301 267 "-" "Mozilla/4.0+(compatible; MSIE 6.0; Windows 6.2.9200.0; MS .NET Remoting; MS .NET CLR 4.0.30319.42000 )"
103.164.190.226 - - [04/Nov/2021:19:13:36 +0700] "POST //NovaWeb/services/DiagnosticService.rem HTTP/1.1" 301 267 "-" "Mozilla/4.0+(compatible; MSIE 6.0; Windows 6.2.9200.0; MS .NET Remoting; MS .NET CLR 4.0.30319.42000 )"
103.164.190.226 - - [04/Nov/2021:19:13:46 +0700] "POST //NovaWeb/services/DiagnosticService.rem HTTP/1.1" 301 267 "-" "Mozilla/4.0+(compatible; MSIE 6.0; Windows 6.2.9200.0; MS .NET Remoting; MS .NET CLR 4.0.30319.42000 )"
103.164.190.226 - - [04/Nov/2021:19:13:56 +0700] "POST //NovaWeb/services/DiagnosticService.rem HTTP/1.1" 301 267 "-" "Mozilla/4.0+(compatible; MSIE 6.0; Windows 6.2.9200.0; MS .NET Remoting; MS .NET CLR 4.0.30319.42000 )"
103.164.190.226 - - [04/Nov/2021:19:14:06 +0700] "POST //NovaWeb/services/DiagnosticService.rem HTTP/1.1" 301 267 "-" "Mozilla/4.0+(compatible; MSIE 6.0; Windows 6.2.9200.0; MS .NET Remoting; MS .NET CLR 4.0.30319.42000 )"
103.164.190.226 - - [04/Nov/2021:19:14:16 +0700] "POST //NovaWeb/services/DiagnosticService.rem HTTP/1.1" 301 267 "-" "Mozilla/4.0+(compatible; MSIE 6.0; Windows 6.2.9200.0; MS .NET Remoting; MS .NET CLR 4.0.30319.42000 )"
103.164.190.226 - - [04/Nov/2021:19:14:26 +0700] "POST //NovaWeb/services/DiagnosticService.rem HTTP/1.1" 301 267 "-" "Mozilla/4.0+(compatible; MSIE 6.0; Windows 6.2.9200.0; MS .NET Remoting; MS .NET CLR 4.0.30319.42000 )"
103.164.190.226 - - [04/Nov/2021:19:14:36 +0700] "POST //NovaWeb/services/DiagnosticService.rem HTTP/1.1" 301 267 "-" "Mozilla/4.0+(compatible; MSIE 6.0; Windows 6.2.9200.0; MS .NET Remoting; MS .NET CLR 4.0.30319.42000 )"
103.164.190.226 - - [04/Nov/2021:19:14:46 +0700] "POST //NovaWeb/services/DiagnosticService.rem HTTP/1.1" 301 267 "-" "Mozilla/4.0+(compatible; MSIE 6.0; Windows 6.2.9200.0; MS .NET Remoting; MS .NET CLR 4.0.30319.42000 )"
103.164.190.226 - - [04/Nov/2021:19:14:56 +0700] "POST //NovaWeb/services/DiagnosticService.rem HTTP/1.1" 301 267 "-" "Mozilla/4.0+(compatible; MSIE 6.0; Windows 6.2.9200.0; MS .NET Remoting; MS .NET CLR 4.0.30319.42000 )"
103.164.190.226 - - [04/Nov/2021:19:15:06 +0700] "POST //NovaWeb/services/DiagnosticService.rem HTTP/1.1" 301 267 "-" "Mozilla/4.0+(compatible; MSIE 6.0; Windows 6.2.9200.0; MS .NET Remoting; MS .NET CLR 4.0.30319.42000 )"
103.164.190.226 - - [04/Nov/2021:19:15:16 +0700] "POST //NovaWeb/services/DiagnosticService.rem HTTP/1.1" 301 267 "-" "Mozilla/4.0+(compatible; MSIE 6.0; Windows 6.2.9200.0; MS .NET Remoting; MS .NET CLR 4.0.30319.42000 )"
103.164.190.226 - - [04/Nov/2021:19:15:26 +0700] "POST //NovaWeb/services/DiagnosticService.rem HTTP/1.1" 301 267 "-" "Mozilla/4.0+(compatible; MSIE 6.0; Windows 6.2.9200.0; MS .NET Remoting; MS .NET CLR 4.0.30319.42000 )"
103.164.190.226 - - [04/Nov/2021:19:15:36 +0700] "POST //NovaWeb/services/DiagnosticService.rem HTTP/1.1" 301 267 "-" "Mozilla/4.0+(compatible; MSIE 6.0; Windows 6.2.9200.0; MS .NET Remoting; MS .NET CLR 4.0.30319.42000 )"
103.164.190.226 - - [04/Nov/2021:19:15:46 +0700] "POST //NovaWeb/services/DiagnosticService.rem HTTP/1.1" 301 267 "-" "Mozilla/4.0+(compatible; MSIE 6.0; Windows 6.2.9200.0; MS .NET Remoting; MS .NET CLR 4.0.30319.42000 )"
103.164.190.226 - - [04/Nov/2021:19:15:56 +0700] "POST //NovaWeb/services/DiagnosticService.rem HTTP/1.1" 301 267 "-" "Mozilla/4.0+(compatible; MSIE 6.0; Windows 6.2.9200.0; MS .NET Remoting; MS .NET CLR 4.0.30319.42000 )"
103.164.190.226 - - [04/Nov/2021:19:16:06 +0700] "POST //NovaWeb/services/DiagnosticService.rem HTTP/1.1" 301 267 "-" "Mozilla/4.0+(compatible; MSIE 6.0; Windows 6.2.9200.0; MS .NET Remoting; MS .NET CLR 4.0.30319.42000 )"
103.164.190.226 - - [04/Nov/2021:19:16:16 +0700] "POST //NovaWeb/services/DiagnosticService.rem HTTP/1.1" 301 267 "-" "Mozilla/4.0+(compatible; MSIE 6.0; Windows 6.2.9200.0; MS .NET Remoting; MS .NET CLR 4.0.30319.42000 )"
103.164.190.226 - - [04/Nov/2021:19:16:26 +0700] "POST //NovaWeb/services/DiagnosticService.rem HTTP/1.1" 301 267 "-" "Mozilla/4.0+(compatible; MSIE 6.0; Windows 6.2.9200.0; MS .NET Remoting; MS .NET CLR 4.0.30319.42000 )"
103.164.190.226 - - [04/Nov/2021:19:16:36 +0700] "POST //NovaWeb/services/DiagnosticService.rem HTTP/1.1" 301 267 "-" "Mozilla/4.0+(compatible; MSIE 6.0; Windows 6.2.9200.0; MS .NET Remoting; MS .NET CLR 4.0.30319.42000 )"
103.164.190.226 - - [04/Nov/2021:19:16:46 +0700] "POST //NovaWeb/services/DiagnosticService.rem HTTP/1.1" 301 267 "-" "Mozilla/4.0+(compatible; MSIE 6.0; Windows 6.2.9200.0; MS .NET Remoting; MS .NET CLR 4.0.30319.42000 )"
103.164.190.226 - - [04/Nov/2021:19:16:56 +0700] "POST //NovaWeb/services/DiagnosticService.rem HTTP/1.1" 301 267 "-" "Mozilla/4.0+(compatible; MSIE 6.0; Windows 6.2.9200.0; MS .NET Remoting; MS .NET CLR 4.0.30319.42000 )"
103.164.190.226 - - [04/Nov/2021:19:17:06 +0700] "POST //NovaWeb/services/DiagnosticService.rem HTTP/1.1" 301 267 "-" "Mozilla/4.0+(compatible; MSIE 6.0; Windows 6.2.9200.0; MS .NET Remoting; MS .NET CLR 4.0.30319.42000 )"
103.164.190.226 - - [04/Nov/2021:19:17:16 +0700] "POST //NovaWeb/services/DiagnosticService.rem HTTP/1.1" 301 267 "-" "Mozilla/4.0+(compatible; MSIE 6.0; Windows 6.2.9200.0; MS .NET Remoting; MS .NET CLR 4.0.30319.42000 )"
207.46.13.163 - - [04/Nov/2021:19:17:26 +0700] "GET / HTTP/1.1" 301 229 "-" "Mozilla/5.0 (compatible; bingbot/2.0; +http://www.bing.com/bingbot.htm)"
103.164.190.226 - - [04/Nov/2021:19:17:26 +0700] "POST //NovaWeb/services/DiagnosticService.rem HTTP/1.1" 301 267 "-" "Mozilla/4.0+(compatible; MSIE 6.0; Windows 6.2.9200.0; MS .NET Remoting; MS .NET CLR 4.0.30319.42000 )"
103.164.190.226 - - [04/Nov/2021:19:17:36 +0700] "POST //NovaWeb/services/DiagnosticService.rem HTTP/1.1" 301 267 "-" "Mozilla/4.0+(compatible; MSIE 6.0; Windows 6.2.9200.0; MS .NET Remoting; MS .NET CLR 4.0.30319.42000 )"
103.164.190.226 - - [04/Nov/2021:19:17:46 +0700] "POST //NovaWeb/services/DiagnosticService.rem HTTP/1.1" 301 267 "-" "Mozilla/4.0+(compatible; MSIE 6.0; Windows 6.2.9200.0; MS .NET Remoting; MS .NET CLR 4.0.30319.42000 )"
103.164.190.226 - - [04/Nov/2021:19:17:56 +0700] "POST //NovaWeb/services/DiagnosticService.rem HTTP/1.1" 301 267 "-" "Mozilla/4.0+(compatible; MSIE 6.0; Windows 6.2.9200.0; MS .NET Remoting; MS .NET CLR 4.0.30319.42000 )"
103.164.190.226 - - [04/Nov/2021:19:18:06 +0700] "POST //NovaWeb/services/DiagnosticService.rem HTTP/1.1" 301 267 "-" "Mozilla/4.0+(compatible; MSIE 6.0; Windows 6.2.9200.0; MS .NET Remoting; MS .NET CLR 4.0.30319.42000 )"
103.164.190.226 - - [04/Nov/2021:19:18:16 +0700] "POST //NovaWeb/services/DiagnosticService.rem HTTP/1.1" 301 267 "-" "Mozilla/4.0+(compatible; MSIE 6.0; Windows 6.2.9200.0; MS .NET Remoting; MS .NET CLR 4.0.30319.42000 )"
103.164.190.226 - - [04/Nov/2021:19:18:26 +0700] "POST //NovaWeb/services/DiagnosticService.rem HTTP/1.1" 301 267 "-" "Mozilla/4.0+(compatible; MSIE 6.0; Windows 6.2.9200.0; MS .NET Remoting; MS .NET CLR 4.0.30319.42000 )"
103.164.190.226 - - [04/Nov/2021:19:18:36 +0700] "POST //NovaWeb/services/DiagnosticService.rem HTTP/1.1" 301 267 "-" "Mozilla/4.0+(compatible; MSIE 6.0; Windows 6.2.9200.0; MS .NET Remoting; MS .NET CLR 4.0.30319.42000 )"
103.164.190.226 - - [04/Nov/2021:19:18:46 +0700] "POST //NovaWeb/services/DiagnosticService.rem HTTP/1.1" 301 267 "-" "Mozilla/4.0+(compatible; MSIE 6.0; Windows 6.2.9200.0; MS .NET Remoting; MS .NET CLR 4.0.30319.42000 )"
103.164.190.226 - - [04/Nov/2021:19:18:56 +0700] "POST //NovaWeb/services/DiagnosticService.rem HTTP/1.1" 301 267 "-" "Mozilla/4.0+(compatible; MSIE 6.0; Windows 6.2.9200.0; MS .NET Remoting; MS .NET CLR 4.0.30319.42000 )"
103.164.190.226 - - [04/Nov/2021:19:19:06 +0700] "POST //NovaWeb/services/DiagnosticService.rem HTTP/1.1" 301 267 "-" "Mozilla/4.0+(compatible; MSIE 6.0; Windows 6.2.9200.0; MS .NET Remoting; MS .NET CLR 4.0.30319.42000 )"
103.164.190.226 - - [04/Nov/2021:19:19:16 +0700] "POST //NovaWeb/services/DiagnosticService.rem HTTP/1.1" 301 267 "-" "Mozilla/4.0+(compatible; MSIE 6.0; Windows 6.2.9200.0; MS .NET Remoting; MS .NET CLR 4.0.30319.42000 )"
103.164.190.226 - - [04/Nov/2021:19:19:26 +0700] "POST //NovaWeb/services/DiagnosticService.rem HTTP/1.1" 301 267 "-" "Mozilla/4.0+(compatible; MSIE 6.0; Windows 6.2.9200.0; MS .NET Remoting; MS .NET CLR 4.0.30319.42000 )"
103.164.190.226 - - [04/Nov/2021:19:19:36 +0700] "POST //NovaWeb/services/DiagnosticService.rem HTTP/1.1" 301 267 "-" "Mozilla/4.0+(compatible; MSIE 6.0; Windows 6.2.9200.0; MS .NET Remoting; MS .NET CLR 4.0.30319.42000 )"
103.164.190.226 - - [04/Nov/2021:19:19:46 +0700] "POST //NovaWeb/services/DiagnosticService.rem HTTP/1.1" 301 267 "-" "Mozilla/4.0+(compatible; MSIE 6.0; Windows 6.2.9200.0; MS .NET Remoting; MS .NET CLR 4.0.30319.42000 )"
103.164.190.226 - - [04/Nov/2021:19:19:57 +0700] "POST //NovaWeb/services/DiagnosticService.rem HTTP/1.1" 301 267 "-" "Mozilla/4.0+(compatible; MSIE 6.0; Windows 6.2.9200.0; MS .NET Remoting; MS .NET CLR 4.0.30319.42000 )"
103.164.190.226 - - [04/Nov/2021:19:20:07 +0700] "POST //NovaWeb/services/DiagnosticService.rem HTTP/1.1" 301 267 "-" "Mozilla/4.0+(compatible; MSIE 6.0; Windows 6.2.9200.0; MS .NET Remoting; MS .NET CLR 4.0.30319.42000 )"
103.164.190.226 - - [04/Nov/2021:19:20:17 +0700] "POST //NovaWeb/services/DiagnosticService.rem HTTP/1.1" 301 267 "-" "Mozilla/4.0+(compatible; MSIE 6.0; Windows 6.2.9200.0; MS .NET Remoting; MS .NET CLR 4.0.30319.42000 )"
103.164.190.226 - - [04/Nov/2021:19:20:27 +0700] "POST //NovaWeb/services/DiagnosticService.rem HTTP/1.1" 301 267 "-" "Mozilla/4.0+(compatible; MSIE 6.0; Windows 6.2.9200.0; MS .NET Remoting; MS .NET CLR 4.0.30319.42000 )"
103.164.190.226 - - [04/Nov/2021:19:20:37 +0700] "POST //NovaWeb/services/DiagnosticService.rem HTTP/1.1" 301 267 "-" "Mozilla/4.0+(compatible; MSIE 6.0; Windows 6.2.9200.0; MS .NET Remoting; MS .NET CLR 4.0.30319.42000 )"
103.164.190.226 - - [04/Nov/2021:19:20:47 +0700] "POST //NovaWeb/services/DiagnosticService.rem HTTP/1.1" 301 267 "-" "Mozilla/4.0+(compatible; MSIE 6.0; Windows 6.2.9200.0; MS .NET Remoting; MS .NET CLR 4.0.30319.42000 )"
103.164.190.226 - - [04/Nov/2021:19:20:57 +0700] "POST //NovaWeb/services/DiagnosticService.rem HTTP/1.1" 301 267 "-" "Mozilla/4.0+(compatible; MSIE 6.0; Windows 6.2.9200.0; MS .NET Remoting; MS .NET CLR 4.0.30319.42000 )"
103.164.190.226 - - [04/Nov/2021:19:21:07 +0700] "POST //NovaWeb/services/DiagnosticService.rem HTTP/1.1" 301 267 "-" "Mozilla/4.0+(compatible; MSIE 6.0; Windows 6.2.9200.0; MS .NET Remoting; MS .NET CLR 4.0.30319.42000 )"
103.164.190.226 - - [04/Nov/2021:19:21:17 +0700] "POST //NovaWeb/services/DiagnosticService.rem HTTP/1.1" 301 267 "-" "Mozilla/4.0+(compatible; MSIE 6.0; Windows 6.2.9200.0; MS .NET Remoting; MS .NET CLR 4.0.30319.42000 )"
103.164.190.226 - - [04/Nov/2021:19:21:27 +0700] "POST //NovaWeb/services/DiagnosticService.rem HTTP/1.1" 301 267 "-" "Mozilla/4.0+(compatible; MSIE 6.0; Windows 6.2.9200.0; MS .NET Remoting; MS .NET CLR 4.0.30319.42000 )"
103.164.190.226 - - [04/Nov/2021:19:21:37 +0700] "POST //NovaWeb/services/DiagnosticService.rem HTTP/1.1" 301 267 "-" "Mozilla/4.0+(compatible; MSIE 6.0; Windows 6.2.9200.0; MS .NET Remoting; MS .NET CLR 4.0.30319.42000 )"
103.164.190.226 - - [04/Nov/2021:19:21:47 +0700] "POST //NovaWeb/services/DiagnosticService.rem HTTP/1.1" 301 267 "-" "Mozilla/4.0+(compatible; MSIE 6.0; Windows 6.2.9200.0; MS .NET Remoting; MS .NET CLR 4.0.30319.42000 )"
103.164.190.226 - - [04/Nov/2021:19:21:57 +0700] "POST //NovaWeb/services/DiagnosticService.rem HTTP/1.1" 301 267 "-" "Mozilla/4.0+(compatible; MSIE 6.0; Windows 6.2.9200.0; MS .NET Remoting; MS .NET CLR 4.0.30319.42000 )"
103.164.190.226 - - [04/Nov/2021:19:22:07 +0700] "POST //NovaWeb/services/DiagnosticService.rem HTTP/1.1" 301 267 "-" "Mozilla/4.0+(compatible; MSIE 6.0; Windows 6.2.9200.0; MS .NET Remoting; MS .NET CLR 4.0.30319.42000 )"
103.164.190.226 - - [04/Nov/2021:19:22:17 +0700] "POST //NovaWeb/services/DiagnosticService.rem HTTP/1.1" 301 267 "-" "Mozilla/4.0+(compatible; MSIE 6.0; Windows 6.2.9200.0; MS .NET Remoting; MS .NET CLR 4.0.30319.42000 )"
103.164.190.226 - - [04/Nov/2021:19:22:27 +0700] "POST //NovaWeb/services/DiagnosticService.rem HTTP/1.1" 301 267 "-" "Mozilla/4.0+(compatible; MSIE 6.0; Windows 6.2.9200.0; MS .NET Remoting; MS .NET CLR 4.0.30319.42000 )"
103.164.190.226 - - [04/Nov/2021:19:22:37 +0700] "POST //NovaWeb/services/DiagnosticService.rem HTTP/1.1" 301 267 "-" "Mozilla/4.0+(compatible; MSIE 6.0; Windows 6.2.9200.0; MS .NET Remoting; MS .NET CLR 4.0.30319.42000 )"
103.164.190.226 - - [04/Nov/2021:19:22:47 +0700] "POST //NovaWeb/services/DiagnosticService.rem HTTP/1.1" 301 267 "-" "Mozilla/4.0+(compatible; MSIE 6.0; Windows 6.2.9200.0; MS .NET Remoting; MS .NET CLR 4.0.30319.42000 )"
103.164.190.226 - - [04/Nov/2021:19:22:57 +0700] "POST //NovaWeb/services/DiagnosticService.rem HTTP/1.1" 301 267 "-" "Mozilla/4.0+(compatible; MSIE 6.0; Windows 6.2.9200.0; MS .NET Remoting; MS .NET CLR 4.0.30319.42000 )"
103.164.190.226 - - [04/Nov/2021:19:23:07 +0700] "POST //NovaWeb/services/DiagnosticService.rem HTTP/1.1" 301 267 "-" "Mozilla/4.0+(compatible; MSIE 6.0; Windows 6.2.9200.0; MS .NET Remoting; MS .NET CLR 4.0.30319.42000 )"
103.164.190.226 - - [04/Nov/2021:19:23:13 +0700] "POST //NovaWeb/services/DiagnosticService.rem HTTP/1.1" 301 267 "-" "Mozilla/4.0+(compatible; MSIE 6.0; Windows 6.2.9200.0; MS .NET Remoting; MS .NET CLR 4.0.30319.42000 )"
103.234.210.242 - - [04/Nov/2021:19:38:16 +0700] "GET / HTTP/1.1" 301 229 "-" "Go-http-client/1.1"
103.234.210.242 - - [04/Nov/2021:20:09:59 +0700] "GET / HTTP/1.1" 301 229 "-" "Go-http-client/1.1"
103.234.210.242 - - [04/Nov/2021:20:39:49 +0700] "GET / HTTP/1.1" 301 229 "-" "Go-http-client/1.1"
103.234.210.242 - - [04/Nov/2021:21:09:24 +0700] "GET / HTTP/1.1" 301 229 "-" "Go-http-client/1.1"
103.234.210.242 - - [04/Nov/2021:21:39:42 +0700] "GET / HTTP/1.1" 301 229 "-" "Go-http-client/1.1"
103.234.210.242 - - [04/Nov/2021:22:11:10 +0700] "GET / HTTP/1.1" 301 229 "-" "Go-http-client/1.1"
103.234.210.242 - - [04/Nov/2021:22:40:31 +0700] "GET / HTTP/1.1" 301 229 "-" "Go-http-client/1.1"
103.234.210.242 - - [04/Nov/2021:23:10:15 +0700] "GET / HTTP/1.1" 301 229 "-" "Go-http-client/1.1"
103.234.210.242 - - [04/Nov/2021:23:40:01 +0700] "GET / HTTP/1.1" 301 229 "-" "Go-http-client/1.1"
103.234.210.242 - - [05/Nov/2021:00:11:28 +0700] "GET / HTTP/1.1" 301 229 "-" "Go-http-client/1.1"
84.247.48.9 - - [05/Nov/2021:00:17:15 +0700] "GET / HTTP/1.0" 301 229 "http://radmed.co.id/" "Mozilla/5.0 (Windows NT 5.1) AppleWebKit/537.36 (KHTML, like Gecko) Chrome/49.0.2623.112 Safari/537.36"
103.234.210.242 - - [05/Nov/2021:00:40:04 +0700] "GET / HTTP/1.1" 301 229 "-" "Go-http-client/1.1"
103.234.210.242 - - [05/Nov/2021:00:48:37 +0700] "GET /.well-known/pki-validation/83996B78F4906D1A11C02EEAF1069A8A.txt HTTP/1.1" 301 292 "-" "COMODO DCV"
103.234.210.242 - - [05/Nov/2021:00:48:37 +0700] "GET /.well-known/pki-validation/B1ADDEDE666028ABDFDF9998EEBDCE65.txt HTTP/1.1" 301 296 "-" "COMODO DCV"
103.234.210.242 - - [05/Nov/2021:01:10:54 +0700] "GET / HTTP/1.1" 301 229 "-" "Go-http-client/1.1"
103.234.210.242 - - [05/Nov/2021:01:40:38 +0700] "GET / HTTP/1.1" 301 229 "-" "Go-http-client/1.1"
103.234.210.242 - - [05/Nov/2021:02:10:58 +0700] "GET / HTTP/1.1" 301 229 "-" "Go-http-client/1.1"
103.234.210.242 - - [05/Nov/2021:02:40:53 +0700] "GET / HTTP/1.1" 301 229 "-" "Go-http-client/1.1"
103.234.210.242 - - [05/Nov/2021:03:10:40 +0700] "GET / HTTP/1.1" 301 229 "-" "Go-http-client/1.1"
103.234.210.242 - - [05/Nov/2021:03:39:59 +0700] "GET / HTTP/1.1" 301 229 "-" "Go-http-client/1.1"
34.96.130.14 - - [05/Nov/2021:03:56:22 +0700] "GET / HTTP/1.1" 301 229 "-" "Expanse indexes the network perimeters of our customers. If you have any questions or concerns, please reach out to: scaninfo@expanseinc.com"
103.234.210.242 - - [05/Nov/2021:04:19:45 +0700] "GET / HTTP/1.1" 301 229 "-" "Go-http-client/1.1"
103.234.210.242 - - [05/Nov/2021:04:39:03 +0700] "GET / HTTP/1.1" 301 229 "-" "Go-http-client/1.1"
