103.234.210.242 - - [05/Nov/2021:05:09:53 +0700] "GET / HTTP/1.1" 301 229 "-" "Go-http-client/1.1"
103.234.210.242 - - [05/Nov/2021:05:41:27 +0700] "GET / HTTP/1.1" 301 229 "-" "Go-http-client/1.1"
103.234.210.242 - - [05/Nov/2021:06:11:07 +0700] "GET / HTTP/1.1" 301 229 "-" "Go-http-client/1.1"
207.46.13.58 - - [05/Nov/2021:06:40:08 +0700] "GET / HTTP/1.1" 301 229 "-" "Mozilla/5.0 (compatible; bingbot/2.0; +http://www.bing.com/bingbot.htm)"
103.234.210.242 - - [05/Nov/2021:06:40:41 +0700] "GET / HTTP/1.1" 301 229 "-" "Go-http-client/1.1"
103.234.210.242 - - [05/Nov/2021:07:09:48 +0700] "GET / HTTP/1.1" 301 229 "-" "Go-http-client/1.1"
103.234.210.242 - - [05/Nov/2021:07:39:43 +0700] "GET / HTTP/1.1" 301 229 "-" "Go-http-client/1.1"
103.234.210.242 - - [05/Nov/2021:08:08:42 +0700] "GET / HTTP/1.1" 301 229 "-" "Go-http-client/1.1"
103.234.210.242 - - [05/Nov/2021:08:38:25 +0700] "GET / HTTP/1.1" 301 229 "-" "Go-http-client/1.1"
103.234.210.242 - - [05/Nov/2021:09:09:10 +0700] "GET / HTTP/1.1" 301 229 "-" "Go-http-client/1.1"
103.234.210.242 - - [05/Nov/2021:09:38:10 +0700] "GET / HTTP/1.1" 301 229 "-" "Go-http-client/1.1"
103.234.210.242 - - [05/Nov/2021:11:08:54 +0700] "GET / HTTP/1.1" 301 229 "-" "Go-http-client/1.1"
103.234.210.242 - - [05/Nov/2021:11:38:55 +0700] "GET / HTTP/1.1" 301 229 "-" "Go-http-client/1.1"
20.120.85.9 - - [05/Nov/2021:11:40:17 +0700] "GET / HTTP/1.1" 301 229 "-" "Mozilla/5.0 (Windows NT 10.0; Win64; x64) AppleWebKit/537.36 (KHTML, like Gecko) Chrome/78.0.3904.108 Safari/537.36"
103.234.210.242 - - [05/Nov/2021:12:07:51 +0700] "GET / HTTP/1.1" 301 229 "-" "Go-http-client/1.1"
103.234.210.242 - - [05/Nov/2021:12:38:37 +0700] "GET / HTTP/1.1" 301 229 "-" "Go-http-client/1.1"
103.234.210.242 - - [05/Nov/2021:13:09:40 +0700] "GET / HTTP/1.1" 301 229 "-" "Go-http-client/1.1"
103.234.210.242 - - [05/Nov/2021:13:40:11 +0700] "GET / HTTP/1.1" 301 229 "-" "Go-http-client/1.1"
103.234.210.242 - - [05/Nov/2021:14:10:21 +0700] "GET / HTTP/1.1" 301 229 "-" "Go-http-client/1.1"
103.234.210.242 - - [05/Nov/2021:14:40:03 +0700] "GET / HTTP/1.1" 301 229 "-" "Go-http-client/1.1"
68.183.35.135 - - [05/Nov/2021:14:55:33 +0700] "GET / HTTP/1.1" 301 229 "-" "Mozilla/5.0 (Windows NT 10.0; Win64; x64) AppleWebKit/537.36 (KHTML, like Gecko) Chrome/80.0.3987.149 Safari/537.36"
103.234.210.242 - - [05/Nov/2021:15:10:23 +0700] "GET / HTTP/1.1" 301 229 "-" "Go-http-client/1.1"
66.249.71.34 - - [05/Nov/2021:15:20:07 +0700] "GET /robots.txt HTTP/1.1" 301 239 "-" "Mozilla/5.0 (compatible; Googlebot/2.1; +http://www.google.com/bot.html)"
66.249.71.38 - - [05/Nov/2021:15:20:07 +0700] "GET /ads.txt HTTP/1.1" 301 236 "-" "Mozilla/5.0 (compatible; Googlebot/2.1; +http://www.google.com/bot.html)"
103.234.210.242 - - [05/Nov/2021:15:40:24 +0700] "GET / HTTP/1.1" 301 229 "-" "Go-http-client/1.1"
66.249.71.36 - - [05/Nov/2021:15:50:06 +0700] "GET /app-ads.txt HTTP/1.1" 301 240 "-" "Google-adstxt"
103.234.210.242 - - [05/Nov/2021:16:08:47 +0700] "GET / HTTP/1.1" 301 229 "-" "Go-http-client/1.1"
103.234.210.242 - - [05/Nov/2021:16:38:36 +0700] "GET / HTTP/1.1" 301 229 "-" "Go-http-client/1.1"
103.234.210.242 - - [05/Nov/2021:17:08:26 +0700] "GET / HTTP/1.1" 301 229 "-" "Go-http-client/1.1"
207.46.13.58 - - [05/Nov/2021:17:09:59 +0700] "GET / HTTP/1.1" 301 229 "-" "Mozilla/5.0 (compatible; bingbot/2.0; +http://www.bing.com/bingbot.htm)"
103.234.210.242 - - [05/Nov/2021:17:38:09 +0700] "GET / HTTP/1.1" 301 229 "-" "Go-http-client/1.1"
103.234.210.242 - - [05/Nov/2021:18:08:52 +0700] "GET / HTTP/1.1" 301 229 "-" "Go-http-client/1.1"
103.234.210.242 - - [05/Nov/2021:18:37:51 +0700] "GET / HTTP/1.1" 301 229 "-" "Go-http-client/1.1"
103.234.210.242 - - [05/Nov/2021:19:09:14 +0700] "GET / HTTP/1.1" 301 229 "-" "Go-http-client/1.1"
103.234.210.242 - - [05/Nov/2021:19:38:53 +0700] "GET / HTTP/1.1" 301 229 "-" "Go-http-client/1.1"
103.234.210.242 - - [05/Nov/2021:20:08:40 +0700] "GET / HTTP/1.1" 301 229 "-" "Go-http-client/1.1"
103.234.210.242 - - [05/Nov/2021:20:38:58 +0700] "GET / HTTP/1.1" 301 229 "-" "Go-http-client/1.1"
103.234.210.242 - - [05/Nov/2021:21:09:23 +0700] "GET / HTTP/1.1" 301 229 "-" "Go-http-client/1.1"
103.234.210.242 - - [05/Nov/2021:21:38:45 +0700] "GET / HTTP/1.1" 301 229 "-" "Go-http-client/1.1"
103.234.210.242 - - [05/Nov/2021:22:09:49 +0700] "GET / HTTP/1.1" 301 229 "-" "Go-http-client/1.1"
103.234.210.242 - - [05/Nov/2021:22:38:24 +0700] "GET / HTTP/1.1" 301 229 "-" "Go-http-client/1.1"
103.234.210.242 - - [05/Nov/2021:23:07:57 +0700] "GET / HTTP/1.1" 301 229 "-" "Go-http-client/1.1"
103.234.210.242 - - [05/Nov/2021:23:38:20 +0700] "GET / HTTP/1.1" 301 229 "-" "Go-http-client/1.1"
103.234.210.242 - - [06/Nov/2021:00:08:59 +0700] "GET / HTTP/1.1" 301 229 "-" "Go-http-client/1.1"
103.234.210.242 - - [06/Nov/2021:00:38:37 +0700] "GET / HTTP/1.1" 301 229 "-" "Go-http-client/1.1"
103.234.210.242 - - [06/Nov/2021:00:46:04 +0700] "GET /.well-known/pki-validation/BEDD7FB07C1086E86F99EC7CCEA84E85.txt HTTP/1.1" 301 292 "-" "COMODO DCV"
103.234.210.242 - - [06/Nov/2021:00:46:04 +0700] "GET /.well-known/pki-validation/75CA3DD68D9EBE55B6C5C0F836595179.txt HTTP/1.1" 301 296 "-" "COMODO DCV"
114.124.193.26 - - [06/Nov/2021:00:46:34 +0700] "GET / HTTP/1.1" 301 229 "-" "Mozilla/5.0 (Linux; Android 10; SM-M115F) AppleWebKit/537.36 (KHTML, like Gecko) Chrome/95.0.4638.50 Mobile Safari/537.36"
103.234.210.242 - - [06/Nov/2021:01:08:48 +0700] "GET / HTTP/1.1" 301 229 "-" "Go-http-client/1.1"
34.86.35.3 - - [06/Nov/2021:01:22:43 +0700] "GET / HTTP/1.1" 301 233 "-" "Expanse indexes the network perimeters of our customers. If you have any questions or concerns, please reach out to: scaninfo@expanseinc.com"
103.234.210.242 - - [06/Nov/2021:01:38:40 +0700] "GET / HTTP/1.1" 301 229 "-" "Go-http-client/1.1"
103.234.210.242 - - [06/Nov/2021:02:11:20 +0700] "GET / HTTP/1.1" 301 229 "-" "Go-http-client/1.1"
103.234.210.242 - - [06/Nov/2021:02:39:39 +0700] "GET / HTTP/1.1" 301 229 "-" "Go-http-client/1.1"
68.183.35.135 - - [06/Nov/2021:02:44:30 +0700] "GET / HTTP/1.1" 301 229 "-" "Mozilla/5.0 (Windows NT 10.0; Win64; x64) AppleWebKit/537.36 (KHTML, like Gecko) Chrome/89.0.4389.114 Safari/537.36"
23.148.145.249 - - [06/Nov/2021:03:07:54 +0700] "GET /wp-content/ HTTP/1.1" 301 240 "-" "Mozilla/5.0 (Macintosh; Intel Mac OS X 10.15; rv:77.0) Gecko/20100101 Firefox/77.0"
159.223.92.201 - - [06/Nov/2021:03:09:40 +0700] "GET / HTTP/1.1" 301 229 "-" "Mozilla/5.0 (Windows NT 10.0; Win64; x64) AppleWebKit/537.36 (KHTML, like Gecko) Chrome/78.0.3904.108 Safari/537.36"
103.234.210.242 - - [06/Nov/2021:03:09:48 +0700] "GET / HTTP/1.1" 301 229 "-" "Go-http-client/1.1"
103.234.210.242 - - [06/Nov/2021:03:39:49 +0700] "GET / HTTP/1.1" 301 229 "-" "Go-http-client/1.1"
103.234.210.242 - - [06/Nov/2021:04:10:11 +0700] "GET / HTTP/1.1" 301 229 "-" "Go-http-client/1.1"
207.46.13.58 - - [06/Nov/2021:04:33:15 +0700] "GET / HTTP/1.1" 301 229 "-" "Mozilla/5.0 (compatible; bingbot/2.0; +http://www.bing.com/bingbot.htm)"
103.234.210.242 - - [06/Nov/2021:04:40:11 +0700] "GET / HTTP/1.1" 301 229 "-" "Go-http-client/1.1"
103.234.210.242 - - [06/Nov/2021:05:10:38 +0700] "GET / HTTP/1.1" 301 229 "-" "Go-http-client/1.1"
103.234.210.242 - - [06/Nov/2021:05:40:53 +0700] "GET / HTTP/1.1" 301 229 "-" "Go-http-client/1.1"
103.234.210.242 - - [06/Nov/2021:06:12:01 +0700] "GET / HTTP/1.1" 301 229 "-" "Go-http-client/1.1"
103.234.210.242 - - [06/Nov/2021:06:39:51 +0700] "GET / HTTP/1.1" 301 229 "-" "Go-http-client/1.1"
103.234.210.242 - - [06/Nov/2021:07:11:04 +0700] "GET / HTTP/1.1" 301 229 "-" "Go-http-client/1.1"
103.234.210.242 - - [06/Nov/2021:07:39:45 +0700] "GET / HTTP/1.1" 301 229 "-" "Go-http-client/1.1"
103.234.210.242 - - [06/Nov/2021:08:10:49 +0700] "GET / HTTP/1.1" 301 229 "-" "Go-http-client/1.1"
103.234.210.242 - - [06/Nov/2021:08:39:50 +0700] "GET / HTTP/1.1" 301 229 "-" "Go-http-client/1.1"
103.234.210.242 - - [06/Nov/2021:09:09:49 +0700] "GET / HTTP/1.1" 301 229 "-" "Go-http-client/1.1"
111.94.143.146 - - [06/Nov/2021:09:33:16 +0700] "GET / HTTP/1.1" 301 229 "-" "Mozilla/5.0 (Linux; Android 9; SM-J415F) AppleWebKit/537.36 (KHTML, like Gecko) Chrome/95.0.4638.50 Mobile Safari/537.36"
103.234.210.242 - - [06/Nov/2021:09:39:40 +0700] "GET / HTTP/1.1" 301 229 "-" "Go-http-client/1.1"
111.94.143.146 - - [06/Nov/2021:09:44:22 +0700] "GET / HTTP/1.1" 301 229 "-" "Mozilla/5.0 (Linux; Android 11; M2003J15SC) AppleWebKit/537.36 (KHTML, like Gecko) Chrome/92.0.4515.131 Mobile Safari/537.36"
103.234.210.242 - - [06/Nov/2021:10:10:48 +0700] "GET / HTTP/1.1" 301 229 "-" "Go-http-client/1.1"
103.234.210.242 - - [06/Nov/2021:10:40:26 +0700] "GET / HTTP/1.1" 301 229 "-" "Go-http-client/1.1"
8.29.105.26 - - [06/Nov/2021:10:49:33 +0700] "GET / HTTP/1.1" 301 229 "android-app://com.google.android.googlequicksearchbox/" "Mozilla/5.0 (Linux; Android 10; SM-A750GN) AppleWebKit/537.36 (KHTML, like Gecko) Chrome/95.0.4638.50 Mobile Safari/537.36"
140.213.190.61 - - [06/Nov/2021:10:53:06 +0700] "GET / HTTP/1.1" 301 229 "-" "Mozilla/5.0 (iPhone; CPU iPhone OS 15_0_2 like Mac OS X) AppleWebKit/605.1.15 (KHTML, like Gecko) Version/15.0 Mobile/15E148 Safari/604.1"
161.97.75.28 - - [06/Nov/2021:10:57:01 +0700] "GET / HTTP/1.1" 301 229 "www.google.com" "Mozlila/5.0 (Linux; Android 7.0; SM-G892A Bulid/NRD90M; wv) AppleWebKit/537.36 (KHTML, like Gecko) Version/4.0 Chrome/60.0.3112.107 Moblie Safari/537.36"
161.97.75.28 - - [06/Nov/2021:10:57:07 +0700] "GET /wp HTTP/1.1" 301 231 "www.google.com" "Mozlila/5.0 (Linux; Android 7.0; SM-G892A Bulid/NRD90M; wv) AppleWebKit/537.36 (KHTML, like Gecko) Version/4.0 Chrome/60.0.3112.107 Moblie Safari/537.36"
161.97.75.28 - - [06/Nov/2021:10:57:12 +0700] "GET /wordpress HTTP/1.1" 301 238 "www.google.com" "Mozlila/5.0 (Linux; Android 7.0; SM-G892A Bulid/NRD90M; wv) AppleWebKit/537.36 (KHTML, like Gecko) Version/4.0 Chrome/60.0.3112.107 Moblie Safari/537.36"
161.97.75.28 - - [06/Nov/2021:10:57:19 +0700] "GET /radmed HTTP/1.1" 301 235 "www.google.com" "Mozlila/5.0 (Linux; Android 7.0; SM-G892A Bulid/NRD90M; wv) AppleWebKit/537.36 (KHTML, like Gecko) Version/4.0 Chrome/60.0.3112.107 Moblie Safari/537.36"
161.97.75.28 - - [06/Nov/2021:10:57:36 +0700] "GET /WP HTTP/1.1" 301 231 "www.google.com" "Mozlila/5.0 (Linux; Android 7.0; SM-G892A Bulid/NRD90M; wv) AppleWebKit/537.36 (KHTML, like Gecko) Version/4.0 Chrome/60.0.3112.107 Moblie Safari/537.36"
161.97.75.28 - - [06/Nov/2021:10:57:53 +0700] "GET /WordPress HTTP/1.1" 301 238 "www.google.com" "Mozlila/5.0 (Linux; Android 7.0; SM-G892A Bulid/NRD90M; wv) AppleWebKit/537.36 (KHTML, like Gecko) Version/4.0 Chrome/60.0.3112.107 Moblie Safari/537.36"
161.97.75.28 - - [06/Nov/2021:10:57:58 +0700] "GET /WORDPRESS HTTP/1.1" 301 238 "www.google.com" "Mozlila/5.0 (Linux; Android 7.0; SM-G892A Bulid/NRD90M; wv) AppleWebKit/537.36 (KHTML, like Gecko) Version/4.0 Chrome/60.0.3112.107 Moblie Safari/537.36"
161.97.75.28 - - [06/Nov/2021:10:58:22 +0700] "GET /Radmed HTTP/1.1" 301 235 "www.google.com" "Mozlila/5.0 (Linux; Android 7.0; SM-G892A Bulid/NRD90M; wv) AppleWebKit/537.36 (KHTML, like Gecko) Version/4.0 Chrome/60.0.3112.107 Moblie Safari/537.36"
161.97.75.28 - - [06/Nov/2021:10:58:46 +0700] "GET /blog HTTP/1.1" 301 233 "www.google.com" "Mozlila/5.0 (Linux; Android 7.0; SM-G892A Bulid/NRD90M; wv) AppleWebKit/537.36 (KHTML, like Gecko) Version/4.0 Chrome/60.0.3112.107 Moblie Safari/537.36"
161.97.75.28 - - [06/Nov/2021:10:58:51 +0700] "GET /new HTTP/1.1" 301 232 "www.google.com" "Mozlila/5.0 (Linux; Android 7.0; SM-G892A Bulid/NRD90M; wv) AppleWebKit/537.36 (KHTML, like Gecko) Version/4.0 Chrome/60.0.3112.107 Moblie Safari/537.36"
161.97.75.28 - - [06/Nov/2021:10:58:55 +0700] "GET /old HTTP/1.1" 301 232 "www.google.com" "Mozlila/5.0 (Linux; Android 7.0; SM-G892A Bulid/NRD90M; wv) AppleWebKit/537.36 (KHTML, like Gecko) Version/4.0 Chrome/60.0.3112.107 Moblie Safari/537.36"
161.97.75.28 - - [06/Nov/2021:10:59:00 +0700] "GET /demo HTTP/1.1" 301 233 "www.google.com" "Mozlila/5.0 (Linux; Android 7.0; SM-G892A Bulid/NRD90M; wv) AppleWebKit/537.36 (KHTML, like Gecko) Version/4.0 Chrome/60.0.3112.107 Moblie Safari/537.36"
161.97.75.28 - - [06/Nov/2021:10:59:06 +0700] "GET /backup HTTP/1.1" 301 235 "www.google.com" "Mozlila/5.0 (Linux; Android 7.0; SM-G892A Bulid/NRD90M; wv) AppleWebKit/537.36 (KHTML, like Gecko) Version/4.0 Chrome/60.0.3112.107 Moblie Safari/537.36"
161.97.75.28 - - [06/Nov/2021:10:59:10 +0700] "GET /Backup HTTP/1.1" 301 235 "www.google.com" "Mozlila/5.0 (Linux; Android 7.0; SM-G892A Bulid/NRD90M; wv) AppleWebKit/537.36 (KHTML, like Gecko) Version/4.0 Chrome/60.0.3112.107 Moblie Safari/537.36"
161.97.75.28 - - [06/Nov/2021:10:59:14 +0700] "GET /BACKUP HTTP/1.1" 301 235 "www.google.com" "Mozlila/5.0 (Linux; Android 7.0; SM-G892A Bulid/NRD90M; wv) AppleWebKit/537.36 (KHTML, like Gecko) Version/4.0 Chrome/60.0.3112.107 Moblie Safari/537.36"
161.97.75.28 - - [06/Nov/2021:10:59:19 +0700] "GET /test HTTP/1.1" 301 233 "www.google.com" "Mozlila/5.0 (Linux; Android 7.0; SM-G892A Bulid/NRD90M; wv) AppleWebKit/537.36 (KHTML, like Gecko) Version/4.0 Chrome/60.0.3112.107 Moblie Safari/537.36"
161.97.75.28 - - [06/Nov/2021:10:59:25 +0700] "GET /home HTTP/1.1" 301 233 "www.google.com" "Mozlila/5.0 (Linux; Android 7.0; SM-G892A Bulid/NRD90M; wv) AppleWebKit/537.36 (KHTML, like Gecko) Version/4.0 Chrome/60.0.3112.107 Moblie Safari/537.36"
161.97.75.28 - - [06/Nov/2021:10:59:28 +0700] "GET /2020 HTTP/1.1" 301 233 "www.google.com" "Mozlila/5.0 (Linux; Android 7.0; SM-G892A Bulid/NRD90M; wv) AppleWebKit/537.36 (KHTML, like Gecko) Version/4.0 Chrome/60.0.3112.107 Moblie Safari/537.36"
161.97.75.28 - - [06/Nov/2021:10:59:32 +0700] "GET /2019 HTTP/1.1" 301 233 "www.google.com" "Mozlila/5.0 (Linux; Android 7.0; SM-G892A Bulid/NRD90M; wv) AppleWebKit/537.36 (KHTML, like Gecko) Version/4.0 Chrome/60.0.3112.107 Moblie Safari/537.36"
161.97.75.28 - - [06/Nov/2021:10:59:36 +0700] "GET /site HTTP/1.1" 301 233 "www.google.com" "Mozlila/5.0 (Linux; Android 7.0; SM-G892A Bulid/NRD90M; wv) AppleWebKit/537.36 (KHTML, like Gecko) Version/4.0 Chrome/60.0.3112.107 Moblie Safari/537.36"
161.97.75.28 - - [06/Nov/2021:10:59:51 +0700] "GET /Old HTTP/1.1" 301 232 "www.google.com" "Mozlila/5.0 (Linux; Android 7.0; SM-G892A Bulid/NRD90M; wv) AppleWebKit/537.36 (KHTML, like Gecko) Version/4.0 Chrome/60.0.3112.107 Moblie Safari/537.36"
114.124.163.224 - - [06/Nov/2021:11:04:54 +0700] "GET / HTTP/1.1" 301 229 "-" "Mozilla/5.0 (Linux; Android 11; Redmi Note 8 Pro) AppleWebKit/537.36 (KHTML, like Gecko) Chrome/95.0.4638.74 Mobile Safari/537.36"
103.234.210.242 - - [06/Nov/2021:11:07:56 +0700] "GET / HTTP/1.1" 301 229 "-" "Go-http-client/1.1"
103.234.210.242 - - [06/Nov/2021:11:38:33 +0700] "GET / HTTP/1.1" 301 229 "-" "Go-http-client/1.1"
112.215.151.223 - - [06/Nov/2021:11:56:41 +0700] "GET / HTTP/1.1" 301 229 "-" "Mozilla/5.0 (Linux; Android 9; Redmi Note 5) AppleWebKit/537.36 (KHTML, like Gecko) Chrome/89.0.4389.72 Mobile Safari/537.36"
103.234.210.242 - - [06/Nov/2021:12:07:42 +0700] "GET / HTTP/1.1" 301 229 "-" "Go-http-client/1.1"
103.234.210.242 - - [06/Nov/2021:12:39:55 +0700] "GET / HTTP/1.1" 301 229 "-" "Go-http-client/1.1"
103.234.210.242 - - [06/Nov/2021:13:09:36 +0700] "GET / HTTP/1.1" 301 229 "-" "Go-http-client/1.1"
103.234.210.242 - - [06/Nov/2021:13:39:26 +0700] "GET / HTTP/1.1" 301 229 "-" "Go-http-client/1.1"
207.46.13.8 - - [06/Nov/2021:13:59:40 +0700] "GET /robots.txt HTTP/1.1" 301 239 "-" "Mozilla/5.0 (compatible; bingbot/2.0; +http://www.bing.com/bingbot.htm)"
207.46.13.58 - - [06/Nov/2021:13:59:45 +0700] "GET / HTTP/1.1" 301 229 "-" "Mozilla/5.0 (compatible; bingbot/2.0; +http://www.bing.com/bingbot.htm)"
103.234.210.242 - - [06/Nov/2021:14:09:40 +0700] "GET / HTTP/1.1" 301 229 "-" "Go-http-client/1.1"
93.158.92.237 - - [06/Nov/2021:14:29:00 +0700] "GET /robots.txt HTTP/1.1" 301 239 "-" "Mozilla/5.0 (Macintosh; Intel Mac OS X 10_13_6) AppleWebKit/537.36 (KHTML, like Gecko) Chrome/91.0.4472.114 Safari/537.36"
93.158.92.232 - - [06/Nov/2021:14:29:01 +0700] "GET /humans.txt HTTP/1.1" 301 239 "-" "Mozilla/5.0 (Macintosh; Intel Mac OS X 10_13_6) AppleWebKit/537.36 (KHTML, like Gecko) Chrome/91.0.4472.114 Safari/537.36"
93.158.92.215 - - [06/Nov/2021:14:29:03 +0700] "GET /ads.txt HTTP/1.1" 301 236 "-" "Mozilla/5.0 (Macintosh; Intel Mac OS X 10_13_6) AppleWebKit/537.36 (KHTML, like Gecko) Chrome/91.0.4472.114 Safari/537.36"
93.158.92.218 - - [06/Nov/2021:14:29:05 +0700] "GET / HTTP/1.1" 301 229 "-" "Mozilla/5.0 (Macintosh; Intel Mac OS X 10_13_6) AppleWebKit/537.36 (KHTML, like Gecko) Chrome/91.0.4472.114 Safari/537.36"
92.118.160.13 - - [06/Nov/2021:14:33:46 +0700] "GET / HTTP/1.1" 301 233 "-" "NetSystemsResearch studies the availability of various services across the internet. Our website is netsystemsresearch.com"
103.234.210.242 - - [06/Nov/2021:14:39:15 +0700] "GET / HTTP/1.1" 301 229 "-" "Go-http-client/1.1"
103.234.210.242 - - [06/Nov/2021:15:09:32 +0700] "GET / HTTP/1.1" 301 229 "-" "Go-http-client/1.1"
66.249.71.38 - - [06/Nov/2021:15:21:04 +0700] "GET /robots.txt HTTP/1.1" 301 239 "-" "Mozilla/5.0 (compatible; Googlebot/2.1; +http://www.google.com/bot.html)"
66.249.71.38 - - [06/Nov/2021:15:21:05 +0700] "GET /ads.txt HTTP/1.1" 301 236 "-" "Mozilla/5.0 (compatible; Googlebot/2.1; +http://www.google.com/bot.html)"
66.249.71.34 - - [06/Nov/2021:15:21:08 +0700] "GET /app-ads.txt HTTP/1.1" 301 240 "-" "Google-adstxt"
103.234.210.242 - - [06/Nov/2021:15:38:53 +0700] "GET / HTTP/1.1" 301 229 "-" "Go-http-client/1.1"
66.249.71.112 - - [06/Nov/2021:15:51:51 +0700] "GET /robots.txt HTTP/1.1" 301 243 "-" "Mozilla/5.0 (compatible; Googlebot/2.1; +http://www.google.com/bot.html)"
66.249.71.107 - - [06/Nov/2021:15:51:52 +0700] "GET / HTTP/1.1" 301 233 "-" "Mozilla/5.0 (Linux; Android 6.0.1; Nexus 5X Build/MMB29P) AppleWebKit/537.36 (KHTML, like Gecko) Chrome/95.0.4638.69 Mobile Safari/537.36 (compatible; Googlebot/2.1; +http://www.google.com/bot.html)"
103.234.210.242 - - [06/Nov/2021:16:09:21 +0700] "GET / HTTP/1.1" 301 229 "-" "Go-http-client/1.1"
103.234.210.242 - - [06/Nov/2021:16:39:06 +0700] "GET / HTTP/1.1" 301 229 "-" "Go-http-client/1.1"
103.234.210.242 - - [06/Nov/2021:17:09:18 +0700] "GET / HTTP/1.1" 301 229 "-" "Go-http-client/1.1"
103.234.210.242 - - [06/Nov/2021:17:39:02 +0700] "GET / HTTP/1.1" 301 229 "-" "Go-http-client/1.1"
103.234.210.242 - - [06/Nov/2021:18:07:06 +0700] "GET / HTTP/1.1" 301 229 "-" "Go-http-client/1.1"
103.234.210.242 - - [06/Nov/2021:18:36:46 +0700] "GET / HTTP/1.1" 301 229 "-" "Go-http-client/1.1"
103.234.210.242 - - [06/Nov/2021:19:06:48 +0700] "GET / HTTP/1.1" 301 229 "-" "Go-http-client/1.1"
103.234.210.242 - - [06/Nov/2021:19:36:27 +0700] "GET / HTTP/1.1" 301 229 "-" "Go-http-client/1.1"
103.234.210.242 - - [06/Nov/2021:20:06:43 +0700] "GET / HTTP/1.1" 301 229 "-" "Go-http-client/1.1"
103.234.210.242 - - [06/Nov/2021:20:37:06 +0700] "GET / HTTP/1.1" 301 229 "-" "Go-http-client/1.1"
103.234.210.242 - - [06/Nov/2021:21:06:40 +0700] "GET / HTTP/1.1" 301 229 "-" "Go-http-client/1.1"
110.138.87.243 - - [06/Nov/2021:21:34:12 +0700] "GET / HTTP/1.1" 301 229 "-" "Mozilla/5.0 (Windows NT 10.0; Win64; x64) AppleWebKit/537.36 (KHTML, like Gecko) Chrome/95.0.4638.69 Safari/537.36"
103.234.210.242 - - [06/Nov/2021:21:36:17 +0700] "GET / HTTP/1.1" 301 229 "-" "Go-http-client/1.1"
103.234.210.242 - - [06/Nov/2021:22:06:48 +0700] "GET / HTTP/1.1" 301 229 "-" "Go-http-client/1.1"
103.234.210.242 - - [06/Nov/2021:22:37:19 +0700] "GET / HTTP/1.1" 301 229 "-" "Go-http-client/1.1"
103.234.210.242 - - [06/Nov/2021:23:07:00 +0700] "GET / HTTP/1.1" 301 229 "-" "Go-http-client/1.1"
103.234.210.242 - - [06/Nov/2021:23:36:00 +0700] "GET / HTTP/1.1" 301 229 "-" "Go-http-client/1.1"
103.234.210.242 - - [07/Nov/2021:00:05:53 +0700] "GET / HTTP/1.1" 301 229 "-" "Go-http-client/1.1"
103.234.210.242 - - [07/Nov/2021:00:37:03 +0700] "GET / HTTP/1.1" 301 229 "-" "Go-http-client/1.1"
103.234.210.242 - - [07/Nov/2021:00:47:40 +0700] "GET /.well-known/pki-validation/A64F3E34D237C3A1E3144A6B33B600E7.txt HTTP/1.1" 301 292 "-" "COMODO DCV"
103.234.210.242 - - [07/Nov/2021:00:47:41 +0700] "GET /.well-known/pki-validation/1BD9F2D5BBB25AEA72F5E748ACCFEBF6.txt HTTP/1.1" 301 296 "-" "COMODO DCV"
207.46.13.58 - - [07/Nov/2021:00:52:18 +0700] "GET / HTTP/1.1" 301 229 "-" "Mozilla/5.0 (compatible; bingbot/2.0; +http://www.bing.com/bingbot.htm)"
103.234.210.242 - - [07/Nov/2021:01:06:24 +0700] "GET / HTTP/1.1" 301 229 "-" "Go-http-client/1.1"
103.234.210.242 - - [07/Nov/2021:01:35:50 +0700] "GET / HTTP/1.1" 301 229 "-" "Go-http-client/1.1"
103.234.210.242 - - [07/Nov/2021:02:06:04 +0700] "GET / HTTP/1.1" 301 229 "-" "Go-http-client/1.1"
103.234.210.242 - - [07/Nov/2021:02:37:33 +0700] "GET / HTTP/1.1" 301 229 "-" "Go-http-client/1.1"
206.84.97.109 - - [07/Nov/2021:18:09:08 +0700] "GET / HTTP/1.1" 301 229 "-" "Mozilla/5.0 (Windows NT 10.0; Win64; x64; rv:94.0) Gecko/20100101 Firefox/94.0"
103.234.210.242 - - [07/Nov/2021:18:09:39 +0700] "GET / HTTP/1.1" 301 229 "-" "Go-http-client/1.1"
103.234.210.242 - - [07/Nov/2021:18:40:40 +0700] "GET / HTTP/1.1" 301 229 "-" "Go-http-client/1.1"
103.234.210.242 - - [07/Nov/2021:19:14:59 +0700] "GET / HTTP/1.1" 301 229 "-" "Go-http-client/1.1"
51.132.227.163 - - [07/Nov/2021:19:25:50 +0700] "GET / HTTP/1.1" 301 229 "-" "Mozilla/5.0 (Windows NT 10.0; Win64; x64) AppleWebKit/537.36 (KHTML, like Gecko) Chrome/63.0.3239.132 Safari/537.36"
103.234.210.242 - - [07/Nov/2021:19:40:12 +0700] "GET / HTTP/1.1" 301 229 "-" "Go-http-client/1.1"
103.234.210.242 - - [07/Nov/2021:20:10:51 +0700] "GET / HTTP/1.1" 301 229 "-" "Go-http-client/1.1"
207.46.13.58 - - [07/Nov/2021:20:33:42 +0700] "GET / HTTP/1.1" 301 229 "-" "Mozilla/5.0 (compatible; bingbot/2.0; +http://www.bing.com/bingbot.htm)"
103.234.210.242 - - [07/Nov/2021:20:42:49 +0700] "GET / HTTP/1.1" 301 229 "-" "Go-http-client/1.1"
103.234.210.242 - - [07/Nov/2021:21:10:39 +0700] "GET / HTTP/1.1" 301 229 "-" "Go-http-client/1.1"
103.234.210.242 - - [07/Nov/2021:21:39:32 +0700] "GET / HTTP/1.1" 301 229 "-" "Go-http-client/1.1"
66.96.224.197 - - [07/Nov/2021:21:57:07 +0700] "GET / HTTP/1.1" 301 229 "-" "Mozilla/5.0 (Windows NT 10.0; Win64; x64) AppleWebKit/537.36 (KHTML, like Gecko) Chrome/94.0.4606.61 Safari/537.36"
114.4.4.137 - - [07/Nov/2021:21:57:08 +0700] "GET / HTTP/1.1" 301 229 "-" "Mozilla/5.0 (Windows NT 10.0; Win64; x64) AppleWebKit/537.36 (KHTML, like Gecko) Chrome/94.0.4606.61 Safari/537.36"
103.234.210.242 - - [07/Nov/2021:22:10:46 +0700] "GET / HTTP/1.1" 301 229 "-" "Go-http-client/1.1"
66.249.71.36 - - [07/Nov/2021:22:39:54 +0700] "GET /robots.txt HTTP/1.1" 301 239 "-" "Mozilla/5.0 (compatible; Googlebot/2.1; +http://www.google.com/bot.html)"
66.249.71.34 - - [07/Nov/2021:22:39:55 +0700] "GET /ads.txt HTTP/1.1" 301 236 "-" "Mozilla/5.0 (compatible; Googlebot/2.1; +http://www.google.com/bot.html)"
103.234.210.242 - - [07/Nov/2021:22:40:59 +0700] "GET / HTTP/1.1" 301 229 "-" "Go-http-client/1.1"
103.234.210.242 - - [07/Nov/2021:23:09:46 +0700] "GET / HTTP/1.1" 301 229 "-" "Go-http-client/1.1"
103.234.210.242 - - [07/Nov/2021:23:40:51 +0700] "GET / HTTP/1.1" 301 229 "-" "Go-http-client/1.1"
103.234.210.242 - - [08/Nov/2021:00:11:07 +0700] "GET / HTTP/1.1" 301 229 "-" "Go-http-client/1.1"
103.234.210.242 - - [08/Nov/2021:00:38:21 +0700] "GET / HTTP/1.1" 301 229 "-" "Go-http-client/1.1"
103.234.210.242 - - [08/Nov/2021:00:44:36 +0700] "GET /.well-known/pki-validation/D514C98FC2828572B51DDD7D464F842E.txt HTTP/1.1" 301 292 "-" "COMODO DCV"
103.234.210.242 - - [08/Nov/2021:00:44:36 +0700] "GET /.well-known/pki-validation/EA14451391C5E696045A4EE43CCDBF4C.txt HTTP/1.1" 301 296 "-" "COMODO DCV"
103.234.210.242 - - [08/Nov/2021:01:08:00 +0700] "GET / HTTP/1.1" 301 229 "-" "Go-http-client/1.1"
103.234.210.242 - - [08/Nov/2021:01:38:06 +0700] "GET / HTTP/1.1" 301 229 "-" "Go-http-client/1.1"
103.234.210.242 - - [08/Nov/2021:02:08:16 +0700] "GET / HTTP/1.1" 301 229 "-" "Go-http-client/1.1"
103.234.210.242 - - [08/Nov/2021:02:38:40 +0700] "GET / HTTP/1.1" 301 229 "-" "Go-http-client/1.1"
103.234.210.242 - - [08/Nov/2021:03:08:09 +0700] "GET / HTTP/1.1" 301 229 "-" "Go-http-client/1.1"
103.234.210.242 - - [08/Nov/2021:03:37:54 +0700] "GET / HTTP/1.1" 301 229 "-" "Go-http-client/1.1"
103.234.210.242 - - [08/Nov/2021:04:08:09 +0700] "GET / HTTP/1.1" 301 229 "-" "Go-http-client/1.1"
103.234.210.242 - - [08/Nov/2021:04:38:13 +0700] "GET / HTTP/1.1" 301 229 "-" "Go-http-client/1.1"
103.234.210.242 - - [08/Nov/2021:05:07:17 +0700] "GET / HTTP/1.1" 301 229 "-" "Go-http-client/1.1"
103.234.210.242 - - [08/Nov/2021:05:38:32 +0700] "GET / HTTP/1.1" 301 229 "-" "Go-http-client/1.1"
103.234.210.242 - - [08/Nov/2021:06:08:23 +0700] "GET / HTTP/1.1" 301 229 "-" "Go-http-client/1.1"
103.234.210.242 - - [08/Nov/2021:06:37:07 +0700] "GET / HTTP/1.1" 301 229 "-" "Go-http-client/1.1"
120.188.35.38 - - [08/Nov/2021:06:54:21 +0700] "GET / HTTP/1.1" 301 229 "-" "Mozilla/5.0 (Linux; Android 9; 8002) AppleWebKit/537.36 (KHTML, like Gecko) Chrome/95.0.4638.74 Mobile Safari/537.36"
103.234.210.242 - - [08/Nov/2021:07:07:42 +0700] "GET / HTTP/1.1" 301 229 "-" "Go-http-client/1.1"
103.234.210.242 - - [08/Nov/2021:07:38:15 +0700] "GET / HTTP/1.1" 301 229 "-" "Go-http-client/1.1"
207.46.13.58 - - [08/Nov/2021:08:00:58 +0700] "GET / HTTP/1.1" 301 229 "-" "Mozilla/5.0 (compatible; bingbot/2.0; +http://www.bing.com/bingbot.htm)"
103.234.210.242 - - [08/Nov/2021:08:07:21 +0700] "GET / HTTP/1.1" 301 229 "-" "Go-http-client/1.1"
103.234.210.242 - - [08/Nov/2021:08:39:39 +0700] "GET / HTTP/1.1" 301 229 "-" "Go-http-client/1.1"
103.234.210.242 - - [08/Nov/2021:09:10:18 +0700] "GET / HTTP/1.1" 301 229 "-" "Go-http-client/1.1"
103.234.210.242 - - [08/Nov/2021:09:38:49 +0700] "GET / HTTP/1.1" 301 229 "-" "Go-http-client/1.1"
103.234.210.242 - - [08/Nov/2021:10:08:06 +0700] "GET / HTTP/1.1" 301 229 "-" "Go-http-client/1.1"
103.234.210.242 - - [08/Nov/2021:10:37:31 +0700] "GET / HTTP/1.1" 301 229 "-" "Go-http-client/1.1"
103.234.210.242 - - [08/Nov/2021:11:08:24 +0700] "GET / HTTP/1.1" 301 229 "-" "Go-http-client/1.1"
185.165.116.22 - - [08/Nov/2021:11:26:40 +0700] "GET /wp-login.php HTTP/1.1" 301 245 "-" "Mozilla/5.0 (X11; Ubuntu; Linux x86_64; rv:62.0) Gecko/20100101 Firefox/62.0"
103.234.210.242 - - [08/Nov/2021:11:39:29 +0700] "GET / HTTP/1.1" 301 229 "-" "Go-http-client/1.1"
103.234.210.242 - - [08/Nov/2021:12:15:53 +0700] "GET / HTTP/1.1" 301 229 "-" "Go-http-client/1.1"
66.249.71.34 - - [08/Nov/2021:12:35:40 +0700] "GET /robots.txt HTTP/1.1" 301 239 "-" "Mozilla/5.0 (compatible; Googlebot/2.1; +http://www.google.com/bot.html)"
66.249.71.34 - - [08/Nov/2021:12:35:41 +0700] "GET / HTTP/1.1" 301 229 "-" "Mozilla/5.0 (Linux; Android 6.0.1; Nexus 5X Build/MMB29P) AppleWebKit/537.36 (KHTML, like Gecko) Chrome/95.0.4638.69 Mobile Safari/537.36 (compatible; Googlebot/2.1; +http://www.google.com/bot.html)"
103.234.210.242 - - [08/Nov/2021:12:43:40 +0700] "GET / HTTP/1.1" 301 229 "-" "Go-http-client/1.1"
103.234.210.242 - - [08/Nov/2021:13:02:10 +0700] "GET / HTTP/1.1" 301 229 "-" "Go-http-client/1.1"
103.234.210.242 - - [08/Nov/2021:13:31:02 +0700] "GET / HTTP/1.1" 301 229 "-" "Go-http-client/1.1"
103.234.210.242 - - [08/Nov/2021:14:06:22 +0700] "GET / HTTP/1.1" 301 229 "-" "Go-http-client/1.1"
66.249.71.36 - - [08/Nov/2021:14:21:19 +0700] "GET /ads.txt HTTP/1.1" 301 236 "-" "Mozilla/5.0 (compatible; Googlebot/2.1; +http://www.google.com/bot.html)"
66.249.71.36 - - [08/Nov/2021:14:21:20 +0700] "GET /app-ads.txt HTTP/1.1" 301 240 "-" "Google-adstxt"
103.234.210.242 - - [08/Nov/2021:14:37:27 +0700] "GET / HTTP/1.1" 301 229 "-" "Go-http-client/1.1"
103.234.210.242 - - [08/Nov/2021:15:08:49 +0700] "GET / HTTP/1.1" 301 229 "-" "Go-http-client/1.1"
103.234.210.242 - - [08/Nov/2021:15:37:05 +0700] "GET / HTTP/1.1" 301 229 "-" "Go-http-client/1.1"
103.234.210.242 - - [08/Nov/2021:16:10:26 +0700] "GET / HTTP/1.1" 301 229 "-" "Go-http-client/1.1"
103.234.210.242 - - [08/Nov/2021:16:37:08 +0700] "GET / HTTP/1.1" 301 229 "-" "Go-http-client/1.1"
103.234.210.242 - - [08/Nov/2021:17:03:17 +0700] "GET / HTTP/1.1" 301 229 "-" "Go-http-client/1.1"
157.55.39.19 - - [08/Nov/2021:17:34:42 +0700] "GET /robots.txt HTTP/1.1" 301 239 "-" "Mozilla/5.0 (compatible; bingbot/2.0; +http://www.bing.com/bingbot.htm)"
207.46.13.58 - - [08/Nov/2021:17:34:53 +0700] "GET / HTTP/1.1" 301 229 "-" "Mozilla/5.0 (compatible; bingbot/2.0; +http://www.bing.com/bingbot.htm)"
103.234.210.242 - - [08/Nov/2021:17:38:58 +0700] "GET / HTTP/1.1" 301 229 "-" "Go-http-client/1.1"
66.249.71.112 - - [08/Nov/2021:17:41:39 +0700] "GET /robots.txt HTTP/1.1" 301 243 "-" "Mozilla/5.0 (compatible; Googlebot/2.1; +http://www.google.com/bot.html)"
66.249.71.116 - - [08/Nov/2021:17:41:40 +0700] "GET / HTTP/1.1" 301 233 "-" "Mozilla/5.0 (Linux; Android 6.0.1; Nexus 5X Build/MMB29P) AppleWebKit/537.36 (KHTML, like Gecko) Chrome/95.0.4638.69 Mobile Safari/537.36 (compatible; Googlebot/2.1; +http://www.google.com/bot.html)"
103.234.210.242 - - [08/Nov/2021:18:08:59 +0700] "GET / HTTP/1.1" 301 229 "-" "Go-http-client/1.1"
103.234.210.242 - - [08/Nov/2021:18:31:04 +0700] "GET / HTTP/1.1" 301 229 "-" "Go-http-client/1.1"
103.234.210.242 - - [08/Nov/2021:19:10:15 +0700] "GET / HTTP/1.1" 301 229 "-" "Go-http-client/1.1"
103.234.210.242 - - [08/Nov/2021:19:33:28 +0700] "GET / HTTP/1.1" 301 229 "-" "Go-http-client/1.1"
110.138.87.243 - - [08/Nov/2021:19:41:56 +0700] "GET / HTTP/1.1" 301 233 "https://l.instagram.com/" "Mozilla/5.0 (Linux; Android 10; SM-M115F Build/QP1A.190711.020; wv) AppleWebKit/537.36 (KHTML, like Gecko) Version/4.0 Chrome/95.0.4638.74 Mobile Safari/537.36 Instagram 212.0.0.38.119 Android (29/10; 320dpi; 720x1399; samsung; SM-M115F; m11q; qcom; en_US; 329675728)"
103.234.210.242 - - [08/Nov/2021:20:01:10 +0700] "GET / HTTP/1.1" 301 229 "-" "Go-http-client/1.1"
103.234.210.242 - - [08/Nov/2021:20:38:33 +0700] "GET / HTTP/1.1" 301 229 "-" "Go-http-client/1.1"
103.234.210.242 - - [08/Nov/2021:21:07:13 +0700] "GET / HTTP/1.1" 301 229 "-" "Go-http-client/1.1"
103.234.210.242 - - [08/Nov/2021:21:36:08 +0700] "GET / HTTP/1.1" 301 229 "-" "Go-http-client/1.1"
103.234.210.242 - - [08/Nov/2021:22:09:30 +0700] "GET / HTTP/1.1" 301 229 "-" "Go-http-client/1.1"
103.234.210.242 - - [08/Nov/2021:22:31:04 +0700] "GET / HTTP/1.1" 301 229 "-" "Go-http-client/1.1"
34.91.244.199 - - [08/Nov/2021:23:00:16 +0700] "GET /app-ads.txt HTTP/1.1" 301 240 "-" "Mozilla/5.0 (Windows NT 10.0; Win64; x64) AppleWebKit/537.36 (KHTML, like Gecko) Chrome/90.0.4430.212 Safari/537.36/GeC6G5a0-33"
103.234.210.242 - - [08/Nov/2021:23:08:31 +0700] "GET / HTTP/1.1" 301 229 "-" "Go-http-client/1.1"
103.234.210.242 - - [08/Nov/2021:23:31:04 +0700] "GET / HTTP/1.1" 301 229 "-" "Go-http-client/1.1"
103.234.210.242 - - [09/Nov/2021:00:03:52 +0700] "GET / HTTP/1.1" 301 229 "-" "Go-http-client/1.1"
103.234.210.242 - - [09/Nov/2021:00:44:39 +0700] "GET / HTTP/1.1" 301 229 "-" "Go-http-client/1.1"
103.234.210.242 - - [09/Nov/2021:00:45:10 +0700] "GET /.well-known/pki-validation/234C535E7C1C4F1D49405C1D657BB8CD.txt HTTP/1.1" 301 292 "-" "COMODO DCV"
103.234.210.242 - - [09/Nov/2021:00:45:10 +0700] "GET /.well-known/pki-validation/EFB5E07E29E3750A32C10ECB5D49B330.txt HTTP/1.1" 301 296 "-" "COMODO DCV"
103.234.210.242 - - [09/Nov/2021:01:10:45 +0700] "GET / HTTP/1.1" 301 229 "-" "Go-http-client/1.1"
103.234.210.242 - - [09/Nov/2021:01:38:52 +0700] "GET / HTTP/1.1" 301 229 "-" "Go-http-client/1.1"
103.234.210.242 - - [09/Nov/2021:02:08:26 +0700] "GET / HTTP/1.1" 301 229 "-" "Go-http-client/1.1"
103.234.210.242 - - [09/Nov/2021:02:38:32 +0700] "GET / HTTP/1.1" 301 229 "-" "Go-http-client/1.1"
103.234.210.242 - - [09/Nov/2021:03:09:02 +0700] "GET / HTTP/1.1" 301 229 "-" "Go-http-client/1.1"
103.234.210.242 - - [09/Nov/2021:03:39:54 +0700] "GET / HTTP/1.1" 301 229 "-" "Go-http-client/1.1"
103.234.210.242 - - [09/Nov/2021:04:09:32 +0700] "GET / HTTP/1.1" 301 229 "-" "Go-http-client/1.1"
103.234.210.242 - - [09/Nov/2021:04:38:22 +0700] "GET / HTTP/1.1" 301 229 "-" "Go-http-client/1.1"
157.55.39.19 - - [09/Nov/2021:04:59:22 +0700] "GET /robots.txt HTTP/1.1" 301 239 "-" "Mozilla/5.0 (compatible; bingbot/2.0; +http://www.bing.com/bingbot.htm)"
207.46.13.58 - - [09/Nov/2021:04:59:30 +0700] "GET / HTTP/1.1" 301 229 "-" "Mozilla/5.0 (compatible; bingbot/2.0; +http://www.bing.com/bingbot.htm)"
103.234.210.242 - - [09/Nov/2021:05:08:43 +0700] "GET / HTTP/1.1" 301 229 "-" "Go-http-client/1.1"
103.234.210.242 - - [09/Nov/2021:05:39:27 +0700] "GET / HTTP/1.1" 301 229 "-" "Go-http-client/1.1"
103.234.210.242 - - [09/Nov/2021:06:08:45 +0700] "GET / HTTP/1.1" 301 229 "-" "Go-http-client/1.1"
103.234.210.242 - - [09/Nov/2021:06:39:25 +0700] "GET / HTTP/1.1" 301 229 "-" "Go-http-client/1.1"
103.234.210.242 - - [09/Nov/2021:07:10:45 +0700] "GET / HTTP/1.1" 301 229 "-" "Go-http-client/1.1"
103.234.210.242 - - [09/Nov/2021:07:38:46 +0700] "GET / HTTP/1.1" 301 229 "-" "Go-http-client/1.1"
103.234.210.242 - - [09/Nov/2021:08:08:48 +0700] "GET / HTTP/1.1" 301 229 "-" "Go-http-client/1.1"
103.234.210.242 - - [09/Nov/2021:08:39:05 +0700] "GET / HTTP/1.1" 301 229 "-" "Go-http-client/1.1"
103.234.210.242 - - [09/Nov/2021:09:08:35 +0700] "GET / HTTP/1.1" 301 229 "-" "Go-http-client/1.1"
103.234.210.242 - - [09/Nov/2021:09:38:43 +0700] "GET / HTTP/1.1" 301 229 "-" "Go-http-client/1.1"
103.234.210.242 - - [09/Nov/2021:10:08:34 +0700] "GET / HTTP/1.1" 301 229 "-" "Go-http-client/1.1"
103.234.210.242 - - [09/Nov/2021:10:38:29 +0700] "GET / HTTP/1.1" 301 229 "-" "Go-http-client/1.1"
103.234.210.242 - - [09/Nov/2021:11:08:47 +0700] "GET / HTTP/1.1" 301 229 "-" "Go-http-client/1.1"
52.163.223.126 - - [09/Nov/2021:11:29:51 +0700] "GET /wp-login.php HTTP/1.1" 301 241 "-" "Mozilla/5.0 (X11; Ubuntu; Linux x86_64; rv:62.0) Gecko/20100101 Firefox/62.0"
52.163.223.126 - - [09/Nov/2021:11:29:51 +0700] "GET /wp-login.php HTTP/1.1" 301 241 "-" "Mozilla/5.0 (X11; Ubuntu; Linux x86_64; rv:62.0) Gecko/20100101 Firefox/62.0"
103.234.210.242 - - [09/Nov/2021:11:38:53 +0700] "GET / HTTP/1.1" 301 229 "-" "Go-http-client/1.1"
103.234.210.242 - - [09/Nov/2021:12:08:35 +0700] "GET / HTTP/1.1" 301 229 "-" "Go-http-client/1.1"
103.234.210.242 - - [09/Nov/2021:12:38:23 +0700] "GET / HTTP/1.1" 301 229 "-" "Go-http-client/1.1"
103.234.210.242 - - [09/Nov/2021:13:08:46 +0700] "GET / HTTP/1.1" 301 229 "-" "Go-http-client/1.1"
103.234.210.242 - - [09/Nov/2021:13:38:00 +0700] "GET / HTTP/1.1" 301 229 "-" "Go-http-client/1.1"
103.234.210.242 - - [09/Nov/2021:14:07:47 +0700] "GET / HTTP/1.1" 301 229 "-" "Go-http-client/1.1"
207.46.13.58 - - [09/Nov/2021:14:23:53 +0700] "GET / HTTP/1.1" 301 229 "-" "Mozilla/5.0 (compatible; bingbot/2.0; +http://www.bing.com/bingbot.htm)"
103.234.210.242 - - [09/Nov/2021:14:37:47 +0700] "GET / HTTP/1.1" 301 229 "-" "Go-http-client/1.1"
66.249.71.148 - - [09/Nov/2021:14:51:25 +0700] "GET /robots.txt HTTP/1.1" 301 239 "-" "Mozilla/5.0 (compatible; Googlebot/2.1; +http://www.google.com/bot.html)"
66.249.71.150 - - [09/Nov/2021:14:51:26 +0700] "GET /app-ads.txt HTTP/1.1" 301 240 "-" "Google-adstxt"
66.249.71.148 - - [09/Nov/2021:14:51:27 +0700] "GET /ads.txt HTTP/1.1" 301 236 "-" "Mozilla/5.0 (compatible; Googlebot/2.1; +http://www.google.com/bot.html)"
36.37.75.186 - - [09/Nov/2021:14:54:10 +0700] "GET / HTTP/1.1" 301 229 "-" "Mozilla/5.0 (Windows NT 10.0; WOW64) AppleWebKit/537.36 (KHTML, like Gecko) Chrome/63.0.3235.0 Safari/537.36"
103.234.210.242 - - [09/Nov/2021:15:08:03 +0700] "GET / HTTP/1.1" 301 229 "-" "Go-http-client/1.1"
103.234.210.242 - - [09/Nov/2021:15:37:35 +0700] "GET / HTTP/1.1" 301 229 "-" "Go-http-client/1.1"
103.234.210.242 - - [09/Nov/2021:16:07:45 +0700] "GET / HTTP/1.1" 301 229 "-" "Go-http-client/1.1"
92.118.160.1 - - [09/Nov/2021:16:16:59 +0700] "GET / HTTP/1.1" 301 229 "-" "NetSystemsResearch studies the availability of various services across the internet. Our website is netsystemsresearch.com"
103.234.210.242 - - [09/Nov/2021:16:37:35 +0700] "GET / HTTP/1.1" 301 229 "-" "Go-http-client/1.1"
103.234.210.242 - - [09/Nov/2021:17:08:30 +0700] "GET / HTTP/1.1" 301 229 "-" "Go-http-client/1.1"
103.234.210.242 - - [09/Nov/2021:17:37:29 +0700] "GET / HTTP/1.1" 301 229 "-" "Go-http-client/1.1"
140.213.188.213 - - [09/Nov/2021:17:52:10 +0700] "GET / HTTP/1.1" 301 229 "-" "Mozilla/5.0 (iPhone; CPU iPhone OS 15_0_2 like Mac OS X) AppleWebKit/605.1.15 (KHTML, like Gecko) Version/15.0 Mobile/15E148 Safari/604.1"
103.234.210.242 - - [09/Nov/2021:18:07:35 +0700] "GET / HTTP/1.1" 301 229 "-" "Go-http-client/1.1"
103.234.210.242 - - [09/Nov/2021:18:37:22 +0700] "GET / HTTP/1.1" 301 229 "-" "Go-http-client/1.1"
34.77.162.2 - - [09/Nov/2021:18:52:12 +0700] "GET / HTTP/1.1" 301 229 "-" "Expanse indexes the network perimeters of our customers. If you have any questions or concerns, please reach out to: scaninfo@expanseinc.com"
103.234.210.242 - - [09/Nov/2021:19:07:41 +0700] "GET / HTTP/1.1" 301 229 "-" "Go-http-client/1.1"
103.234.210.242 - - [09/Nov/2021:19:37:20 +0700] "GET / HTTP/1.1" 301 229 "-" "Go-http-client/1.1"
103.234.210.242 - - [09/Nov/2021:20:07:37 +0700] "GET / HTTP/1.1" 301 229 "-" "Go-http-client/1.1"
103.234.210.242 - - [09/Nov/2021:20:37:22 +0700] "GET / HTTP/1.1" 301 229 "-" "Go-http-client/1.1"
103.234.210.242 - - [09/Nov/2021:21:07:59 +0700] "GET / HTTP/1.1" 301 229 "-" "Go-http-client/1.1"
103.234.210.242 - - [09/Nov/2021:21:37:44 +0700] "GET / HTTP/1.1" 301 229 "-" "Go-http-client/1.1"
103.234.210.242 - - [09/Nov/2021:22:07:39 +0700] "GET / HTTP/1.1" 301 229 "-" "Go-http-client/1.1"
103.234.210.242 - - [09/Nov/2021:22:39:16 +0700] "GET / HTTP/1.1" 301 229 "-" "Go-http-client/1.1"
103.234.210.242 - - [09/Nov/2021:23:08:03 +0700] "GET / HTTP/1.1" 301 229 "-" "Go-http-client/1.1"
103.234.210.242 - - [09/Nov/2021:23:38:46 +0700] "GET / HTTP/1.1" 301 229 "-" "Go-http-client/1.1"
103.234.210.242 - - [10/Nov/2021:00:06:04 +0700] "GET / HTTP/1.1" 301 229 "-" "Go-http-client/1.1"
103.234.210.242 - - [10/Nov/2021:00:36:25 +0700] "GET / HTTP/1.1" 301 229 "-" "Go-http-client/1.1"
103.234.210.242 - - [10/Nov/2021:00:45:12 +0700] "GET /.well-known/pki-validation/64721DBB864FB6A67F8139832866A3FE.txt HTTP/1.1" 301 292 "-" "COMODO DCV"
103.234.210.242 - - [10/Nov/2021:00:45:12 +0700] "GET /.well-known/pki-validation/CEC80DAA55388EC14E6E917F8CF51B97.txt HTTP/1.1" 301 296 "-" "COMODO DCV"
207.46.13.58 - - [10/Nov/2021:00:49:05 +0700] "GET / HTTP/1.1" 301 229 "-" "Mozilla/5.0 (compatible; bingbot/2.0; +http://www.bing.com/bingbot.htm)"
103.234.210.242 - - [10/Nov/2021:01:05:29 +0700] "GET / HTTP/1.1" 301 229 "-" "Go-http-client/1.1"
103.234.210.242 - - [10/Nov/2021:01:35:26 +0700] "GET / HTTP/1.1" 301 229 "-" "Go-http-client/1.1"
103.234.210.242 - - [10/Nov/2021:02:05:32 +0700] "GET / HTTP/1.1" 301 229 "-" "Go-http-client/1.1"
103.234.210.242 - - [10/Nov/2021:02:35:24 +0700] "GET / HTTP/1.1" 301 229 "-" "Go-http-client/1.1"
93.158.161.34 - - [10/Nov/2021:02:48:05 +0700] "GET /robots.txt HTTP/1.1" 301 239 "-" "Mozilla/5.0 (compatible; YandexBot/3.0; +http://yandex.com/bots)"
77.88.5.30 - - [10/Nov/2021:02:48:09 +0700] "GET / HTTP/1.1" 301 229 "-" "Mozilla/5.0 (compatible; YandexBot/3.0; +http://yandex.com/bots)"
103.234.210.242 - - [10/Nov/2021:03:06:58 +0700] "GET / HTTP/1.1" 301 229 "-" "Go-http-client/1.1"
103.234.210.242 - - [10/Nov/2021:03:35:01 +0700] "GET / HTTP/1.1" 301 229 "-" "Go-http-client/1.1"
103.234.210.242 - - [10/Nov/2021:04:04:32 +0700] "GET / HTTP/1.1" 301 229 "-" "Go-http-client/1.1"
103.234.210.242 - - [10/Nov/2021:04:34:55 +0700] "GET / HTTP/1.1" 301 229 "-" "Go-http-client/1.1"
103.234.210.242 - - [10/Nov/2021:05:05:10 +0700] "GET / HTTP/1.1" 301 229 "-" "Go-http-client/1.1"
66.249.71.146 - - [10/Nov/2021:05:33:43 +0700] "GET /robots.txt HTTP/1.1" 301 239 "-" "Mozilla/5.0 (compatible; Googlebot/2.1; +http://www.google.com/bot.html)"
66.249.71.148 - - [10/Nov/2021:05:33:44 +0700] "GET / HTTP/1.1" 301 229 "-" "Mozilla/5.0 (compatible; Googlebot/2.1; +http://www.google.com/bot.html)"
103.234.210.242 - - [10/Nov/2021:05:34:45 +0700] "GET / HTTP/1.1" 301 229 "-" "Go-http-client/1.1"
103.234.210.242 - - [10/Nov/2021:06:04:53 +0700] "GET / HTTP/1.1" 301 229 "-" "Go-http-client/1.1"
103.234.210.242 - - [10/Nov/2021:06:35:14 +0700] "GET / HTTP/1.1" 301 229 "-" "Go-http-client/1.1"
103.234.210.242 - - [10/Nov/2021:07:04:14 +0700] "GET / HTTP/1.1" 301 229 "-" "Go-http-client/1.1"
103.234.210.242 - - [10/Nov/2021:07:34:40 +0700] "GET / HTTP/1.1" 301 229 "-" "Go-http-client/1.1"
103.234.210.242 - - [10/Nov/2021:08:04:49 +0700] "GET / HTTP/1.1" 301 229 "-" "Go-http-client/1.1"
103.234.210.242 - - [10/Nov/2021:08:34:47 +0700] "GET / HTTP/1.1" 301 229 "-" "Go-http-client/1.1"
103.234.210.242 - - [10/Nov/2021:09:05:39 +0700] "GET / HTTP/1.1" 301 229 "-" "Go-http-client/1.1"
103.234.210.242 - - [10/Nov/2021:09:33:50 +0700] "GET / HTTP/1.1" 301 229 "-" "Go-http-client/1.1"
103.234.210.242 - - [10/Nov/2021:10:03:57 +0700] "GET / HTTP/1.1" 301 229 "-" "Go-http-client/1.1"
34.96.130.1 - - [10/Nov/2021:10:07:38 +0700] "GET / HTTP/1.1" 301 233 "-" "Expanse indexes the network perimeters of our customers. If you have any questions or concerns, please reach out to: scaninfo@expanseinc.com"
45.129.18.110 - - [10/Nov/2021:10:25:26 +0700] "HEAD / HTTP/1.1" 301 - "-" "Mozilla/5.0 (Macintosh; Intel Mac OS X 10_9_3) AppleWebKit/537.36 (KHTML, like Gecko) Chrome/35.0.1916.47 Safari/537.36"
103.234.210.242 - - [10/Nov/2021:10:34:03 +0700] "GET / HTTP/1.1" 301 229 "-" "Go-http-client/1.1"
103.234.210.242 - - [10/Nov/2021:11:04:18 +0700] "GET / HTTP/1.1" 301 229 "-" "Go-http-client/1.1"
103.234.210.242 - - [10/Nov/2021:11:34:13 +0700] "GET / HTTP/1.1" 301 229 "-" "Go-http-client/1.1"
207.46.13.58 - - [10/Nov/2021:11:41:39 +0700] "GET / HTTP/1.1" 301 229 "-" "Mozilla/5.0 (compatible; bingbot/2.0; +http://www.bing.com/bingbot.htm)"
103.234.210.242 - - [10/Nov/2021:12:04:20 +0700] "GET / HTTP/1.1" 301 229 "-" "Go-http-client/1.1"
103.234.210.242 - - [10/Nov/2021:12:35:17 +0700] "GET / HTTP/1.1" 301 229 "-" "Go-http-client/1.1"
103.234.210.242 - - [10/Nov/2021:13:05:16 +0700] "GET / HTTP/1.1" 301 229 "-" "Go-http-client/1.1"
103.234.210.242 - - [10/Nov/2021:13:35:04 +0700] "GET / HTTP/1.1" 301 229 "-" "Go-http-client/1.1"
103.234.210.242 - - [10/Nov/2021:14:04:27 +0700] "GET / HTTP/1.1" 301 229 "-" "Go-http-client/1.1"
103.234.210.242 - - [10/Nov/2021:14:34:13 +0700] "GET / HTTP/1.1" 301 229 "-" "Go-http-client/1.1"
66.249.71.148 - - [10/Nov/2021:14:51:30 +0700] "GET /app-ads.txt HTTP/1.1" 301 240 "-" "Google-adstxt"
66.249.71.148 - - [10/Nov/2021:14:51:31 +0700] "GET /ads.txt HTTP/1.1" 301 236 "-" "Mozilla/5.0 (compatible; Googlebot/2.1; +http://www.google.com/bot.html)"
103.234.210.242 - - [10/Nov/2021:15:04:23 +0700] "GET / HTTP/1.1" 301 229 "-" "Go-http-client/1.1"
103.234.210.242 - - [10/Nov/2021:15:35:22 +0700] "GET / HTTP/1.1" 301 229 "-" "Go-http-client/1.1"
66.249.71.146 - - [10/Nov/2021:15:56:36 +0700] "GET / HTTP/1.1" 301 229 "-" "Mozilla/5.0 (Linux; Android 6.0.1; Nexus 5X Build/MMB29P) AppleWebKit/537.36 (KHTML, like Gecko) Chrome/95.0.4638.69 Mobile Safari/537.36 (compatible; Googlebot/2.1; +http://www.google.com/bot.html)"
103.234.210.242 - - [10/Nov/2021:16:04:30 +0700] "GET / HTTP/1.1" 301 229 "-" "Go-http-client/1.1"
103.234.210.242 - - [10/Nov/2021:16:34:30 +0700] "GET / HTTP/1.1" 301 229 "-" "Go-http-client/1.1"
103.234.210.242 - - [10/Nov/2021:17:04:17 +0700] "GET / HTTP/1.1" 301 229 "-" "Go-http-client/1.1"
103.234.210.242 - - [10/Nov/2021:17:34:06 +0700] "GET / HTTP/1.1" 301 229 "-" "Go-http-client/1.1"
103.234.210.242 - - [10/Nov/2021:18:04:28 +0700] "GET / HTTP/1.1" 301 229 "-" "Go-http-client/1.1"
103.234.210.242 - - [10/Nov/2021:18:34:39 +0700] "GET / HTTP/1.1" 301 229 "-" "Go-http-client/1.1"
103.234.210.242 - - [10/Nov/2021:19:06:10 +0700] "GET / HTTP/1.1" 301 229 "-" "Go-http-client/1.1"
103.234.210.242 - - [10/Nov/2021:19:34:58 +0700] "GET / HTTP/1.1" 301 229 "-" "Go-http-client/1.1"
103.234.210.242 - - [10/Nov/2021:20:05:21 +0700] "GET / HTTP/1.1" 301 229 "-" "Go-http-client/1.1"
103.234.210.242 - - [10/Nov/2021:20:34:12 +0700] "GET / HTTP/1.1" 301 229 "-" "Go-http-client/1.1"
103.234.210.242 - - [10/Nov/2021:21:05:15 +0700] "GET / HTTP/1.1" 301 229 "-" "Go-http-client/1.1"
207.46.13.58 - - [10/Nov/2021:21:17:56 +0700] "GET / HTTP/1.1" 301 229 "-" "Mozilla/5.0 (compatible; bingbot/2.0; +http://www.bing.com/bingbot.htm)"
103.234.210.242 - - [10/Nov/2021:21:35:19 +0700] "GET / HTTP/1.1" 301 229 "-" "Go-http-client/1.1"
103.234.210.242 - - [10/Nov/2021:22:05:15 +0700] "GET / HTTP/1.1" 301 229 "-" "Go-http-client/1.1"
103.234.210.242 - - [10/Nov/2021:22:15:33 +0700] "GET / HTTP/1.1" 301 229 "-" "Go-http-client/1.1"
103.234.210.242 - - [10/Nov/2021:22:45:40 +0700] "GET / HTTP/1.1" 301 229 "-" "Go-http-client/1.1"
66.249.71.146 - - [10/Nov/2021:22:53:27 +0700] "GET /robots.txt HTTP/1.1" 301 239 "-" "Mozilla/5.0 (compatible; Googlebot/2.1; +http://www.google.com/bot.html)"
103.234.210.242 - - [10/Nov/2021:23:15:28 +0700] "GET / HTTP/1.1" 301 229 "-" "Go-http-client/1.1"
15.236.226.168 - - [10/Nov/2021:23:32:31 +0700] "GET / HTTP/1.1" 301 229 "-" "Mozilla/5.0 (Windows NT 10.0; Win64; x64) AppleWebKit/537.36 (KHTML, like Gecko) Chrome/88.0.4240.193 Safari/537.36"
103.234.210.242 - - [10/Nov/2021:23:46:05 +0700] "GET / HTTP/1.1" 301 229 "-" "Go-http-client/1.1"
103.234.210.242 - - [11/Nov/2021:00:03:54 +0700] "GET / HTTP/1.1" 301 229 "-" "Go-http-client/1.1"
203.114.75.162 - - [11/Nov/2021:00:18:09 +0700] "GET / HTTP/1.0" 301 229 "-" "bot"
3.66.191.169 - - [11/Nov/2021:00:19:10 +0700] "HEAD / HTTP/1.1" 301 - "-" "Mozilla/5.0 (Macintosh; Intel Mac OS X 10_15_7) AppleWebKit/537.36 (KHTML, like Gecko) Chrome/92.0.4515.107 Safari/537.36"
103.234.210.242 - - [11/Nov/2021:00:35:26 +0700] "GET / HTTP/1.1" 301 229 "-" "Go-http-client/1.1"
103.234.210.242 - - [11/Nov/2021:00:43:59 +0700] "GET /.well-known/pki-validation/2038E11DDF72B0E89ECEF7F33349455A.txt HTTP/1.1" 301 292 "-" "COMODO DCV"
103.234.210.242 - - [11/Nov/2021:00:43:59 +0700] "GET /.well-known/pki-validation/91B529A4EC7A6507A49ECC15A96F1738.txt HTTP/1.1" 301 296 "-" "COMODO DCV"
103.234.210.242 - - [11/Nov/2021:01:04:46 +0700] "GET / HTTP/1.1" 301 229 "-" "Go-http-client/1.1"
103.234.210.242 - - [11/Nov/2021:01:34:42 +0700] "GET / HTTP/1.1" 301 229 "-" "Go-http-client/1.1"
103.234.210.242 - - [11/Nov/2021:02:05:54 +0700] "GET / HTTP/1.1" 301 229 "-" "Go-http-client/1.1"
103.234.210.242 - - [11/Nov/2021:02:34:48 +0700] "GET / HTTP/1.1" 301 229 "-" "Go-http-client/1.1"
103.234.210.242 - - [11/Nov/2021:03:06:02 +0700] "GET / HTTP/1.1" 301 229 "-" "Go-http-client/1.1"
103.234.210.242 - - [11/Nov/2021:03:37:01 +0700] "GET / HTTP/1.1" 301 229 "-" "Go-http-client/1.1"
103.234.210.242 - - [11/Nov/2021:04:05:14 +0700] "GET / HTTP/1.1" 301 229 "-" "Go-http-client/1.1"
42.200.169.14 - - [11/Nov/2021:04:24:20 +0700] "GET /wp-login.php HTTP/1.1" 301 241 "-" "Mozilla/5.0 (X11; Ubuntu; Linux x86_64; rv:62.0) Gecko/20100101 Firefox/62.0"
103.234.210.242 - - [11/Nov/2021:04:34:38 +0700] "GET / HTTP/1.1" 301 229 "-" "Go-http-client/1.1"
103.234.210.242 - - [11/Nov/2021:05:06:47 +0700] "GET / HTTP/1.1" 301 229 "-" "Go-http-client/1.1"
103.234.210.242 - - [11/Nov/2021:05:36:16 +0700] "GET / HTTP/1.1" 301 229 "-" "Go-http-client/1.1"
103.234.210.242 - - [11/Nov/2021:06:04:13 +0700] "GET / HTTP/1.1" 301 229 "-" "Go-http-client/1.1"
103.234.210.242 - - [11/Nov/2021:06:36:42 +0700] "GET / HTTP/1.1" 301 229 "-" "Go-http-client/1.1"
103.234.210.242 - - [11/Nov/2021:07:05:31 +0700] "GET / HTTP/1.1" 301 229 "-" "Go-http-client/1.1"
103.234.210.242 - - [11/Nov/2021:07:34:02 +0700] "GET / HTTP/1.1" 301 229 "-" "Go-http-client/1.1"
66.249.71.13 - - [11/Nov/2021:07:46:28 +0700] "GET /robots.txt HTTP/1.1" 301 243 "-" "Mozilla/5.0 (compatible; Googlebot/2.1; +http://www.google.com/bot.html)"
66.249.71.17 - - [11/Nov/2021:07:46:29 +0700] "GET / HTTP/1.1" 301 233 "-" "Mozilla/5.0 (Linux; Android 6.0.1; Nexus 5X Build/MMB29P) AppleWebKit/537.36 (KHTML, like Gecko) Chrome/95.0.4638.69 Mobile Safari/537.36 (compatible; Googlebot/2.1; +http://www.google.com/bot.html)"
103.234.210.242 - - [11/Nov/2021:08:04:13 +0700] "GET / HTTP/1.1" 301 229 "-" "Go-http-client/1.1"
103.234.210.242 - - [11/Nov/2021:08:33:59 +0700] "GET / HTTP/1.1" 301 229 "-" "Go-http-client/1.1"
157.55.39.19 - - [11/Nov/2021:08:58:46 +0700] "GET /robots.txt HTTP/1.1" 301 239 "-" "Mozilla/5.0 (compatible; bingbot/2.0; +http://www.bing.com/bingbot.htm)"
207.46.13.58 - - [11/Nov/2021:08:58:53 +0700] "GET / HTTP/1.1" 301 229 "-" "Mozilla/5.0 (compatible; bingbot/2.0; +http://www.bing.com/bingbot.htm)"
103.234.210.242 - - [11/Nov/2021:09:04:30 +0700] "GET / HTTP/1.1" 301 229 "-" "Go-http-client/1.1"
103.234.210.242 - - [11/Nov/2021:09:33:44 +0700] "GET / HTTP/1.1" 301 229 "-" "Go-http-client/1.1"
103.234.210.242 - - [11/Nov/2021:10:04:36 +0700] "GET / HTTP/1.1" 301 229 "-" "Go-http-client/1.1"
103.234.210.242 - - [11/Nov/2021:10:35:06 +0700] "GET / HTTP/1.1" 301 229 "-" "Go-http-client/1.1"
103.234.210.242 - - [11/Nov/2021:11:05:42 +0700] "GET / HTTP/1.1" 301 229 "-" "Go-http-client/1.1"
103.234.210.242 - - [11/Nov/2021:11:35:40 +0700] "GET / HTTP/1.1" 301 229 "-" "Go-http-client/1.1"
54.36.148.215 - - [11/Nov/2021:11:59:37 +0700] "GET /robots.txt HTTP/1.1" 301 243 "-" "Mozilla/5.0 (compatible; AhrefsBot/7.0; +http://ahrefs.com/robot/)"
103.234.210.242 - - [11/Nov/2021:12:06:20 +0700] "GET / HTTP/1.1" 301 229 "-" "Go-http-client/1.1"
103.234.210.242 - - [11/Nov/2021:12:35:00 +0700] "GET / HTTP/1.1" 301 229 "-" "Go-http-client/1.1"
64.37.52.2 - - [11/Nov/2021:12:35:41 +0700] "GET /wp-login.php HTTP/1.1" 301 245 "-" "Mozilla/5.0 (X11; Ubuntu; Linux x86_64; rv:62.0) Gecko/20100101 Firefox/62.0"
103.234.210.242 - - [11/Nov/2021:13:06:53 +0700] "GET / HTTP/1.1" 301 229 "-" "Go-http-client/1.1"
103.234.210.242 - - [11/Nov/2021:13:36:16 +0700] "GET / HTTP/1.1" 301 229 "-" "Go-http-client/1.1"
